Archive member included to satisfy reference by file (symbol)

/usr/lib/gcc/arm-none-eabi/10.3.1/thumb/v6-m/nofp/libgcc.a(_dvmd_tls.o)
                              CMakeFiles/bms.dir/home/alfaugus/raspberry/pico/pico-sdk/src/rp2_common/pico_divider/divider_hardware.S.obj (__aeabi_idiv0)
/usr/lib/gcc/arm-none-eabi/10.3.1/../../../arm-none-eabi/lib/thumb/v6-m/nofp/libg.a(lib_a-atexit.o)
                              /usr/lib/gcc/arm-none-eabi/10.3.1/../../../arm-none-eabi/lib/thumb/v6-m/nofp/crt0.o (atexit)
/usr/lib/gcc/arm-none-eabi/10.3.1/../../../arm-none-eabi/lib/thumb/v6-m/nofp/libg.a(lib_a-calloc.o)
                              CMakeFiles/bms.dir/home/alfaugus/raspberry/pico/pico-sdk/src/rp2_common/pico_malloc/malloc.c.obj (calloc)
/usr/lib/gcc/arm-none-eabi/10.3.1/../../../arm-none-eabi/lib/thumb/v6-m/nofp/libg.a(lib_a-callocr.o)
                              /usr/lib/gcc/arm-none-eabi/10.3.1/../../../arm-none-eabi/lib/thumb/v6-m/nofp/libg.a(lib_a-calloc.o) (_calloc_r)
/usr/lib/gcc/arm-none-eabi/10.3.1/../../../arm-none-eabi/lib/thumb/v6-m/nofp/libg.a(lib_a-fini.o)
                              /usr/lib/gcc/arm-none-eabi/10.3.1/../../../arm-none-eabi/lib/thumb/v6-m/nofp/crt0.o (__libc_fini_array)
/usr/lib/gcc/arm-none-eabi/10.3.1/../../../arm-none-eabi/lib/thumb/v6-m/nofp/libg.a(lib_a-impure.o)
                              /usr/lib/gcc/arm-none-eabi/10.3.1/../../../arm-none-eabi/lib/thumb/v6-m/nofp/libg.a(lib_a-calloc.o) (_impure_ptr)
/usr/lib/gcc/arm-none-eabi/10.3.1/../../../arm-none-eabi/lib/thumb/v6-m/nofp/libg.a(lib_a-init.o)
                              /usr/lib/gcc/arm-none-eabi/10.3.1/../../../arm-none-eabi/lib/thumb/v6-m/nofp/crt0.o (__libc_init_array)
/usr/lib/gcc/arm-none-eabi/10.3.1/../../../arm-none-eabi/lib/thumb/v6-m/nofp/libg.a(lib_a-lcltime_r.o)
                              CMakeFiles/bms.dir/home/alfaugus/raspberry/pico/pico-sdk/src/common/pico_util/datetime.c.obj (localtime_r)
/usr/lib/gcc/arm-none-eabi/10.3.1/../../../arm-none-eabi/lib/thumb/v6-m/nofp/libg.a(lib_a-malloc.o)
                              CMakeFiles/bms.dir/home/alfaugus/raspberry/pico/pico-sdk/src/rp2_common/pico_malloc/malloc.c.obj (malloc)
/usr/lib/gcc/arm-none-eabi/10.3.1/../../../arm-none-eabi/lib/thumb/v6-m/nofp/libg.a(lib_a-mallocr.o)
                              /usr/lib/gcc/arm-none-eabi/10.3.1/../../../arm-none-eabi/lib/thumb/v6-m/nofp/libg.a(lib_a-callocr.o) (_malloc_r)
/usr/lib/gcc/arm-none-eabi/10.3.1/../../../arm-none-eabi/lib/thumb/v6-m/nofp/libg.a(lib_a-memcmp.o)
                              CMakeFiles/bms.dir/home/alfaugus/raspberry/pico/pico-sdk/src/rp2_common/pico_atomic/atomic.c.obj (memcmp)
/usr/lib/gcc/arm-none-eabi/10.3.1/../../../arm-none-eabi/lib/thumb/v6-m/nofp/libg.a(lib_a-mktime.o)
                              CMakeFiles/bms.dir/home/alfaugus/raspberry/pico/pico-sdk/src/common/pico_util/datetime.c.obj (mktime)
/usr/lib/gcc/arm-none-eabi/10.3.1/../../../arm-none-eabi/lib/thumb/v6-m/nofp/libg.a(lib_a-mlock.o)
                              /usr/lib/gcc/arm-none-eabi/10.3.1/../../../arm-none-eabi/lib/thumb/v6-m/nofp/libg.a(lib_a-mallocr.o) (__malloc_lock)
/usr/lib/gcc/arm-none-eabi/10.3.1/../../../arm-none-eabi/lib/thumb/v6-m/nofp/libg.a(lib_a-month_lengths.o)
                              /usr/lib/gcc/arm-none-eabi/10.3.1/../../../arm-none-eabi/lib/thumb/v6-m/nofp/libg.a(lib_a-lcltime_r.o) (__month_lengths)
/usr/lib/gcc/arm-none-eabi/10.3.1/../../../arm-none-eabi/lib/thumb/v6-m/nofp/libg.a(lib_a-realloc.o)
                              CMakeFiles/bms.dir/home/alfaugus/raspberry/pico/pico-sdk/src/rp2_common/pico_malloc/malloc.c.obj (realloc)
/usr/lib/gcc/arm-none-eabi/10.3.1/../../../arm-none-eabi/lib/thumb/v6-m/nofp/libg.a(lib_a-reallocr.o)
                              /usr/lib/gcc/arm-none-eabi/10.3.1/../../../arm-none-eabi/lib/thumb/v6-m/nofp/libg.a(lib_a-realloc.o) (_realloc_r)
/usr/lib/gcc/arm-none-eabi/10.3.1/../../../arm-none-eabi/lib/thumb/v6-m/nofp/libg.a(lib_a-sbrkr.o)
                              /usr/lib/gcc/arm-none-eabi/10.3.1/../../../arm-none-eabi/lib/thumb/v6-m/nofp/libg.a(lib_a-mallocr.o) (_sbrk_r)
/usr/lib/gcc/arm-none-eabi/10.3.1/../../../arm-none-eabi/lib/thumb/v6-m/nofp/libg.a(lib_a-strlen-stub.o)
                              CMakeFiles/bms.dir/home/alfaugus/raspberry/pico/pico-sdk/src/rp2_common/pico_stdio/stdio.c.obj (strlen)
/usr/lib/gcc/arm-none-eabi/10.3.1/../../../arm-none-eabi/lib/thumb/v6-m/nofp/libg.a(lib_a-tzcalc_limits.o)
                              /usr/lib/gcc/arm-none-eabi/10.3.1/../../../arm-none-eabi/lib/thumb/v6-m/nofp/libg.a(lib_a-lcltime_r.o) (__tzcalc_limits)
/usr/lib/gcc/arm-none-eabi/10.3.1/../../../arm-none-eabi/lib/thumb/v6-m/nofp/libg.a(lib_a-tzlock.o)
                              /usr/lib/gcc/arm-none-eabi/10.3.1/../../../arm-none-eabi/lib/thumb/v6-m/nofp/libg.a(lib_a-lcltime_r.o) (__tz_lock)
/usr/lib/gcc/arm-none-eabi/10.3.1/../../../arm-none-eabi/lib/thumb/v6-m/nofp/libg.a(lib_a-tzset.o)
[...]
Memory Configuration

Name             Origin             Length             Attributes
FLASH            0x0000000010000000 0x0000000000200000 xr
RAM              0x0000000020000000 0x0000000000040000 xrw
SCRATCH_X        0x0000000020040000 0x0000000000001000 xrw
SCRATCH_Y        0x0000000020041000 0x0000000000001000 xrw
*default*        0x0000000000000000 0xffffffffffffffff

Linker script and memory map

LOAD /usr/lib/gcc/arm-none-eabi/10.3.1/thumb/v6-m/nofp/crti.o
LOAD /usr/lib/gcc/arm-none-eabi/10.3.1/thumb/v6-m/nofp/crtbegin.o
LOAD /usr/lib/gcc/arm-none-eabi/10.3.1/../../../arm-none-eabi/lib/thumb/v6-m/nofp/crt0.o

.flash_begin    0x0000000010000000        0x0
                0x0000000010000000                __flash_binary_start = .

.boot2          0x0000000010000000      0x100
                0x0000000010000000                __boot2_start__ = .
 *(.boot2)
 .boot2         0x0000000010000000      0x100 /tmp/ccv2hDiW.o
                0x0000000010000100                __boot2_end__ = .
                0x0000000000000001                ASSERT (((__boot2_end__ - __boot2_start__) == 0x100), ERROR: Pico second stage bootloader must be 256 bytes in size)

.text           0x0000000010000100     0x618c
                0x0000000010000100                __logical_binary_start = .
 *(.vectors)
 .vectors       0x0000000010000100       0xd4 CMakeFiles/bms.dir/home/alfaugus/raspberry/pico/pico-sdk/src/rp2_common/pico_crt0/crt0.S.obj
                0x0000000010000100                __vectors
                0x0000000010000100                __VECTOR_TABLE
                0x00000000100001c0                isr_invalid
                0x00000000100001c0                __default_isrs_start
                0x00000000100001c2                isr_nmi
                0x00000000100001c4                isr_hardfault
                0x00000000100001c6                isr_svcall
                0x00000000100001c8                isr_pendsv
                0x00000000100001ca                isr_systick
                0x00000000100001cc                isr_irq30
                0x00000000100001cc                __unhandled_user_irq
                0x00000000100001cc                isr_irq13
                0x00000000100001cc                isr_irq27
                0x00000000100001cc                isr_irq31
                0x00000000100001cc                isr_irq5
                0x00000000100001cc                isr_irq11
                0x00000000100001cc                isr_irq23
                0x00000000100001cc                isr_irq18
                0x00000000100001cc                isr_irq28
                0x00000000100001cc                isr_irq19
                0x00000000100001cc                isr_irq0
                0x00000000100001cc                isr_irq6
                0x00000000100001cc                isr_irq22
                0x00000000100001cc                isr_irq17
                0x00000000100001cc                isr_irq14
                0x00000000100001cc                isr_irq2
                0x00000000100001cc                isr_irq10
                0x00000000100001cc                isr_irq8
                0x00000000100001cc                isr_irq24
                0x00000000100001cc                isr_irq1
                0x00000000100001cc                isr_irq7
                0x00000000100001cc                isr_irq21
                0x00000000100001cc                isr_irq20
                0x00000000100001cc                isr_irq15
                0x00000000100001cc                isr_irq25
                0x00000000100001cc                isr_irq4
                0x00000000100001cc                isr_irq16
                0x00000000100001cc                isr_irq29
                0x00000000100001cc                isr_irq26
                0x00000000100001cc                __default_isrs_end
                0x00000000100001cc                isr_irq3
                0x00000000100001cc                isr_irq12
                0x00000000100001cc                isr_irq9
                0x00000000100001d2                unhandled_user_irq_num_in_r0
 *(.binary_info_header)
 .binary_info_header
                0x00000000100001d4       0x14 CMakeFiles/bms.dir/home/alfaugus/raspberry/pico/pico-sdk/src/rp2_common/pico_crt0/crt0.S.obj
                0x00000000100001e8                __binary_info_header_end = .
 *(.embedded_block)
                0x00000000100001e8                __embedded_block_end = .
 *(.reset)
 .reset         0x00000000100001e8       0x9c CMakeFiles/bms.dir/home/alfaugus/raspberry/pico/pico-sdk/src/rp2_common/pico_crt0/crt0.S.obj
                0x00000000100001e8                _entry_point
 *(.init)
 .init          0x0000000010000284        0x4 /usr/lib/gcc/arm-none-eabi/10.3.1/thumb/v6-m/nofp/crti.o
                0x0000000010000284                _init
 *(EXCLUDE_FILE(*libm.a: *libc.a:*lib_a-mem*.o *libgcc.a:) .text*)
 .text          0x0000000010000288       0x98 /usr/lib/gcc/arm-none-eabi/10.3.1/thumb/v6-m/nofp/crtbegin.o
 .text.startup.main
                0x0000000010000320       0x90 CMakeFiles/bms.dir/bms.c.obj
                0x0000000010000320                main
 .text.gpio_set_function
                0x00000000100003b0       0x34 CMakeFiles/bms.dir/home/alfaugus/raspberry/pico/pico-sdk/src/rp2_common/hardware_gpio/gpio.c.obj
                0x00000000100003b0                gpio_set_function
 .text.gpio_set_pulls
                0x00000000100003e4       0x34 CMakeFiles/bms.dir/home/alfaugus/raspberry/pico/pico-sdk/src/rp2_common/hardware_gpio/gpio.c.obj
                0x00000000100003e4                gpio_set_pulls
 .text.gpio_set_input_enabled
                0x0000000010000418       0x28 CMakeFiles/bms.dir/home/alfaugus/raspberry/pico/pico-sdk/src/rp2_common/hardware_gpio/gpio.c.obj
                0x0000000010000418                gpio_set_input_enabled
 .text.rp2040_chip_version
                0x0000000010000440        0xc CMakeFiles/bms.dir/home/alfaugus/raspberry/pico/pico-sdk/src/rp2040/pico_platform/platform.c.obj
                0x0000000010000440                rp2040_chip_version
 .text.panic    0x000000001000044c       0x30 CMakeFiles/bms.dir/home/alfaugus/raspberry/pico/pico-sdk/src/rp2_common/pico_platform_panic/panic.c.obj
                0x000000001000044c                panic
 .text.hw_claim_or_assert
                0x000000001000047c       0x44 CMakeFiles/bms.dir/home/alfaugus/raspberry/pico/pico-sdk/src/common/hardware_claim/claim.c.obj
                0x000000001000047c                hw_claim_or_assert
 .text.hw_claim_unused_from_range
                0x00000000100004c0       0x9c CMakeFiles/bms.dir/home/alfaugus/raspberry/pico/pico-sdk/src/common/hardware_claim/claim.c.obj
                0x00000000100004c0                hw_claim_unused_from_range
 .text.next_striped_spin_lock_num
                0x000000001000055c       0x18 CMakeFiles/bms.dir/home/alfaugus/raspberry/pico/pico-sdk/src/rp2_common/hardware_sync/sync.c.obj
                0x000000001000055c                next_striped_spin_lock_num
 .text.spin_lock_claim_unused
                0x0000000010000574       0x20 CMakeFiles/bms.dir/home/alfaugus/raspberry/pico/pico-sdk/src/rp2_common/hardware_sync/sync.c.obj
                0x0000000010000574                spin_lock_claim_unused
 .text.spin_locks_reset
                0x0000000010000594       0x1c CMakeFiles/bms.dir/home/alfaugus/raspberry/pico/pico-sdk/src/rp2_common/hardware_sync_spin_lock/sync_spin_lock.c.obj
                0x0000000010000594                spin_locks_reset
 .text.runtime_init_per_core_irq_priorities
                0x00000000100005b0       0x24 CMakeFiles/bms.dir/home/alfaugus/raspberry/pico/pico-sdk/src/rp2_common/hardware_irq/irq.c.obj
                0x00000000100005b0                runtime_init_per_core_irq_priorities
 .text.irq_set_enabled
                0x00000000100005d4       0x24 CMakeFiles/bms.dir/home/alfaugus/raspberry/pico/pico-sdk/src/rp2_common/hardware_irq/irq.c.obj
                0x00000000100005d4                irq_set_enabled
 .text.irq_is_enabled
                0x00000000100005f8       0x18 CMakeFiles/bms.dir/home/alfaugus/raspberry/pico/pico-sdk/src/rp2_common/hardware_irq/irq.c.obj
                0x00000000100005f8                irq_is_enabled
 .text.irq_set_pending
                0x0000000010000610       0x10 CMakeFiles/bms.dir/home/alfaugus/raspberry/pico/pico-sdk/src/rp2_common/hardware_irq/irq.c.obj
                0x0000000010000610                irq_set_pending
 .text.irq_has_shared_handler
                0x0000000010000620       0x2c CMakeFiles/bms.dir/home/alfaugus/raspberry/pico/pico-sdk/src/rp2_common/hardware_irq/irq.c.obj
                0x0000000010000620                irq_has_shared_handler
 .text.irq_set_exclusive_handler
                0x000000001000064c       0x54 CMakeFiles/bms.dir/home/alfaugus/raspberry/pico/pico-sdk/src/rp2_common/hardware_irq/irq.c.obj
                0x000000001000064c                irq_set_exclusive_handler
 .text.irq_add_shared_handler
                0x00000000100006a0      0x1e8 CMakeFiles/bms.dir/home/alfaugus/raspberry/pico/pico-sdk/src/rp2_common/hardware_irq/irq.c.obj
                0x00000000100006a0                irq_add_shared_handler
 .text.irq_add_tail_to_free_list
                0x0000000010000888       0xb4 CMakeFiles/bms.dir/home/alfaugus/raspberry/pico/pico-sdk/src/rp2_common/hardware_irq/irq.c.obj
                0x0000000010000888                irq_add_tail_to_free_list
 .text.user_irq_claim_unused
                0x000000001000093c       0x28 CMakeFiles/bms.dir/home/alfaugus/raspberry/pico/pico-sdk/src/rp2_common/hardware_irq/irq.c.obj
                0x000000001000093c                user_irq_claim_unused
 .text.lock_init
                0x0000000010000964       0x10 CMakeFiles/bms.dir/home/alfaugus/raspberry/pico/pico-sdk/src/common/pico_sync/lock_core.c.obj
                0x0000000010000964                lock_init
 .text.runtime_init_mutex
                0x0000000010000974       0x58 CMakeFiles/bms.dir/home/alfaugus/raspberry/pico/pico-sdk/src/common/pico_sync/mutex.c.obj
                0x0000000010000974                runtime_init_mutex
 .text.mutex_init
                0x00000000100009cc       0x1c CMakeFiles/bms.dir/home/alfaugus/raspberry/pico/pico-sdk/src/common/pico_sync/mutex.c.obj
                0x00000000100009cc                mutex_init
 .text.critical_section_init
                0x00000000100009e8       0x20 CMakeFiles/bms.dir/home/alfaugus/raspberry/pico/pico-sdk/src/common/pico_sync/critical_section.c.obj
                0x00000000100009e8                critical_section_init
 .text.critical_section_init_with_lock_num
                0x0000000010000a08       0x14 CMakeFiles/bms.dir/home/alfaugus/raspberry/pico/pico-sdk/src/common/pico_sync/critical_section.c.obj
                0x0000000010000a08                critical_section_init_with_lock_num
 .text.sleep_until_callback
                0x0000000010000a1c       0x30 CMakeFiles/bms.dir/home/alfaugus/raspberry/pico/pico-sdk/src/common/pico_time/time.c.obj
 .text.alarm_pool_irq_handler
                0x0000000010000a4c      0x2e4 CMakeFiles/bms.dir/home/alfaugus/raspberry/pico/pico-sdk/src/common/pico_time/time.c.obj
 .text.runtime_init_default_alarm_pool
                0x0000000010000d30       0xdc CMakeFiles/bms.dir/home/alfaugus/raspberry/pico/pico-sdk/src/common/pico_time/time.c.obj
                0x0000000010000d30                runtime_init_default_alarm_pool
 .text.alarm_pool_get_default
                0x0000000010000e0c        0x8 CMakeFiles/bms.dir/home/alfaugus/raspberry/pico/pico-sdk/src/common/pico_time/time.c.obj
                0x0000000010000e0c                alarm_pool_get_default
 .text.alarm_pool_add_alarm_at
                0x0000000010000e14       0xc8 CMakeFiles/bms.dir/home/alfaugus/raspberry/pico/pico-sdk/src/common/pico_time/time.c.obj
                0x0000000010000e14                alarm_pool_add_alarm_at
 .text.alarm_pool_add_alarm_at_force_in_context
                0x0000000010000edc       0xb0 CMakeFiles/bms.dir/home/alfaugus/raspberry/pico/pico-sdk/src/common/pico_time/time.c.obj
                0x0000000010000edc                alarm_pool_add_alarm_at_force_in_context
 .text.alarm_pool_cancel_alarm
                0x0000000010000f8c       0x7c CMakeFiles/bms.dir/home/alfaugus/raspberry/pico/pico-sdk/src/common/pico_time/time.c.obj
                0x0000000010000f8c                alarm_pool_cancel_alarm
 .text.alarm_pool_core_num
                0x0000000010001008        0x4 CMakeFiles/bms.dir/home/alfaugus/raspberry/pico/pico-sdk/src/common/pico_time/time.c.obj
                0x0000000010001008                alarm_pool_core_num
 .text.sleep_until
                0x000000001000100c       0xd0 CMakeFiles/bms.dir/home/alfaugus/raspberry/pico/pico-sdk/src/common/pico_time/time.c.obj
                0x000000001000100c                sleep_until
 .text.sleep_ms
                0x00000000100010dc       0x34 CMakeFiles/bms.dir/home/alfaugus/raspberry/pico/pico-sdk/src/common/pico_time/time.c.obj
                0x00000000100010dc                sleep_ms
 .text.best_effort_wfe_or_timeout
                0x0000000010001110      0x11c CMakeFiles/bms.dir/home/alfaugus/raspberry/pico/pico-sdk/src/common/pico_time/time.c.obj
                0x0000000010001110                best_effort_wfe_or_timeout
 .text.timer_hardware_alarm_claim
                0x000000001000122c       0x14 CMakeFiles/bms.dir/home/alfaugus/raspberry/pico/pico-sdk/src/rp2_common/hardware_timer/timer.c.obj
                0x000000001000122c                timer_hardware_alarm_claim
 .text.timer_time_us_64
                0x0000000010001240       0x10 CMakeFiles/bms.dir/home/alfaugus/raspberry/pico/pico-sdk/src/rp2_common/hardware_timer/timer.c.obj
                0x0000000010001240                timer_time_us_64
 .text.time_us_64
                0x0000000010001250       0x14 CMakeFiles/bms.dir/home/alfaugus/raspberry/pico/pico-sdk/src/rp2_common/hardware_timer/timer.c.obj
                0x0000000010001250                time_us_64
 .text.busy_wait_until
                0x0000000010001264       0x20 CMakeFiles/bms.dir/home/alfaugus/raspberry/pico/pico-sdk/src/rp2_common/hardware_timer/timer.c.obj
                0x0000000010001264                busy_wait_until
 .text.clock_configure_int_divider
                0x0000000010001284       0xf4 CMakeFiles/bms.dir/home/alfaugus/raspberry/pico/pico-sdk/src/rp2_common/hardware_clocks/clocks.c.obj
                0x0000000010001284                clock_configure_int_divider
 .text.clock_configure_undivided
                0x0000000010001378       0xe8 CMakeFiles/bms.dir/home/alfaugus/raspberry/pico/pico-sdk/src/rp2_common/hardware_clocks/clocks.c.obj
                0x0000000010001378                clock_configure_undivided
 .text.clock_get_hz
                0x0000000010001460        0xc CMakeFiles/bms.dir/home/alfaugus/raspberry/pico/pico-sdk/src/rp2_common/hardware_clocks/clocks.c.obj
                0x0000000010001460                clock_get_hz
 .text.pll_init
                0x000000001000146c       0xa0 CMakeFiles/bms.dir/home/alfaugus/raspberry/pico/pico-sdk/src/rp2_common/hardware_pll/pll.c.obj
                0x000000001000146c                pll_init
 .text.watchdog_reboot
                0x000000001000150c       0x98 CMakeFiles/bms.dir/home/alfaugus/raspberry/pico/pico-sdk/src/rp2_common/hardware_watchdog/watchdog.c.obj
                0x000000001000150c                watchdog_reboot
 .text.tick_start
                0x00000000100015a4       0x10 CMakeFiles/bms.dir/home/alfaugus/raspberry/pico/pico-sdk/src/rp2_common/hardware_ticks/ticks.c.obj
                0x00000000100015a4                tick_start
 .text.xosc_init
                0x00000000100015b4       0x28 CMakeFiles/bms.dir/home/alfaugus/raspberry/pico/pico-sdk/src/rp2_common/hardware_xosc/xosc.c.obj
                0x00000000100015b4                xosc_init
 .text.first_per_core_initializer
                0x00000000100015dc        0x4 CMakeFiles/bms.dir/home/alfaugus/raspberry/pico/pico-sdk/src/rp2_common/pico_runtime/runtime.c.obj
 .text.hard_assertion_failure
                0x00000000100015e0        0xc CMakeFiles/bms.dir/home/alfaugus/raspberry/pico/pico-sdk/src/rp2_common/pico_runtime/runtime.c.obj
                0x00000000100015e0                hard_assertion_failure
 .text.runtime_run_initializers
                0x00000000100015ec       0x28 CMakeFiles/bms.dir/home/alfaugus/raspberry/pico/pico-sdk/src/rp2_common/pico_runtime/runtime.c.obj
                0x00000000100015ec                runtime_run_initializers
 .text.runtime_init_early_resets
                0x0000000010001614       0x2c CMakeFiles/bms.dir/home/alfaugus/raspberry/pico/pico-sdk/src/rp2_common/pico_runtime_init/runtime_init.c.obj
                0x0000000010001614                runtime_init_early_resets
 .text.runtime_init_usb_power_down
                0x0000000010001640       0x1c CMakeFiles/bms.dir/home/alfaugus/raspberry/pico/pico-sdk/src/rp2_common/pico_runtime_init/runtime_init.c.obj
                0x0000000010001640                runtime_init_usb_power_down
 .text.runtime_init_post_clock_resets
                0x000000001000165c       0x20 CMakeFiles/bms.dir/home/alfaugus/raspberry/pico/pico-sdk/src/rp2_common/pico_runtime_init/runtime_init.c.obj
                0x000000001000165c                runtime_init_post_clock_resets
 .text.runtime_init_rp2040_gpio_ie_disable
                0x000000001000167c       0x14 CMakeFiles/bms.dir/home/alfaugus/raspberry/pico/pico-sdk/src/rp2_common/pico_runtime_init/runtime_init.c.obj
                0x000000001000167c                runtime_init_rp2040_gpio_ie_disable
 .text.runtime_init_spin_locks_reset
                0x0000000010001690        0x8 CMakeFiles/bms.dir/home/alfaugus/raspberry/pico/pico-sdk/src/rp2_common/pico_runtime_init/runtime_init.c.obj
                0x0000000010001690                runtime_init_spin_locks_reset
 .text.runtime_init_install_ram_vector_table
                0x0000000010001698       0x1c CMakeFiles/bms.dir/home/alfaugus/raspberry/pico/pico-sdk/src/rp2_common/pico_runtime_init/runtime_init.c.obj
                0x0000000010001698                runtime_init_install_ram_vector_table
 .text.runtime_init_clocks
                0x00000000100016b4       0xd8 CMakeFiles/bms.dir/home/alfaugus/raspberry/pico/pico-sdk/src/rp2_common/pico_runtime_init/runtime_init_clocks.c.obj
                0x00000000100016b4                runtime_init_clocks
 .text          0x000000001000178c       0x10 CMakeFiles/bms.dir/home/alfaugus/raspberry/pico/pico-sdk/src/rp2_common/pico_bit_ops/bit_ops_aeabi.S.obj
 .text.rom_func_lookup
                0x000000001000179c       0x10 CMakeFiles/bms.dir/home/alfaugus/raspberry/pico/pico-sdk/src/rp2_common/pico_bootrom/bootrom.c.obj
                0x000000001000179c                rom_func_lookup
 .text.rom_data_lookup
                0x00000000100017ac       0x10 CMakeFiles/bms.dir/home/alfaugus/raspberry/pico/pico-sdk/src/rp2_common/pico_bootrom/bootrom.c.obj
                0x00000000100017ac                rom_data_lookup
 .text.rom_funcs_lookup
                0x00000000100017bc       0x44 CMakeFiles/bms.dir/home/alfaugus/raspberry/pico/pico-sdk/src/rp2_common/pico_bootrom/bootrom.c.obj
                0x00000000100017bc                rom_funcs_lookup
 .text.rom_reset_usb_boot
                0x0000000010001800       0x20 CMakeFiles/bms.dir/home/alfaugus/raspberry/pico/pico-sdk/src/rp2_common/pico_bootrom/bootrom.c.obj
                0x0000000010001800                rom_reset_usb_boot
 .text.__wrap___aeabi_idiv
                0x0000000010001820       0x50 CMakeFiles/bms.dir/home/alfaugus/raspberry/pico/pico-sdk/src/rp2_common/pico_divider/divider_hardware.S.obj
                0x0000000010001820                __wrap___aeabi_idivmod
                0x0000000010001820                divmod_s32s32
                0x0000000010001820                div_s32s32
                0x0000000010001820                __wrap___aeabi_idiv
                0x0000000010001828                divmod_s32s32_unsafe
                0x0000000010001854                divmod_s32s32_savestate
 .text.__wrap___aeabi_uidiv
                0x0000000010001870       0x4c CMakeFiles/bms.dir/home/alfaugus/raspberry/pico/pico-sdk/src/rp2_common/pico_divider/divider_hardware.S.obj
                0x0000000010001870                __wrap___aeabi_uidiv
                0x0000000010001870                __wrap___aeabi_uidivmod
                0x0000000010001870                div_u32u32
                0x0000000010001870                divmod_u32u32
                0x0000000010001878                divmod_u32u32_unsafe
                0x00000000100018a0                divmod_u32u32_savestate
 .text.__wrap___aeabi_ldiv
                0x00000000100018bc      0x424 CMakeFiles/bms.dir/home/alfaugus/raspberry/pico/pico-sdk/src/rp2_common/pico_divider/divider_hardware.S.obj
                0x00000000100018bc                div_s64s64
                0x00000000100018bc                divmod_s64s64
                0x00000000100018bc                __wrap___aeabi_ldivmod
                0x00000000100018ec                div_u64u64
                0x00000000100018ec                divmod_u64u64
                0x00000000100018ec                __wrap___aeabi_uldivmod
                0x00000000100018fc                divmod_u64u64_savestate
                0x000000001000191c                divmod_s64s64_unsafe
                0x00000000100019a4                divmod_u64u64_unsafe
 .text.__wrap___aeabi_darithmetic
                0x0000000010001ce0       0x60 CMakeFiles/bms.dir/home/alfaugus/raspberry/pico/pico-sdk/src/rp2_common/pico_double/double_aeabi_rp2040.S.obj
                0x0000000010001ce0                __wrap___aeabi_drsub
                0x0000000010001ce6                __wrap___aeabi_dsub
                0x0000000010001cf0                __wrap___aeabi_dadd
                0x0000000010001cfa                __wrap___aeabi_ddiv
                0x0000000010001d2e                __wrap___aeabi_dmul
 .text.__wrap___aeabi_cdcmple
                0x0000000010001d40       0x6c CMakeFiles/bms.dir/home/alfaugus/raspberry/pico/pico-sdk/src/rp2_common/pico_double/double_aeabi_rp2040.S.obj
                0x0000000010001d40                __wrap___aeabi_cdrcmple
                0x0000000010001d50                __wrap___aeabi_cdcmple
                0x0000000010001d50                __wrap___aeabi_cdcmpeq
 .text.__wrap___aeabi_dcmplt
                0x0000000010001dac        0xc CMakeFiles/bms.dir/home/alfaugus/raspberry/pico/pico-sdk/src/rp2_common/pico_double/double_aeabi_rp2040.S.obj
                0x0000000010001dac                __wrap___aeabi_dcmplt
 .text.__wrap___aeabi_dcmple
                0x0000000010001db8       0x10 CMakeFiles/bms.dir/home/alfaugus/raspberry/pico/pico-sdk/src/rp2_common/pico_double/double_aeabi_rp2040.S.obj
                0x0000000010001db8                __wrap___aeabi_dcmple
 .text.__wrap___aeabi_dcmpge
                0x0000000010001dc8       0x10 CMakeFiles/bms.dir/home/alfaugus/raspberry/pico/pico-sdk/src/rp2_common/pico_double/double_aeabi_rp2040.S.obj
                0x0000000010001dc8                __wrap___aeabi_dcmpge
 .text.__wrap___aeabi_dcmpgt
                0x0000000010001dd8        0xa CMakeFiles/bms.dir/home/alfaugus/raspberry/pico/pico-sdk/src/rp2_common/pico_double/double_aeabi_rp2040.S.obj
                0x0000000010001dd8                __wrap___aeabi_dcmpgt
 .text.__wrap___aeabi_dcmpun
                0x0000000010001de2       0x18 CMakeFiles/bms.dir/home/alfaugus/raspberry/pico/pico-sdk/src/rp2_common/pico_double/double_aeabi_rp2040.S.obj
                0x0000000010001de2                __wrap___aeabi_dcmpun
 *fill*         0x0000000010001dfa        0x2 
 .text.__wrap___aeabi_i2d
                0x0000000010001dfc       0x38 CMakeFiles/bms.dir/home/alfaugus/raspberry/pico/pico-sdk/src/rp2_common/pico_double/double_aeabi_rp2040.S.obj
                0x0000000010001dfc                __wrap___aeabi_ui2d
                0x0000000010001e04                __wrap___aeabi_i2d
 .text.__wrap___aeabi_d2iz
                0x0000000010001e34       0x48 CMakeFiles/bms.dir/home/alfaugus/raspberry/pico/pico-sdk/src/rp2_common/pico_double/double_aeabi_rp2040.S.obj
                0x0000000010001e34                __wrap___aeabi_d2iz
                0x0000000010001e34                double2int_z
 .text.__wrap___aeabi_d2uiz
                0x0000000010001e7c       0x10 CMakeFiles/bms.dir/home/alfaugus/raspberry/pico/pico-sdk/src/rp2_common/pico_double/double_aeabi_rp2040.S.obj
                0x0000000010001e7c                double2uint
                0x0000000010001e7c                __wrap___aeabi_d2uiz
 .text.missing_double_func_shim
                0x0000000010001e8c        0xc CMakeFiles/bms.dir/home/alfaugus/raspberry/pico/pico-sdk/src/rp2_common/pico_double/double_init_rom_rp2040.c.obj
 .text.__aeabi_double_init
                0x0000000010001e98       0xa4 CMakeFiles/bms.dir/home/alfaugus/raspberry/pico/pico-sdk/src/rp2_common/pico_double/double_init_rom_rp2040.c.obj
                0x0000000010001e98                __aeabi_double_init
 .text.double_table_shim_on_use_helper
                0x0000000010001f3c       0x2c CMakeFiles/bms.dir/home/alfaugus/raspberry/pico/pico-sdk/src/rp2_common/pico_double/double_v1_rom_shim_rp2040.S.obj
                0x0000000010001f3c                double_table_shim_on_use_helper
 .text.__aeabi_lmul
                0x0000000010001f68       0x32 CMakeFiles/bms.dir/home/alfaugus/raspberry/pico/pico-sdk/src/rp2_common/pico_int64_ops/pico_int64_ops_aeabi.S.obj
                0x0000000010001f68                __wrap___aeabi_lmul
 *fill*         0x0000000010001f9a        0x2 
 .text.__wrap___aeabi_farithmetic
                0x0000000010001f9c       0x48 CMakeFiles/bms.dir/home/alfaugus/raspberry/pico/pico-sdk/src/rp2_common/pico_float/float_aeabi_rp2040.S.obj
                0x0000000010001f9c                __wrap___aeabi_frsub
                0x0000000010001fa2                __wrap___aeabi_fsub
                0x0000000010001fa8                __wrap___aeabi_fadd
                0x0000000010001fae                __wrap___aeabi_fdiv
                0x0000000010001fd6                __wrap___aeabi_fmul
 .text.__wrap___aeabi_i2f
                0x0000000010001fe4       0x44 CMakeFiles/bms.dir/home/alfaugus/raspberry/pico/pico-sdk/src/rp2_common/pico_float/float_aeabi_rp2040.S.obj
                0x0000000010001fe4                int2float
                0x0000000010001fe4                __wrap___aeabi_i2f
 .text.__wrap___aeabi_f2d
                0x0000000010002028        0xc CMakeFiles/bms.dir/home/alfaugus/raspberry/pico/pico-sdk/src/rp2_common/pico_float/float_aeabi_rp2040.S.obj
                0x0000000010002028                __wrap___aeabi_f2d
 .text.missing_float_func_shim
                0x0000000010002034        0xc CMakeFiles/bms.dir/home/alfaugus/raspberry/pico/pico-sdk/src/rp2_common/pico_float/float_init_rom_rp2040.c.obj
 .text.__aeabi_float_init
                0x0000000010002040       0x5c CMakeFiles/bms.dir/home/alfaugus/raspberry/pico/pico-sdk/src/rp2_common/pico_float/float_init_rom_rp2040.c.obj
                0x0000000010002040                __aeabi_float_init
 .text          0x000000001000209c       0x10 CMakeFiles/bms.dir/home/alfaugus/raspberry/pico/pico-sdk/src/rp2_common/pico_mem_ops/mem_ops_aeabi.S.obj
                0x000000001000209c                __aeabi_mem_init
 .text.memset   0x00000000100020ac        0xc CMakeFiles/bms.dir/home/alfaugus/raspberry/pico/pico-sdk/src/rp2_common/pico_mem_ops/mem_ops_aeabi.S.obj
                0x00000000100020ac                __wrap_memset
 .text.memcpy   0x00000000100020b8        0xc CMakeFiles/bms.dir/home/alfaugus/raspberry/pico/pico-sdk/src/rp2_common/pico_mem_ops/mem_ops_aeabi.S.obj
                0x00000000100020b8                __wrap___aeabi_memcpy
                0x00000000100020b8                __wrap_memcpy
 .text._out_null
                0x00000000100020c4        0x4 CMakeFiles/bms.dir/home/alfaugus/raspberry/pico/pico-sdk/src/rp2_common/pico_printf/printf.c.obj
 .text._out_rev
                0x00000000100020c8       0x9c CMakeFiles/bms.dir/home/alfaugus/raspberry/pico/pico-sdk/src/rp2_common/pico_printf/printf.c.obj
 .text._ntoa_format
                0x0000000010002164      0x1cc CMakeFiles/bms.dir/home/alfaugus/raspberry/pico/pico-sdk/src/rp2_common/pico_printf/printf.c.obj
 .text._out_char
                0x0000000010002330       0x10 CMakeFiles/bms.dir/home/alfaugus/raspberry/pico/pico-sdk/src/rp2_common/pico_printf/printf.c.obj
 .text._out_fct
                0x0000000010002340       0x10 CMakeFiles/bms.dir/home/alfaugus/raspberry/pico/pico-sdk/src/rp2_common/pico_printf/printf.c.obj
 .text._etoa    0x0000000010002350      0x44c CMakeFiles/bms.dir/home/alfaugus/raspberry/pico/pico-sdk/src/rp2_common/pico_printf/printf.c.obj
 .text._ftoa    0x000000001000279c      0x398 CMakeFiles/bms.dir/home/alfaugus/raspberry/pico/pico-sdk/src/rp2_common/pico_printf/printf.c.obj
 .text._vsnprintf
                0x0000000010002b34      0xb04 CMakeFiles/bms.dir/home/alfaugus/raspberry/pico/pico-sdk/src/rp2_common/pico_printf/printf.c.obj
 .text.vfctprintf
                0x0000000010003638       0x20 CMakeFiles/bms.dir/home/alfaugus/raspberry/pico/pico-sdk/src/rp2_common/pico_printf/printf.c.obj
                0x0000000010003638                vfctprintf
 .text.weak_raw_vprintf
                0x0000000010003658       0x30 CMakeFiles/bms.dir/home/alfaugus/raspberry/pico/pico-sdk/src/rp2_common/pico_printf/printf.c.obj
                0x0000000010003658                weak_raw_vprintf
 .text._exit    0x0000000010003688        0x4 CMakeFiles/bms.dir/home/alfaugus/raspberry/pico/pico-sdk/src/rp2_common/pico_clib_interface/newlib_interface.c.obj
                0x0000000010003688                _exit
 .text.exit     0x000000001000368c        0x8 CMakeFiles/bms.dir/home/alfaugus/raspberry/pico/pico-sdk/src/rp2_common/pico_clib_interface/newlib_interface.c.obj
                0x000000001000368c                exit
 .text.runtime_init
                0x0000000010003694       0x2c CMakeFiles/bms.dir/home/alfaugus/raspberry/pico/pico-sdk/src/rp2_common/pico_clib_interface/newlib_interface.c.obj
                0x0000000010003694                runtime_init
 .text.stdio_out_chars_no_crlf
                0x00000000100036c0       0x10 CMakeFiles/bms.dir/home/alfaugus/raspberry/pico/pico-sdk/src/rp2_common/pico_stdio/stdio.c.obj
 .text.stdio_out_chars_crlf
                0x00000000100036d0       0xb4 CMakeFiles/bms.dir/home/alfaugus/raspberry/pico/pico-sdk/src/rp2_common/pico_stdio/stdio.c.obj
 .text.stdio_buffered_printer
                0x0000000010003784       0x64 CMakeFiles/bms.dir/home/alfaugus/raspberry/pico/pico-sdk/src/rp2_common/pico_stdio/stdio.c.obj
 .text.stdio_put_string
                0x00000000100037e8      0x100 CMakeFiles/bms.dir/home/alfaugus/raspberry/pico/pico-sdk/src/rp2_common/pico_stdio/stdio.c.obj
                0x00000000100037e8                stdio_put_string
 .text.stdio_set_driver_enabled
                0x00000000100038e8       0x30 CMakeFiles/bms.dir/home/alfaugus/raspberry/pico/pico-sdk/src/rp2_common/pico_stdio/stdio.c.obj
                0x00000000100038e8                stdio_set_driver_enabled
 .text.stdio_init_all
                0x0000000010003918        0x8 CMakeFiles/bms.dir/home/alfaugus/raspberry/pico/pico-sdk/src/rp2_common/pico_stdio/stdio.c.obj
                0x0000000010003918                stdio_init_all
 .text.__wrap_putchar
                0x0000000010003920       0x98 CMakeFiles/bms.dir/home/alfaugus/raspberry/pico/pico-sdk/src/rp2_common/pico_stdio/stdio.c.obj
                0x0000000010003920                stdio_putchar
                0x0000000010003920                __wrap_putchar
 .text.__wrap_puts
                0x00000000100039b8       0x3c CMakeFiles/bms.dir/home/alfaugus/raspberry/pico/pico-sdk/src/rp2_common/pico_stdio/stdio.c.obj
                0x00000000100039b8                __wrap_puts
                0x00000000100039b8                stdio_puts
 .text.__wrap_vprintf
                0x00000000100039f4       0xd8 CMakeFiles/bms.dir/home/alfaugus/raspberry/pico/pico-sdk/src/rp2_common/pico_stdio/stdio.c.obj
                0x00000000100039f4                __wrap_vprintf
                0x00000000100039f4                stdio_vprintf
 .text.__wrap_printf
                0x0000000010003acc       0x18 CMakeFiles/bms.dir/home/alfaugus/raspberry/pico/pico-sdk/src/rp2_common/pico_stdio/stdio.c.obj
                0x0000000010003acc                stdio_printf
                0x0000000010003acc                __wrap_printf
 .text.resetd_init
                0x0000000010003ae4        0x4 CMakeFiles/bms.dir/home/alfaugus/raspberry/pico/pico-sdk/src/rp2_common/pico_stdio_usb/reset_interface.c.obj
 .text.resetd_reset
                0x0000000010003ae8        0xc CMakeFiles/bms.dir/home/alfaugus/raspberry/pico/pico-sdk/src/rp2_common/pico_stdio_usb/reset_interface.c.obj
 .text.resetd_open
                0x0000000010003af4       0x28 CMakeFiles/bms.dir/home/alfaugus/raspberry/pico/pico-sdk/src/rp2_common/pico_stdio_usb/reset_interface.c.obj
 .text.resetd_xfer_cb
                0x0000000010003b1c        0x4 CMakeFiles/bms.dir/home/alfaugus/raspberry/pico/pico-sdk/src/rp2_common/pico_stdio_usb/reset_interface.c.obj
 .text.resetd_control_xfer_cb
                0x0000000010003b20       0x54 CMakeFiles/bms.dir/home/alfaugus/raspberry/pico/pico-sdk/src/rp2_common/pico_stdio_usb/reset_interface.c.obj
 .text.tud_descriptor_bos_cb
                0x0000000010003b74        0x8 CMakeFiles/bms.dir/home/alfaugus/raspberry/pico/pico-sdk/src/rp2_common/pico_stdio_usb/reset_interface.c.obj
                0x0000000010003b74                tud_descriptor_bos_cb
 .text.tud_vendor_control_xfer_cb
                0x0000000010003b7c       0x34 CMakeFiles/bms.dir/home/alfaugus/raspberry/pico/pico-sdk/src/rp2_common/pico_stdio_usb/reset_interface.c.obj
                0x0000000010003b7c                tud_vendor_control_xfer_cb
 .text.usbd_app_driver_get_cb
                0x0000000010003bb0        0xc CMakeFiles/bms.dir/home/alfaugus/raspberry/pico/pico-sdk/src/rp2_common/pico_stdio_usb/reset_interface.c.obj
                0x0000000010003bb0                usbd_app_driver_get_cb
 .text.tud_cdc_line_coding_cb
                0x0000000010003bbc       0x28 CMakeFiles/bms.dir/home/alfaugus/raspberry/pico/pico-sdk/src/rp2_common/pico_stdio_usb/reset_interface.c.obj
                0x0000000010003bbc                tud_cdc_line_coding_cb
 .text.stdio_usb_set_chars_available_callback
                0x0000000010003be4       0x14 CMakeFiles/bms.dir/home/alfaugus/raspberry/pico/pico-sdk/src/rp2_common/pico_stdio_usb/stdio_usb.c.obj
                0x0000000010003be4                stdio_usb_set_chars_available_callback
 .text.usb_irq  0x0000000010003bf8       0x10 CMakeFiles/bms.dir/home/alfaugus/raspberry/pico/pico-sdk/src/rp2_common/pico_stdio_usb/stdio_usb.c.obj
 .text.timer_task
                0x0000000010003c08       0x64 CMakeFiles/bms.dir/home/alfaugus/raspberry/pico/pico-sdk/src/rp2_common/pico_stdio_usb/stdio_usb.c.obj
 .text.stdio_usb_in_chars
                0x0000000010003c6c       0x90 CMakeFiles/bms.dir/home/alfaugus/raspberry/pico/pico-sdk/src/rp2_common/pico_stdio_usb/stdio_usb.c.obj
                0x0000000010003c6c                stdio_usb_in_chars
 .text.stdio_usb_out_flush
                0x0000000010003cfc       0x50 CMakeFiles/bms.dir/home/alfaugus/raspberry/pico/pico-sdk/src/rp2_common/pico_stdio_usb/stdio_usb.c.obj
 .text.stdio_usb_out_chars
                0x0000000010003d4c      0x100 CMakeFiles/bms.dir/home/alfaugus/raspberry/pico/pico-sdk/src/rp2_common/pico_stdio_usb/stdio_usb.c.obj
 .text.low_priority_worker_irq
                0x0000000010003e4c       0xc8 CMakeFiles/bms.dir/home/alfaugus/raspberry/pico/pico-sdk/src/rp2_common/pico_stdio_usb/stdio_usb.c.obj
 .text.stdio_usb_init
                0x0000000010003f14      0x13c CMakeFiles/bms.dir/home/alfaugus/raspberry/pico/pico-sdk/src/rp2_common/pico_stdio_usb/stdio_usb.c.obj
                0x0000000010003f14                stdio_usb_init
 .text.tud_descriptor_device_cb
                0x0000000010004050        0x8 CMakeFiles/bms.dir/home/alfaugus/raspberry/pico/pico-sdk/src/rp2_common/pico_stdio_usb/stdio_usb_descriptors.c.obj
                0x0000000010004050                tud_descriptor_device_cb
 .text.tud_descriptor_configuration_cb
                0x0000000010004058        0x8 CMakeFiles/bms.dir/home/alfaugus/raspberry/pico/pico-sdk/src/rp2_common/pico_stdio_usb/stdio_usb_descriptors.c.obj
                0x0000000010004058                tud_descriptor_configuration_cb
 .text.tud_descriptor_string_cb
                0x0000000010004060       0x74 CMakeFiles/bms.dir/home/alfaugus/raspberry/pico/pico-sdk/src/rp2_common/pico_stdio_usb/stdio_usb_descriptors.c.obj
                0x0000000010004060                tud_descriptor_string_cb
 .text.startup._retrieve_unique_id_on_boot
                0x00000000100040d4       0x10 CMakeFiles/bms.dir/home/alfaugus/raspberry/pico/pico-sdk/src/rp2_common/pico_unique_id/unique_id.c.obj
 .text.pico_get_unique_board_id_string
                0x00000000100040e4      0x1a8 CMakeFiles/bms.dir/home/alfaugus/raspberry/pico/pico-sdk/src/rp2_common/pico_unique_id/unique_id.c.obj
                0x00000000100040e4                pico_get_unique_board_id_string
 .text.flash_get_unique_id
                0x000000001000428c       0x40 CMakeFiles/bms.dir/home/alfaugus/raspberry/pico/pico-sdk/src/rp2_common/hardware_flash/flash.c.obj
                0x000000001000428c                flash_get_unique_id
 .text.dcd_init
                0x00000000100042cc       0x8c CMakeFiles/bms.dir/home/alfaugus/raspberry/pico/pico-sdk/lib/tinyusb/src/portable/raspberrypi/rp2040/dcd_rp2040.c.obj
                0x00000000100042cc                dcd_init
 .text.dcd_int_enable
                0x0000000010004358        0xc CMakeFiles/bms.dir/home/alfaugus/raspberry/pico/pico-sdk/lib/tinyusb/src/portable/raspberrypi/rp2040/dcd_rp2040.c.obj
                0x0000000010004358                dcd_int_enable
 .text.dcd_set_address
                0x0000000010004364       0x14 CMakeFiles/bms.dir/home/alfaugus/raspberry/pico/pico-sdk/lib/tinyusb/src/portable/raspberrypi/rp2040/dcd_rp2040.c.obj
                0x0000000010004364                dcd_set_address
 .text.dcd_sof_enable
                0x0000000010004378       0x1c CMakeFiles/bms.dir/home/alfaugus/raspberry/pico/pico-sdk/lib/tinyusb/src/portable/raspberrypi/rp2040/dcd_rp2040.c.obj
                0x0000000010004378                dcd_sof_enable
 .text.dcd_edpt0_status_complete
                0x0000000010004394       0x1c CMakeFiles/bms.dir/home/alfaugus/raspberry/pico/pico-sdk/lib/tinyusb/src/portable/raspberrypi/rp2040/dcd_rp2040.c.obj
                0x0000000010004394                dcd_edpt0_status_complete
 .text.dcd_edpt_open
                0x00000000100043b0      0x108 CMakeFiles/bms.dir/home/alfaugus/raspberry/pico/pico-sdk/lib/tinyusb/src/portable/raspberrypi/rp2040/dcd_rp2040.c.obj
                0x00000000100043b0                dcd_edpt_open
 .text.dcd_edpt_close_all
                0x00000000100044b8        0x8 CMakeFiles/bms.dir/home/alfaugus/raspberry/pico/pico-sdk/lib/tinyusb/src/portable/raspberrypi/rp2040/dcd_rp2040.c.obj
                0x00000000100044b8                dcd_edpt_close_all
 .text.dcd_edpt_xfer
                0x00000000100044c0       0x24 CMakeFiles/bms.dir/home/alfaugus/raspberry/pico/pico-sdk/lib/tinyusb/src/portable/raspberrypi/rp2040/dcd_rp2040.c.obj
                0x00000000100044c0                dcd_edpt_xfer
 .text.dcd_edpt_stall
                0x00000000100044e4       0x38 CMakeFiles/bms.dir/home/alfaugus/raspberry/pico/pico-sdk/lib/tinyusb/src/portable/raspberrypi/rp2040/dcd_rp2040.c.obj
                0x00000000100044e4                dcd_edpt_stall
 .text.dcd_edpt_clear_stall
                0x000000001000451c       0x30 CMakeFiles/bms.dir/home/alfaugus/raspberry/pico/pico-sdk/lib/tinyusb/src/portable/raspberrypi/rp2040/dcd_rp2040.c.obj
                0x000000001000451c                dcd_edpt_clear_stall
 .text.rp2040_usb_init
                0x000000001000454c       0x40 CMakeFiles/bms.dir/home/alfaugus/raspberry/pico/pico-sdk/lib/tinyusb/src/portable/raspberrypi/rp2040/rp2040_usb.c.obj
                0x000000001000454c                rp2040_usb_init
 .text.hw_endpoint_xfer_start
                0x000000001000458c       0x50 CMakeFiles/bms.dir/home/alfaugus/raspberry/pico/pico-sdk/lib/tinyusb/src/portable/raspberrypi/rp2040/rp2040_usb.c.obj
                0x000000001000458c                hw_endpoint_xfer_start
 .text.tud_event_hook_cb
                0x00000000100045dc        0x4 CMakeFiles/bms.dir/home/alfaugus/raspberry/pico/pico-sdk/lib/tinyusb/src/device/usbd.c.obj
                0x00000000100045dc                tud_event_hook_cb
 .text.tud_sof_cb
                0x00000000100045e0        0x4 CMakeFiles/bms.dir/home/alfaugus/raspberry/pico/pico-sdk/lib/tinyusb/src/device/usbd.c.obj
                0x00000000100045e0                tud_sof_cb
 .text.tud_descriptor_device_qualifier_cb
                0x00000000100045e4        0x4 CMakeFiles/bms.dir/home/alfaugus/raspberry/pico/pico-sdk/lib/tinyusb/src/device/usbd.c.obj
                0x00000000100045e4                tud_descriptor_device_qualifier_cb
 .text.tud_descriptor_other_speed_configuration_cb
                0x00000000100045e8        0x4 CMakeFiles/bms.dir/home/alfaugus/raspberry/pico/pico-sdk/lib/tinyusb/src/device/usbd.c.obj
                0x00000000100045e8                tud_descriptor_other_speed_configuration_cb
 .text.tud_mount_cb
                0x00000000100045ec        0x4 CMakeFiles/bms.dir/home/alfaugus/raspberry/pico/pico-sdk/lib/tinyusb/src/device/usbd.c.obj
                0x00000000100045ec                tud_mount_cb
 .text.tud_umount_cb
                0x00000000100045f0        0x4 CMakeFiles/bms.dir/home/alfaugus/raspberry/pico/pico-sdk/lib/tinyusb/src/device/usbd.c.obj
                0x00000000100045f0                tud_umount_cb
 .text.tud_suspend_cb
                0x00000000100045f4        0x4 CMakeFiles/bms.dir/home/alfaugus/raspberry/pico/pico-sdk/lib/tinyusb/src/device/usbd.c.obj
                0x00000000100045f4                tud_suspend_cb
 .text.tud_resume_cb
                0x00000000100045f8        0x4 CMakeFiles/bms.dir/home/alfaugus/raspberry/pico/pico-sdk/lib/tinyusb/src/device/usbd.c.obj
                0x00000000100045f8                tud_resume_cb
 .text.tud_mounted
                0x00000000100045fc       0x10 CMakeFiles/bms.dir/home/alfaugus/raspberry/pico/pico-sdk/lib/tinyusb/src/device/usbd.c.obj
                0x00000000100045fc                tud_mounted
 .text.tud_suspended
                0x000000001000460c       0x10 CMakeFiles/bms.dir/home/alfaugus/raspberry/pico/pico-sdk/lib/tinyusb/src/device/usbd.c.obj
                0x000000001000460c                tud_suspended
 .text.tud_init
                0x000000001000461c       0xe4 CMakeFiles/bms.dir/home/alfaugus/raspberry/pico/pico-sdk/lib/tinyusb/src/device/usbd.c.obj
                0x000000001000461c                tud_init
 .text.tud_task_ext
                0x0000000010004700      0x800 CMakeFiles/bms.dir/home/alfaugus/raspberry/pico/pico-sdk/lib/tinyusb/src/device/usbd.c.obj
                0x0000000010004700                tud_task_ext
 .text.usbd_open_edpt_pair
                0x0000000010004f00       0x9c CMakeFiles/bms.dir/home/alfaugus/raspberry/pico/pico-sdk/lib/tinyusb/src/device/usbd.c.obj
                0x0000000010004f00                usbd_open_edpt_pair
 .text.usbd_edpt_open
                0x0000000010004f9c       0x34 CMakeFiles/bms.dir/home/alfaugus/raspberry/pico/pico-sdk/lib/tinyusb/src/device/usbd.c.obj
                0x0000000010004f9c                usbd_edpt_open
 .text.usbd_edpt_claim
                0x0000000010004fd0       0x28 CMakeFiles/bms.dir/home/alfaugus/raspberry/pico/pico-sdk/lib/tinyusb/src/device/usbd.c.obj
                0x0000000010004fd0                usbd_edpt_claim
 .text.usbd_edpt_release
                0x0000000010004ff8       0x28 CMakeFiles/bms.dir/home/alfaugus/raspberry/pico/pico-sdk/lib/tinyusb/src/device/usbd.c.obj
                0x0000000010004ff8                usbd_edpt_release
 .text.usbd_edpt_xfer
                0x0000000010005020       0x4c CMakeFiles/bms.dir/home/alfaugus/raspberry/pico/pico-sdk/lib/tinyusb/src/device/usbd.c.obj
                0x0000000010005020                usbd_edpt_xfer
 .text.tud_control_status
                0x000000001000506c       0x30 CMakeFiles/bms.dir/home/alfaugus/raspberry/pico/pico-sdk/lib/tinyusb/src/device/usbd_control.c.obj
                0x000000001000506c                tud_control_status
 .text.tud_control_xfer
                0x000000001000509c       0xbc CMakeFiles/bms.dir/home/alfaugus/raspberry/pico/pico-sdk/lib/tinyusb/src/device/usbd_control.c.obj
                0x000000001000509c                tud_control_xfer
 .text.usbd_control_reset
                0x0000000010005158       0x14 CMakeFiles/bms.dir/home/alfaugus/raspberry/pico/pico-sdk/lib/tinyusb/src/device/usbd_control.c.obj
                0x0000000010005158                usbd_control_reset
 .text.usbd_control_set_complete_callback
                0x000000001000516c        0xc CMakeFiles/bms.dir/home/alfaugus/raspberry/pico/pico-sdk/lib/tinyusb/src/device/usbd_control.c.obj
                0x000000001000516c                usbd_control_set_complete_callback
 .text.usbd_control_set_request
                0x0000000010005178       0x1c CMakeFiles/bms.dir/home/alfaugus/raspberry/pico/pico-sdk/lib/tinyusb/src/device/usbd_control.c.obj
                0x0000000010005178                usbd_control_set_request
 .text.usbd_control_xfer_cb
                0x0000000010005194       0xf0 CMakeFiles/bms.dir/home/alfaugus/raspberry/pico/pico-sdk/lib/tinyusb/src/device/usbd_control.c.obj
                0x0000000010005194                usbd_control_xfer_cb
 .text._prep_out_transaction.isra.0
                0x0000000010005284       0x5c CMakeFiles/bms.dir/home/alfaugus/raspberry/pico/pico-sdk/lib/tinyusb/src/class/cdc/cdc_device.c.obj
 .text.tud_cdc_n_connected
                0x00000000100052e0       0x30 CMakeFiles/bms.dir/home/alfaugus/raspberry/pico/pico-sdk/lib/tinyusb/src/class/cdc/cdc_device.c.obj
                0x00000000100052e0                tud_cdc_n_connected
 .text.tud_cdc_n_available
                0x0000000010005310       0x18 CMakeFiles/bms.dir/home/alfaugus/raspberry/pico/pico-sdk/lib/tinyusb/src/class/cdc/cdc_device.c.obj
                0x0000000010005310                tud_cdc_n_available
 .text.tud_cdc_n_read
                0x0000000010005328       0x98 CMakeFiles/bms.dir/home/alfaugus/raspberry/pico/pico-sdk/lib/tinyusb/src/class/cdc/cdc_device.c.obj
                0x0000000010005328                tud_cdc_n_read
 .text.tud_cdc_n_write_flush
                0x00000000100053c0       0x78 CMakeFiles/bms.dir/home/alfaugus/raspberry/pico/pico-sdk/lib/tinyusb/src/class/cdc/cdc_device.c.obj
                0x00000000100053c0                tud_cdc_n_write_flush
 .text.tud_cdc_n_write
                0x0000000010005438       0x44 CMakeFiles/bms.dir/home/alfaugus/raspberry/pico/pico-sdk/lib/tinyusb/src/class/cdc/cdc_device.c.obj
                0x0000000010005438                tud_cdc_n_write
 .text.tud_cdc_n_write_available
                0x000000001000547c       0x18 CMakeFiles/bms.dir/home/alfaugus/raspberry/pico/pico-sdk/lib/tinyusb/src/class/cdc/cdc_device.c.obj
                0x000000001000547c                tud_cdc_n_write_available
 .text.cdcd_init
                0x0000000010005494       0x7c CMakeFiles/bms.dir/home/alfaugus/raspberry/pico/pico-sdk/lib/tinyusb/src/class/cdc/cdc_device.c.obj
                0x0000000010005494                cdcd_init
 .text.cdcd_deinit
                0x0000000010005510       0x24 CMakeFiles/bms.dir/home/alfaugus/raspberry/pico/pico-sdk/lib/tinyusb/src/class/cdc/cdc_device.c.obj
                0x0000000010005510                cdcd_deinit
 .text.cdcd_reset
                0x0000000010005534       0x4c CMakeFiles/bms.dir/home/alfaugus/raspberry/pico/pico-sdk/lib/tinyusb/src/class/cdc/cdc_device.c.obj
                0x0000000010005534                cdcd_reset
 .text.cdcd_open
                0x0000000010005580       0xb4 CMakeFiles/bms.dir/home/alfaugus/raspberry/pico/pico-sdk/lib/tinyusb/src/class/cdc/cdc_device.c.obj
                0x0000000010005580                cdcd_open
 .text.cdcd_control_xfer_cb
                0x0000000010005634       0xe4 CMakeFiles/bms.dir/home/alfaugus/raspberry/pico/pico-sdk/lib/tinyusb/src/class/cdc/cdc_device.c.obj
                0x0000000010005634                cdcd_control_xfer_cb
 .text.cdcd_xfer_cb
                0x0000000010005718       0xfc CMakeFiles/bms.dir/home/alfaugus/raspberry/pico/pico-sdk/lib/tinyusb/src/class/cdc/cdc_device.c.obj
                0x0000000010005718                cdcd_xfer_cb
 .text.tud_vendor_n_write_flush
                0x0000000010005814       0x78 CMakeFiles/bms.dir/home/alfaugus/raspberry/pico/pico-sdk/lib/tinyusb/src/class/vendor/vendor_device.c.obj
                0x0000000010005814                tud_vendor_n_write_flush
 .text.vendord_init
                0x000000001000588c       0x64 CMakeFiles/bms.dir/home/alfaugus/raspberry/pico/pico-sdk/lib/tinyusb/src/class/vendor/vendor_device.c.obj
                0x000000001000588c                vendord_init
 .text.vendord_deinit
                0x00000000100058f0       0x24 CMakeFiles/bms.dir/home/alfaugus/raspberry/pico/pico-sdk/lib/tinyusb/src/class/vendor/vendor_device.c.obj
                0x00000000100058f0                vendord_deinit
 .text.vendord_reset
                0x0000000010005914       0x1c CMakeFiles/bms.dir/home/alfaugus/raspberry/pico/pico-sdk/lib/tinyusb/src/class/vendor/vendor_device.c.obj
                0x0000000010005914                vendord_reset
 .text.vendord_open
                0x0000000010005930       0xc8 CMakeFiles/bms.dir/home/alfaugus/raspberry/pico/pico-sdk/lib/tinyusb/src/class/vendor/vendor_device.c.obj
                0x0000000010005930                vendord_open
 .text.vendord_xfer_cb
                0x00000000100059f8       0xc8 CMakeFiles/bms.dir/home/alfaugus/raspberry/pico/pico-sdk/lib/tinyusb/src/class/vendor/vendor_device.c.obj
                0x00000000100059f8                vendord_xfer_cb
 .text.tusb_init
                0x0000000010005ac0        0xc CMakeFiles/bms.dir/home/alfaugus/raspberry/pico/pico-sdk/lib/tinyusb/src/tusb.c.obj
                0x0000000010005ac0                tusb_init
 .text.tu_edpt_claim
                0x0000000010005acc       0x50 CMakeFiles/bms.dir/home/alfaugus/raspberry/pico/pico-sdk/lib/tinyusb/src/tusb.c.obj
                0x0000000010005acc                tu_edpt_claim
 .text.tu_edpt_release
                0x0000000010005b1c       0x38 CMakeFiles/bms.dir/home/alfaugus/raspberry/pico/pico-sdk/lib/tinyusb/src/tusb.c.obj
                0x0000000010005b1c                tu_edpt_release
 .text.tu_edpt_validate
                0x0000000010005b54       0x78 CMakeFiles/bms.dir/home/alfaugus/raspberry/pico/pico-sdk/lib/tinyusb/src/tusb.c.obj
                0x0000000010005b54                tu_edpt_validate
 .text.tu_edpt_bind_driver
                0x0000000010005bcc       0x34 CMakeFiles/bms.dir/home/alfaugus/raspberry/pico/pico-sdk/lib/tinyusb/src/tusb.c.obj
                0x0000000010005bcc                tu_edpt_bind_driver
 .text.tu_fifo_config
                0x0000000010005c00       0x70 CMakeFiles/bms.dir/home/alfaugus/raspberry/pico/pico-sdk/lib/tinyusb/src/common/tusb_fifo.c.obj
                0x0000000010005c00                tu_fifo_config
 .text.tu_fifo_count
                0x0000000010005c70       0x2c CMakeFiles/bms.dir/home/alfaugus/raspberry/pico/pico-sdk/lib/tinyusb/src/common/tusb_fifo.c.obj
                0x0000000010005c70                tu_fifo_count
 .text.tu_fifo_empty
                0x0000000010005c9c       0x10 CMakeFiles/bms.dir/home/alfaugus/raspberry/pico/pico-sdk/lib/tinyusb/src/common/tusb_fifo.c.obj
                0x0000000010005c9c                tu_fifo_empty
 .text.tu_fifo_remaining
                0x0000000010005cac       0x2c CMakeFiles/bms.dir/home/alfaugus/raspberry/pico/pico-sdk/lib/tinyusb/src/common/tusb_fifo.c.obj
                0x0000000010005cac                tu_fifo_remaining
 .text.tu_fifo_read
                0x0000000010005cd8       0xa0 CMakeFiles/bms.dir/home/alfaugus/raspberry/pico/pico-sdk/lib/tinyusb/src/common/tusb_fifo.c.obj
                0x0000000010005cd8                tu_fifo_read
 .text.tu_fifo_read_n
                0x0000000010005d78       0xec CMakeFiles/bms.dir/home/alfaugus/raspberry/pico/pico-sdk/lib/tinyusb/src/common/tusb_fifo.c.obj
                0x0000000010005d78                tu_fifo_read_n
 .text.tu_fifo_write
                0x0000000010005e64       0x88 CMakeFiles/bms.dir/home/alfaugus/raspberry/pico/pico-sdk/lib/tinyusb/src/common/tusb_fifo.c.obj
                0x0000000010005e64                tu_fifo_write
 .text.tu_fifo_write_n
                0x0000000010005eec      0x168 CMakeFiles/bms.dir/home/alfaugus/raspberry/pico/pico-sdk/lib/tinyusb/src/common/tusb_fifo.c.obj
                0x0000000010005eec                tu_fifo_write_n
 .text.tu_fifo_clear
                0x0000000010006054       0x40 CMakeFiles/bms.dir/home/alfaugus/raspberry/pico/pico-sdk/lib/tinyusb/src/common/tusb_fifo.c.obj
                0x0000000010006054                tu_fifo_clear
 .text.tu_fifo_set_overwritable
                0x0000000010006094       0x48 CMakeFiles/bms.dir/home/alfaugus/raspberry/pico/pico-sdk/lib/tinyusb/src/common/tusb_fifo.c.obj
                0x0000000010006094                tu_fifo_set_overwritable
 .text.adc_init
                0x00000000100060dc       0x38 CMakeFiles/bms.dir/home/alfaugus/raspberry/pico/pico-sdk/src/rp2_common/hardware_adc/adc.c.obj
                0x00000000100060dc                adc_init
 .text          0x0000000010006114       0x5c /usr/lib/gcc/arm-none-eabi/10.3.1/../../../arm-none-eabi/lib/thumb/v6-m/nofp/libg.a(lib_a-strlen-stub.o)
                0x0000000010006114                strlen
 *(.fini)
 .fini          0x0000000010006170        0x4 /usr/lib/gcc/arm-none-eabi/10.3.1/thumb/v6-m/nofp/crti.o
                0x0000000010006170                _fini
 *fill*         0x0000000010006174        0x4 
 .fini.__stub   0x0000000010006178       0xd0 linker stubs
 *crtbegin.o(.ctors)
 *crtbegin?.o(.ctors)
 *(EXCLUDE_FILE(*crtend.o *crtend?.o) .ctors)
 *(SORT_BY_NAME(.ctors.*))
 *(.ctors)
 *crtbegin.o(.dtors)
 *crtbegin?.o(.dtors)
 *(EXCLUDE_FILE(*crtend.o *crtend?.o) .dtors)
 *(SORT_BY_NAME(.dtors.*))
 *(.dtors)
                0x0000000010006248                . = ALIGN (0x4)
                0x0000000010006248                PROVIDE (__preinit_array_start = .)
 *(SORT_BY_NAME(.preinit_array.*))
 .preinit_array.00100
                0x0000000010006248        0x4 CMakeFiles/bms.dir/home/alfaugus/raspberry/pico/pico-sdk/src/rp2_common/pico_runtime_init/runtime_init.c.obj
                0x0000000010006248                __pre_init_runtime_init_early_resets
 .preinit_array.00101
                0x000000001000624c        0x4 CMakeFiles/bms.dir/home/alfaugus/raspberry/pico/pico-sdk/src/rp2_common/pico_runtime_init/runtime_init.c.obj
                0x000000001000624c                __pre_init_runtime_init_usb_power_down
 .preinit_array.00275
                0x0000000010006250        0x4 CMakeFiles/bms.dir/home/alfaugus/raspberry/pico/pico-sdk/src/rp2_common/pico_bit_ops/bit_ops_aeabi.S.obj
 .preinit_array.00300
                0x0000000010006254        0x4 CMakeFiles/bms.dir/home/alfaugus/raspberry/pico/pico-sdk/src/rp2_common/pico_mem_ops/mem_ops_aeabi.S.obj
 .preinit_array.00350
                0x0000000010006258        0x4 CMakeFiles/bms.dir/home/alfaugus/raspberry/pico/pico-sdk/src/rp2_common/pico_double/double_aeabi_rp2040.S.obj
 .preinit_array.00350
                0x000000001000625c        0x4 CMakeFiles/bms.dir/home/alfaugus/raspberry/pico/pico-sdk/src/rp2_common/pico_float/float_aeabi_rp2040.S.obj
 .preinit_array.00500
                0x0000000010006260        0x4 CMakeFiles/bms.dir/home/alfaugus/raspberry/pico/pico-sdk/src/rp2_common/pico_runtime_init/runtime_init.c.obj
                0x0000000010006260                __pre_init_runtime_init_clocks
 .preinit_array.00600
                0x0000000010006264        0x4 CMakeFiles/bms.dir/home/alfaugus/raspberry/pico/pico-sdk/src/rp2_common/pico_runtime_init/runtime_init.c.obj
                0x0000000010006264                __pre_init_runtime_init_post_clock_resets
 .preinit_array.00700
                0x0000000010006268        0x4 CMakeFiles/bms.dir/home/alfaugus/raspberry/pico/pico-sdk/src/rp2_common/pico_runtime_init/runtime_init.c.obj
                0x0000000010006268                __pre_init_runtime_init_rp2040_gpio_ie_disable
 .preinit_array.01000
                0x000000001000626c        0x4 CMakeFiles/bms.dir/home/alfaugus/raspberry/pico/pico-sdk/src/rp2_common/pico_runtime_init/runtime_init.c.obj
                0x000000001000626c                __pre_init_runtime_init_spin_locks_reset
 .preinit_array.01100
                0x0000000010006270        0x4 CMakeFiles/bms.dir/home/alfaugus/raspberry/pico/pico-sdk/src/common/pico_sync/mutex.c.obj
                0x0000000010006270                __pre_init_runtime_init_mutex
 .preinit_array.10080
                0x0000000010006274        0x4 CMakeFiles/bms.dir/home/alfaugus/raspberry/pico/pico-sdk/src/rp2_common/pico_runtime_init/runtime_init.c.obj
                0x0000000010006274                __pre_init_runtime_init_install_ram_vector_table
 .preinit_array.11000
                0x0000000010006278        0x4 CMakeFiles/bms.dir/home/alfaugus/raspberry/pico/pico-sdk/src/common/pico_time/time.c.obj
                0x0000000010006278                __pre_init_runtime_init_default_alarm_pool
 .preinit_array.YYYYY
                0x000000001000627c        0x4 CMakeFiles/bms.dir/home/alfaugus/raspberry/pico/pico-sdk/src/rp2_common/pico_runtime/runtime.c.obj
                0x000000001000627c                __pre_init_first_per_core_initializer
 .preinit_array.ZZZZZ.01200
                0x0000000010006280        0x4 CMakeFiles/bms.dir/home/alfaugus/raspberry/pico/pico-sdk/src/rp2_common/hardware_irq/irq.c.obj
                0x0000000010006280                __pre_init_runtime_init_per_core_irq_priorities
 *(.preinit_array)
                0x0000000010006284                PROVIDE (__preinit_array_end = .)
                0x0000000010006284                . = ALIGN (0x4)
                0x0000000010006284                PROVIDE (__init_array_start = .)
 *(SORT_BY_NAME(.init_array.*))
 *(.init_array)
 .init_array    0x0000000010006284        0x4 /usr/lib/gcc/arm-none-eabi/10.3.1/thumb/v6-m/nofp/crtbegin.o
 .init_array    0x0000000010006288        0x4 CMakeFiles/bms.dir/home/alfaugus/raspberry/pico/pico-sdk/src/rp2_common/pico_unique_id/unique_id.c.obj
                0x000000001000628c                PROVIDE (__init_array_end = .)
                0x000000001000628c                . = ALIGN (0x4)
                0x000000001000628c                PROVIDE (__fini_array_start = .)
 *(SORT_BY_NAME(.fini_array.*))
 *(.fini_array)
                0x000000001000628c                PROVIDE (__fini_array_end = .)
 *(.eh_frame*)
 .eh_frame      0x000000001000628c        0x0 /usr/lib/gcc/arm-none-eabi/10.3.1/thumb/v6-m/nofp/crtbegin.o
                0x000000001000628c                . = ALIGN (0x4)

.glue_7         0x000000001000628c        0x0
 .glue_7        0x000000001000628c        0x0 linker stubs

.glue_7t        0x000000001000628c        0x0
 .glue_7t       0x000000001000628c        0x0 linker stubs

.vfp11_veneer   0x000000001000628c        0x0
 .vfp11_veneer  0x000000001000628c        0x0 linker stubs

.v4_bx          0x000000001000628c        0x0
 .v4_bx         0x000000001000628c        0x0 linker stubs

.iplt           0x000000001000628c        0x0
 .iplt          0x000000001000628c        0x0 /usr/lib/gcc/arm-none-eabi/10.3.1/thumb/v6-m/nofp/crtbegin.o

.rodata         0x0000000010006290      0x690
 *(EXCLUDE_FILE(*libm.a: *libc.a:*lib_a-mem*.o *libgcc.a:) .rodata*)
 .rodata.main.str1.4
                0x0000000010006290       0x42 CMakeFiles/bms.dir/bms.c.obj
 *fill*         0x00000000100062d2        0x2 
 .rodata.panic.str1.4
                0x00000000100062d4       0x10 CMakeFiles/bms.dir/home/alfaugus/raspberry/pico/pico-sdk/src/rp2_common/pico_platform_panic/panic.c.obj
                                         0x12 (size before relaxing)
 .rodata.spin_lock_claim_unused.str1.4
                0x00000000100062e4       0x1b CMakeFiles/bms.dir/home/alfaugus/raspberry/pico/pico-sdk/src/rp2_common/hardware_sync/sync.c.obj
 *fill*         0x00000000100062ff        0x1 
 .rodata.user_irq_claim_unused.str1.4
                0x0000000010006300       0x1b CMakeFiles/bms.dir/home/alfaugus/raspberry/pico/pico-sdk/src/rp2_common/hardware_irq/irq.c.obj
 *fill*         0x000000001000631b        0x1 
 .rodata.timer_hardware_alarm_claim.str1.4
                0x000000001000631c       0x22 CMakeFiles/bms.dir/home/alfaugus/raspberry/pico/pico-sdk/src/rp2_common/hardware_timer/timer.c.obj
 *fill*         0x000000001000633e        0x2 
 .rodata.hard_assertion_failure.str1.4
                0x0000000010006340        0xc CMakeFiles/bms.dir/home/alfaugus/raspberry/pico/pico-sdk/src/rp2_common/pico_runtime/runtime.c.obj
 .rodata.missing_double_func_shim.str1.4
                0x000000001000634c       0x18 CMakeFiles/bms.dir/home/alfaugus/raspberry/pico/pico-sdk/src/rp2_common/pico_double/double_init_rom_rp2040.c.obj
 .rodata.missing_float_func_shim.str1.4
                0x0000000010006364       0x18 CMakeFiles/bms.dir/home/alfaugus/raspberry/pico/pico-sdk/src/rp2_common/pico_float/float_init_rom_rp2040.c.obj
                                          0x1 (size before relaxing)
 .rodata.str1.4
                0x0000000010006364       0x28 CMakeFiles/bms.dir/home/alfaugus/raspberry/pico/pico-sdk/src/rp2_common/pico_standard_binary_info/standard_binary_info.c.obj
 .rodata.__bi_26
                0x000000001000638c        0xc CMakeFiles/bms.dir/home/alfaugus/raspberry/pico/pico-sdk/src/rp2_common/pico_standard_binary_info/standard_binary_info.c.obj
 .rodata.__bi_34
                0x0000000010006398        0xc CMakeFiles/bms.dir/home/alfaugus/raspberry/pico/pico-sdk/src/rp2_common/pico_standard_binary_info/standard_binary_info.c.obj
 .rodata.__bi_42
                0x00000000100063a4        0xc CMakeFiles/bms.dir/home/alfaugus/raspberry/pico/pico-sdk/src/rp2_common/pico_standard_binary_info/standard_binary_info.c.obj
 .rodata.__bi_48
                0x00000000100063b0        0xc CMakeFiles/bms.dir/home/alfaugus/raspberry/pico/pico-sdk/src/rp2_common/pico_standard_binary_info/standard_binary_info.c.obj
 .rodata.__bi_54
                0x00000000100063bc        0xc CMakeFiles/bms.dir/home/alfaugus/raspberry/pico/pico-sdk/src/rp2_common/pico_standard_binary_info/standard_binary_info.c.obj
 .rodata.__bi_84
                0x00000000100063c8        0xc CMakeFiles/bms.dir/home/alfaugus/raspberry/pico/pico-sdk/src/rp2_common/pico_standard_binary_info/standard_binary_info.c.obj
 .rodata._ftoa.str1.4
                0x00000000100063d4       0x15 CMakeFiles/bms.dir/home/alfaugus/raspberry/pico/pico-sdk/src/rp2_common/pico_printf/printf.c.obj
 *fill*         0x00000000100063e9        0x3 
 .rodata._vsnprintf
                0x00000000100063ec      0x1e0 CMakeFiles/bms.dir/home/alfaugus/raspberry/pico/pico-sdk/src/rp2_common/pico_printf/printf.c.obj
 *fill*         0x00000000100065cc        0x4 
 .rodata.pow10.0
                0x00000000100065d0       0x50 CMakeFiles/bms.dir/home/alfaugus/raspberry/pico/pico-sdk/src/rp2_common/pico_printf/printf.c.obj
 .rodata.crlf_str.0
                0x0000000010006620        0x2 CMakeFiles/bms.dir/home/alfaugus/raspberry/pico/pico-sdk/src/rp2_common/pico_stdio/stdio.c.obj
 *fill*         0x0000000010006622        0x2 
 .rodata._resetd_driver
                0x0000000010006624       0x20 CMakeFiles/bms.dir/home/alfaugus/raspberry/pico/pico-sdk/src/rp2_common/pico_stdio_usb/reset_interface.c.obj
 .rodata.desc_bos
                0x0000000010006644       0x21 CMakeFiles/bms.dir/home/alfaugus/raspberry/pico/pico-sdk/src/rp2_common/pico_stdio_usb/reset_interface.c.obj
                0x0000000010006644                desc_bos
 *fill*         0x0000000010006665        0x3 
 .rodata.desc_ms_os_20
                0x0000000010006668       0xa6 CMakeFiles/bms.dir/home/alfaugus/raspberry/pico/pico-sdk/src/rp2_common/pico_stdio_usb/reset_interface.c.obj
 *fill*         0x000000001000670e        0x2 
 .rodata.str1.4
                0x0000000010006710       0x13 CMakeFiles/bms.dir/home/alfaugus/raspberry/pico/pico-sdk/src/rp2_common/pico_stdio_usb/stdio_usb.c.obj
 *fill*         0x0000000010006723        0x1 
 .rodata.__bi_197.0
                0x0000000010006724        0xc CMakeFiles/bms.dir/home/alfaugus/raspberry/pico/pico-sdk/src/rp2_common/pico_stdio_usb/stdio_usb.c.obj
 .rodata.str1.4
                0x0000000010006730       0x2a CMakeFiles/bms.dir/home/alfaugus/raspberry/pico/pico-sdk/src/rp2_common/pico_stdio_usb/stdio_usb_descriptors.c.obj
 *fill*         0x000000001000675a        0x2 
 .rodata.usbd_desc_cfg
                0x000000001000675c       0x54 CMakeFiles/bms.dir/home/alfaugus/raspberry/pico/pico-sdk/src/rp2_common/pico_stdio_usb/stdio_usb_descriptors.c.obj
 .rodata.usbd_desc_device
                0x00000000100067b0       0x12 CMakeFiles/bms.dir/home/alfaugus/raspberry/pico/pico-sdk/src/rp2_common/pico_stdio_usb/stdio_usb_descriptors.c.obj
 *fill*         0x00000000100067c2        0x2 
 .rodata.usbd_desc_str
                0x00000000100067c4       0x18 CMakeFiles/bms.dir/home/alfaugus/raspberry/pico/pico-sdk/src/rp2_common/pico_stdio_usb/stdio_usb_descriptors.c.obj
 .rodata.str1.4
                0x00000000100067dc       0x14 CMakeFiles/bms.dir/home/alfaugus/raspberry/pico/pico-sdk/lib/tinyusb/src/portable/raspberrypi/rp2040/dcd_rp2040.c.obj
 .rodata.str1.4
                0x00000000100067f0       0x48 CMakeFiles/bms.dir/home/alfaugus/raspberry/pico/pico-sdk/lib/tinyusb/src/portable/raspberrypi/rp2040/rp2040_usb.c.obj
 .rodata.tud_task_ext
                0x0000000010006838       0x8c CMakeFiles/bms.dir/home/alfaugus/raspberry/pico/pico-sdk/lib/tinyusb/src/device/usbd.c.obj
 .rodata        0x00000000100068c4       0x1c CMakeFiles/bms.dir/home/alfaugus/raspberry/pico/pico-sdk/lib/tinyusb/src/device/usbd.c.obj
 .rodata._usbd_driver
                0x00000000100068e0       0x40 CMakeFiles/bms.dir/home/alfaugus/raspberry/pico/pico-sdk/lib/tinyusb/src/device/usbd.c.obj
                0x0000000010006920                . = ALIGN (0x4)
 *(SORT_BY_ALIGNMENT(SORT_BY_NAME(.flashdata*)))
                0x0000000010006920                . = ALIGN (0x4)

.ARM.extab
 *(.ARM.extab* .gnu.linkonce.armextab.*)
                0x0000000010006920                __exidx_start = .

.ARM.exidx
 *(.ARM.exidx* .gnu.linkonce.armexidx.*)
                0x0000000010006920                __exidx_end = .
                0x0000000010006920                . = ALIGN (0x4)
                0x0000000010006920                __binary_info_start = .

.binary_info    0x0000000010006920       0x1c
 *(.binary_info.keep.*)
 .binary_info.keep.__bi_ptr26
                0x0000000010006920        0x4 CMakeFiles/bms.dir/home/alfaugus/raspberry/pico/pico-sdk/src/rp2_common/pico_standard_binary_info/standard_binary_info.c.obj
 .binary_info.keep.__bi_ptr34
                0x0000000010006924        0x4 CMakeFiles/bms.dir/home/alfaugus/raspberry/pico/pico-sdk/src/rp2_common/pico_standard_binary_info/standard_binary_info.c.obj
 .binary_info.keep.__bi_ptr42
                0x0000000010006928        0x4 CMakeFiles/bms.dir/home/alfaugus/raspberry/pico/pico-sdk/src/rp2_common/pico_standard_binary_info/standard_binary_info.c.obj
 .binary_info.keep.__bi_ptr48
                0x000000001000692c        0x4 CMakeFiles/bms.dir/home/alfaugus/raspberry/pico/pico-sdk/src/rp2_common/pico_standard_binary_info/standard_binary_info.c.obj
 .binary_info.keep.__bi_ptr54
                0x0000000010006930        0x4 CMakeFiles/bms.dir/home/alfaugus/raspberry/pico/pico-sdk/src/rp2_common/pico_standard_binary_info/standard_binary_info.c.obj
 .binary_info.keep.__bi_ptr84
                0x0000000010006934        0x4 CMakeFiles/bms.dir/home/alfaugus/raspberry/pico/pico-sdk/src/rp2_common/pico_standard_binary_info/standard_binary_info.c.obj
 *(.binary_info.*)
 .binary_info.__bi_ptr197
                0x0000000010006938        0x4 CMakeFiles/bms.dir/home/alfaugus/raspberry/pico/pico-sdk/src/rp2_common/pico_stdio_usb/stdio_usb.c.obj
                0x000000001000693c                __binary_info_end = .

.rel.dyn        0x000000001000693c        0x0
 .rel.iplt      0x000000001000693c        0x0 /usr/lib/gcc/arm-none-eabi/10.3.1/thumb/v6-m/nofp/crtbegin.o
                0x000000001000693c                . = ALIGN (0x4)

.ram_vector_table
                0x0000000020000000       0xc0
 *(.ram_vector_table)
 .ram_vector_table
                0x0000000020000000       0xc0 CMakeFiles/bms.dir/home/alfaugus/raspberry/pico/pico-sdk/src/rp2_common/pico_runtime_init/runtime_init.c.obj
                0x0000000020000000                ram_vector_table

.uninitialized_data
                0x00000000200000c0        0x0
                0x00000000200000c0                . = ALIGN (0x4)
 *(.uninitialized_data*)

.data           0x00000000200000c0     0x1000 load address 0x000000001000693c
                0x00000000200000c0                __data_start__ = .
 *(vtable)
 *(.time_critical*)
 .time_critical.mutex_try_enter
                0x00000000200000c0       0x44 CMakeFiles/bms.dir/home/alfaugus/raspberry/pico/pico-sdk/src/common/pico_sync/mutex.c.obj
                0x00000000200000c0                mutex_try_enter
 .time_critical.mutex_try_enter_block_until
                0x0000000020000104       0x9c CMakeFiles/bms.dir/home/alfaugus/raspberry/pico/pico-sdk/src/common/pico_sync/mutex.c.obj
                0x0000000020000104                mutex_try_enter_block_until
 .time_critical.mutex_enter_timeout_ms
                0x00000000200001a0       0x90 CMakeFiles/bms.dir/home/alfaugus/raspberry/pico/pico-sdk/src/common/pico_sync/mutex.c.obj
                0x00000000200001a0                mutex_enter_timeout_ms
 .time_critical.mutex_exit
                0x0000000020000230       0x28 CMakeFiles/bms.dir/home/alfaugus/raspberry/pico/pico-sdk/src/common/pico_sync/mutex.c.obj
                0x0000000020000230                mutex_exit
 .time_critical.flash_init_boot2_copyout
                0x0000000020000258       0x30 CMakeFiles/bms.dir/home/alfaugus/raspberry/pico/pico-sdk/src/rp2_common/hardware_flash/flash.c.obj
 .time_critical.flash_enable_xip_via_boot2
                0x0000000020000288       0x10 CMakeFiles/bms.dir/home/alfaugus/raspberry/pico/pico-sdk/src/rp2_common/hardware_flash/flash.c.obj
 .time_critical.flash_cs_force
                0x0000000020000298       0x38 CMakeFiles/bms.dir/home/alfaugus/raspberry/pico/pico-sdk/src/rp2_common/hardware_flash/flash.c.obj
 .time_critical.flash_do_cmd
                0x00000000200002d0       0xc4 CMakeFiles/bms.dir/home/alfaugus/raspberry/pico/pico-sdk/src/rp2_common/hardware_flash/flash.c.obj
                0x00000000200002d0                flash_do_cmd
 .time_critical.reset_non_control_endpoints
                0x0000000020000394       0xbc CMakeFiles/bms.dir/home/alfaugus/raspberry/pico/pico-sdk/lib/tinyusb/src/portable/raspberrypi/rp2040/dcd_rp2040.c.obj
 .time_critical.hw_handle_buff_status
                0x0000000020000450       0xa8 CMakeFiles/bms.dir/home/alfaugus/raspberry/pico/pico-sdk/lib/tinyusb/src/portable/raspberrypi/rp2040/dcd_rp2040.c.obj
 .time_critical.dcd_rp2040_irq
                0x00000000200004f8      0x554 CMakeFiles/bms.dir/home/alfaugus/raspberry/pico/pico-sdk/lib/tinyusb/src/portable/raspberrypi/rp2040/dcd_rp2040.c.obj
 .time_critical.prepare_ep_buffer
                0x0000000020000a4c       0xf4 CMakeFiles/bms.dir/home/alfaugus/raspberry/pico/pico-sdk/lib/tinyusb/src/portable/raspberrypi/rp2040/rp2040_usb.c.obj
 .time_critical.sync_ep_buffer
                0x0000000020000b40       0xb4 CMakeFiles/bms.dir/home/alfaugus/raspberry/pico/pico-sdk/lib/tinyusb/src/portable/raspberrypi/rp2040/rp2040_usb.c.obj
 .time_critical._hw_endpoint_xfer_sync
                0x0000000020000bf4       0x28 CMakeFiles/bms.dir/home/alfaugus/raspberry/pico/pico-sdk/lib/tinyusb/src/portable/raspberrypi/rp2040/rp2040_usb.c.obj
 .time_critical.e15_is_bulkin_ep
                0x0000000020000c1c       0x28 CMakeFiles/bms.dir/home/alfaugus/raspberry/pico/pico-sdk/lib/tinyusb/src/portable/raspberrypi/rp2040/rp2040_usb.c.obj
 .time_critical.e15_is_critical_frame_period
                0x0000000020000c44       0x34 CMakeFiles/bms.dir/home/alfaugus/raspberry/pico/pico-sdk/lib/tinyusb/src/portable/raspberrypi/rp2040/rp2040_usb.c.obj
 .time_critical.hw_endpoint_reset_transfer
                0x0000000020000c78        0xc CMakeFiles/bms.dir/home/alfaugus/raspberry/pico/pico-sdk/lib/tinyusb/src/portable/raspberrypi/rp2040/rp2040_usb.c.obj
                0x0000000020000c78                hw_endpoint_reset_transfer
 .time_critical._hw_endpoint_buffer_control_update32
                0x0000000020000c84       0x50 CMakeFiles/bms.dir/home/alfaugus/raspberry/pico/pico-sdk/lib/tinyusb/src/portable/raspberrypi/rp2040/rp2040_usb.c.obj
                0x0000000020000c84                _hw_endpoint_buffer_control_update32
 .time_critical.hw_endpoint_start_next_buffer
                0x0000000020000cd4       0x6c CMakeFiles/bms.dir/home/alfaugus/raspberry/pico/pico-sdk/lib/tinyusb/src/portable/raspberrypi/rp2040/rp2040_usb.c.obj
                0x0000000020000cd4                hw_endpoint_start_next_buffer
 .time_critical.hw_endpoint_xfer_continue
                0x0000000020000d40       0x40 CMakeFiles/bms.dir/home/alfaugus/raspberry/pico/pico-sdk/lib/tinyusb/src/portable/raspberrypi/rp2040/rp2040_usb.c.obj
                0x0000000020000d40                hw_endpoint_xfer_continue
 .time_critical.tinyusb
                0x0000000020000d80      0x1f0 CMakeFiles/bms.dir/home/alfaugus/raspberry/pico/pico-sdk/lib/tinyusb/src/device/usbd.c.obj
                0x0000000020000d80                dcd_event_handler
 *(.text*)
 .text          0x0000000020000f70        0x4 /usr/lib/gcc/arm-none-eabi/10.3.1/thumb/v6-m/nofp/libgcc.a(_dvmd_tls.o)
                0x0000000020000f70                __aeabi_ldiv0
                0x0000000020000f70                __aeabi_idiv0
 *fill*         0x0000000020000f74        0x4 
 .text.__stub   0x0000000020000f78       0x80 linker stubs
                0x0000000020000ff8                . = ALIGN (0x4)
 *(.rodata*)
                0x0000000020000ff8                . = ALIGN (0x4)
 *(.data*)
 .data.striped_spin_lock_num
                0x0000000020000ff8        0x1 CMakeFiles/bms.dir/home/alfaugus/raspberry/pico/pico-sdk/src/rp2_common/hardware_sync/sync.c.obj
 *fill*         0x0000000020000ff9        0x3 
 .data          0x0000000020000ffc       0x48 CMakeFiles/bms.dir/home/alfaugus/raspberry/pico/pico-sdk/src/rp2_common/hardware_irq/irq_handler_chain.S.obj
                0x0000000020000ffc                irq_handler_chain_slots
                0x000000002000102c                irq_handler_chain_first_slot
                0x0000000020001036                irq_handler_chain_remove_tail
 .data.default_alarm_pool
                0x0000000020001044       0x18 CMakeFiles/bms.dir/home/alfaugus/raspberry/pico/pico-sdk/src/common/pico_time/time.c.obj
 *fill*         0x000000002000105c        0x4 
 .data.aeabi_bits_funcs
                0x0000000020001060       0x10 CMakeFiles/bms.dir/home/alfaugus/raspberry/pico/pico-sdk/src/rp2_common/pico_bit_ops/bit_ops_aeabi.S.obj
                0x0000000020001060                aeabi_bits_funcs
                0x0000000020001070                aeabi_bits_funcs_end
 .data.aeabi_mem_funcs
                0x0000000020001070       0x10 CMakeFiles/bms.dir/home/alfaugus/raspberry/pico/pico-sdk/src/rp2_common/pico_mem_ops/mem_ops_aeabi.S.obj
                0x0000000020001070                aeabi_mem_funcs
                0x0000000020001080                aeabi_mem_funcs_end
 .data.stdio_usb
                0x0000000020001080       0x18 CMakeFiles/bms.dir/home/alfaugus/raspberry/pico/pico-sdk/src/rp2_common/pico_stdio_usb/stdio_usb.c.obj
                0x0000000020001080                stdio_usb
 .data._usbd_qdef
                0x0000000020001098       0x1c CMakeFiles/bms.dir/home/alfaugus/raspberry/pico/pico-sdk/lib/tinyusb/src/device/usbd.c.obj
                0x0000000020001098                _usbd_qdef
 .data._usbd_rhport
                0x00000000200010b4        0x1 CMakeFiles/bms.dir/home/alfaugus/raspberry/pico/pico-sdk/lib/tinyusb/src/device/usbd.c.obj
                0x00000000200010b8                . = ALIGN (0x4)
 *fill*         0x00000000200010b5        0x3 
 *(.after_data.*)
                0x00000000200010b8                . = ALIGN (0x4)
                0x00000000200010b8                PROVIDE (__mutex_array_start = .)
 *(SORT_BY_NAME(.mutex_array.*))
 *(.mutex_array)
 .mutex_array   0x00000000200010b8        0x8 CMakeFiles/bms.dir/home/alfaugus/raspberry/pico/pico-sdk/src/rp2_common/pico_stdio/stdio.c.obj
                0x00000000200010c0                PROVIDE (__mutex_array_end = .)
                0x00000000200010c0                . = ALIGN (0x4)
 *(.jcr)
                0x00000000200010c0                . = ALIGN (0x4)

.tm_clone_table
                0x00000000200010c0        0x0 load address 0x000000001000793c
 .tm_clone_table
                0x00000000200010c0        0x0 /usr/lib/gcc/arm-none-eabi/10.3.1/thumb/v6-m/nofp/crtbegin.o
 .tm_clone_table
                0x00000000200010c0        0x0 /usr/lib/gcc/arm-none-eabi/10.3.1/thumb/v6-m/nofp/crtend.o

.igot.plt       0x00000000200010c0        0x0 load address 0x000000001000793c
 .igot.plt      0x00000000200010c0        0x0 /usr/lib/gcc/arm-none-eabi/10.3.1/thumb/v6-m/nofp/crtbegin.o

.tdata          0x00000000200010c0        0x0 load address 0x000000001000793c
                0x00000000200010c0                . = ALIGN (0x4)
 *(.tdata .tdata.* .gnu.linkonce.td.*)
                0x00000000200010c0                __tdata_end = .
                0x00000000200010c0                PROVIDE (__data_end__ = .)
                0x000000001000693c                __etext = LOADADDR (.data)

.tbss           0x00000000200010c0        0x0 load address 0x000000001000793c
                0x00000000200010c0                . = ALIGN (0x4)
                0x00000000200010c0                __bss_start__ = .
                0x00000000200010c0                __tls_base = .
 *(.tbss .tbss.* .gnu.linkonce.tb.*)
 *(.tcommon)
                0x00000000200010c0                __tls_end = .

.bss            0x00000000200010c0     0x106c load address 0x000000001000793c
                0x00000000200010c0                . = ALIGN (0x4)
                0x00000000200010c0                __tbss_end = .
 *(SORT_BY_ALIGNMENT(SORT_BY_NAME(.bss*)))
 .bss.default_alarm_pool_entries
                0x00000000200010c0      0x180 CMakeFiles/bms.dir/home/alfaugus/raspberry/pico/pico-sdk/src/common/pico_time/time.c.obj
 .bss.last_avail_time.1
                0x0000000020001240        0x8 CMakeFiles/bms.dir/home/alfaugus/raspberry/pico/pico-sdk/src/rp2_common/pico_stdio_usb/stdio_usb.c.obj
 .bss.sd_table  0x0000000020001248      0x100 CMakeFiles/bms.dir/home/alfaugus/raspberry/pico/pico-sdk/src/rp2_common/pico_double/double_init_rom_rp2040.c.obj
                0x0000000020001248                sd_table
 .bss           0x0000000020001348       0x1c /usr/lib/gcc/arm-none-eabi/10.3.1/thumb/v6-m/nofp/crtbegin.o
 .bss._app_driver
                0x0000000020001364        0x4 CMakeFiles/bms.dir/home/alfaugus/raspberry/pico/pico-sdk/lib/tinyusb/src/device/usbd.c.obj
 .bss._cdcd_fifo_cfg
                0x0000000020001368        0x1 CMakeFiles/bms.dir/home/alfaugus/raspberry/pico/pico-sdk/lib/tinyusb/src/class/cdc/cdc_device.c.obj
 *fill*         0x0000000020001369        0x3 
 .bss._cdcd_itf
                0x000000002000136c      0x2c8 CMakeFiles/bms.dir/home/alfaugus/raspberry/pico/pico-sdk/lib/tinyusb/src/class/cdc/cdc_device.c.obj
 .bss._ctrl_xfer
                0x0000000020001634       0x14 CMakeFiles/bms.dir/home/alfaugus/raspberry/pico/pico-sdk/lib/tinyusb/src/device/usbd_control.c.obj
 .bss._ubsd_mutexdef
                0x0000000020001648        0x8 CMakeFiles/bms.dir/home/alfaugus/raspberry/pico/pico-sdk/lib/tinyusb/src/device/usbd.c.obj
 .bss._usbd_ctrl_buf
                0x0000000020001650       0x40 CMakeFiles/bms.dir/home/alfaugus/raspberry/pico/pico-sdk/lib/tinyusb/src/device/usbd_control.c.obj
 .bss._usbd_dev
                0x0000000020001690       0x54 CMakeFiles/bms.dir/home/alfaugus/raspberry/pico/pico-sdk/lib/tinyusb/src/device/usbd.c.obj
 .bss._usbd_mutex
                0x00000000200016e4        0x4 CMakeFiles/bms.dir/home/alfaugus/raspberry/pico/pico-sdk/lib/tinyusb/src/device/usbd.c.obj
 .bss._usbd_q   0x00000000200016e8        0x4 CMakeFiles/bms.dir/home/alfaugus/raspberry/pico/pico-sdk/lib/tinyusb/src/device/usbd.c.obj
 .bss._usbd_qdef_buf
                0x00000000200016ec       0xc0 CMakeFiles/bms.dir/home/alfaugus/raspberry/pico/pico-sdk/lib/tinyusb/src/device/usbd.c.obj
                0x00000000200016ec                _usbd_qdef_buf
 .bss._vendord_itf
                0x00000000200017ac      0x2bc CMakeFiles/bms.dir/home/alfaugus/raspberry/pico/pico-sdk/lib/tinyusb/src/class/vendor/vendor_device.c.obj
 .bss.boot2_copyout
                0x0000000020001a68      0x100 CMakeFiles/bms.dir/home/alfaugus/raspberry/pico/pico-sdk/src/rp2_common/hardware_flash/flash.c.obj
 .bss.chars_available_callback
                0x0000000020001b68        0x4 CMakeFiles/bms.dir/home/alfaugus/raspberry/pico/pico-sdk/src/rp2_common/pico_stdio_usb/stdio_usb.c.obj
 .bss.chars_available_param
                0x0000000020001b6c        0x4 CMakeFiles/bms.dir/home/alfaugus/raspberry/pico/pico-sdk/src/rp2_common/pico_stdio_usb/stdio_usb.c.obj
 .bss.claimed   0x0000000020001b70        0x4 CMakeFiles/bms.dir/home/alfaugus/raspberry/pico/pico-sdk/src/rp2_common/hardware_sync/sync.c.obj
 .bss.claimed   0x0000000020001b74        0x1 CMakeFiles/bms.dir/home/alfaugus/raspberry/pico/pico-sdk/src/rp2_common/hardware_timer/timer.c.obj
 *fill*         0x0000000020001b75        0x3 
 .bss.configured_freq
                0x0000000020001b78       0x28 CMakeFiles/bms.dir/home/alfaugus/raspberry/pico/pico-sdk/src/rp2_common/hardware_clocks/clocks.c.obj
 .bss.desc_str.0
                0x0000000020001ba0       0x28 CMakeFiles/bms.dir/home/alfaugus/raspberry/pico/pico-sdk/src/rp2_common/pico_stdio_usb/stdio_usb_descriptors.c.obj
 .bss.drivers   0x0000000020001bc8        0x4 CMakeFiles/bms.dir/home/alfaugus/raspberry/pico/pico-sdk/src/rp2_common/pico_stdio/stdio.c.obj
 .bss.e15_last_sof
                0x0000000020001bcc        0x4 CMakeFiles/bms.dir/home/alfaugus/raspberry/pico/pico-sdk/lib/tinyusb/src/portable/raspberrypi/rp2040/rp2040_usb.c.obj
                0x0000000020001bcc                e15_last_sof
 .bss.filter    0x0000000020001bd0        0x4 CMakeFiles/bms.dir/home/alfaugus/raspberry/pico/pico-sdk/src/rp2_common/pico_stdio/stdio.c.obj
 .bss.hw_endpoints
                0x0000000020001bd4      0x400 CMakeFiles/bms.dir/home/alfaugus/raspberry/pico/pico-sdk/lib/tinyusb/src/portable/raspberrypi/rp2040/dcd_rp2040.c.obj
 .bss.lazy_vsnprintf
                0x0000000020001fd4        0x4 CMakeFiles/bms.dir/home/alfaugus/raspberry/pico/pico-sdk/src/rp2_common/pico_printf/printf.c.obj
 .bss.load_value
                0x0000000020001fd8        0x4 CMakeFiles/bms.dir/home/alfaugus/raspberry/pico/pico-sdk/src/rp2_common/hardware_watchdog/watchdog.c.obj
 .bss.next_buffer_ptr
                0x0000000020001fdc        0x4 CMakeFiles/bms.dir/home/alfaugus/raspberry/pico/pico-sdk/lib/tinyusb/src/portable/raspberrypi/rp2040/dcd_rp2040.c.obj
 .bss.one_shot_timer_crit_sec
                0x0000000020001fe0        0x8 CMakeFiles/bms.dir/home/alfaugus/raspberry/pico/pico-sdk/src/rp2_common/pico_stdio_usb/stdio_usb.c.obj
 .bss.pools     0x0000000020001fe8       0x10 CMakeFiles/bms.dir/home/alfaugus/raspberry/pico/pico-sdk/src/common/pico_time/time.c.obj
 .bss.retrieved_id
                0x0000000020001ff8        0x8 CMakeFiles/bms.dir/home/alfaugus/raspberry/pico/pico-sdk/src/rp2_common/pico_unique_id/unique_id.c.obj
 .bss.sf_clz_func
                0x0000000020002000        0x4 CMakeFiles/bms.dir/home/alfaugus/raspberry/pico/pico-sdk/src/rp2_common/pico_double/double_init_rom_rp2040.c.obj
                0x0000000020002000                sf_clz_func
 .bss.sf_table  0x0000000020002004      0x100 CMakeFiles/bms.dir/home/alfaugus/raspberry/pico/pico-sdk/src/rp2_common/pico_float/float_init_rom_rp2040.c.obj
                0x0000000020002004                sf_table
 .bss.sleep_notifier
                0x0000000020002104        0x4 CMakeFiles/bms.dir/home/alfaugus/raspberry/pico/pico-sdk/src/common/pico_time/time.c.obj
 .bss.stdio_usb_mutex
                0x0000000020002108        0x8 CMakeFiles/bms.dir/home/alfaugus/raspberry/pico/pico-sdk/src/rp2_common/pico_stdio_usb/stdio_usb.c.obj
 .bss.usbd_serial_str
                0x0000000020002110       0x11 CMakeFiles/bms.dir/home/alfaugus/raspberry/pico/pico-sdk/src/rp2_common/pico_stdio_usb/stdio_usb_descriptors.c.obj
 .bss._app_driver_count
                0x0000000020002121        0x1 CMakeFiles/bms.dir/home/alfaugus/raspberry/pico/pico-sdk/lib/tinyusb/src/device/usbd.c.obj
 .bss._sof_enable
                0x0000000020002122        0x1 CMakeFiles/bms.dir/home/alfaugus/raspberry/pico/pico-sdk/lib/tinyusb/src/portable/raspberrypi/rp2040/dcd_rp2040.c.obj
 .bss._usbd_queued_setup
                0x0000000020002123        0x1 CMakeFiles/bms.dir/home/alfaugus/raspberry/pico/pico-sdk/lib/tinyusb/src/device/usbd.c.obj
 .bss.boot2_copyout_valid
                0x0000000020002124        0x1 CMakeFiles/bms.dir/home/alfaugus/raspberry/pico/pico-sdk/src/rp2_common/hardware_flash/flash.c.obj
 .bss.irq_handler_chain_free_slot_head
                0x0000000020002125        0x1 CMakeFiles/bms.dir/home/alfaugus/raspberry/pico/pico-sdk/src/rp2_common/hardware_irq/irq.c.obj
 .bss.itf_num   0x0000000020002126        0x1 CMakeFiles/bms.dir/home/alfaugus/raspberry/pico/pico-sdk/src/rp2_common/pico_stdio_usb/reset_interface.c.obj
 .bss.low_priority_irq_num
                0x0000000020002127        0x1 CMakeFiles/bms.dir/home/alfaugus/raspberry/pico/pico-sdk/src/rp2_common/pico_stdio_usb/stdio_usb.c.obj
 .bss.one_shot_timer_pending
                0x0000000020002128        0x1 CMakeFiles/bms.dir/home/alfaugus/raspberry/pico/pico-sdk/src/rp2_common/pico_stdio_usb/stdio_usb.c.obj
 .bss.user_irq_claimed
                0x0000000020002129        0x1 CMakeFiles/bms.dir/home/alfaugus/raspberry/pico/pico-sdk/src/rp2_common/hardware_irq/irq.c.obj
 *(COMMON)
                0x000000002000212c                . = ALIGN (0x4)
 *fill*         0x000000002000212a        0x2 
                0x000000002000212c                __bss_end__ = .

.heap           0x000000002000212c    0x3ded4 load address 0x000000001000793c
                0x000000002000212c                __end__ = .
                0x000000002000212c                end = __end__
 *(.heap*)
 .heap          0x000000002000212c      0x800 CMakeFiles/bms.dir/home/alfaugus/raspberry/pico/pico-sdk/src/rp2_common/pico_crt0/crt0.S.obj
                0x0000000020040000                . = (ORIGIN (RAM) + LENGTH (RAM))
 *fill*         0x000000002000292c    0x3d6d4 
                0x0000000020040000                __HeapLimit = .

.scratch_x      0x0000000020040000        0x0 load address 0x000000001000793c
                0x0000000020040000                __scratch_x_start__ = .
 *(.scratch_x.*)
                0x0000000020040000                . = ALIGN (0x4)
                0x0000000020040000                __scratch_x_end__ = .
                0x000000001000793c                __scratch_x_source__ = LOADADDR (.scratch_x)

.scratch_y      0x0000000020041000        0x0 load address 0x000000001000793c
                0x0000000020041000                __scratch_y_start__ = .
 *(.scratch_y.*)
                0x0000000020041000                . = ALIGN (0x4)
                0x0000000020041000                __scratch_y_end__ = .
                0x000000001000793c                __scratch_y_source__ = LOADADDR (.scratch_y)

.stack1_dummy   0x0000000020040000        0x0
 *(.stack1*)

.stack_dummy    0x0000000020041000      0x800
 *(.stack*)
 .stack         0x0000000020041000      0x800 CMakeFiles/bms.dir/home/alfaugus/raspberry/pico/pico-sdk/src/rp2_common/pico_crt0/crt0.S.obj

.flash_end      0x000000001000793c        0x0
 *(.embedded_end_block*)
                0x000000001000793c                PROVIDE (__flash_binary_end = .)
                0x0000000020040000                __StackLimit = (ORIGIN (RAM) + LENGTH (RAM))
                0x0000000020041000                __StackOneTop = (ORIGIN (SCRATCH_X) + LENGTH (SCRATCH_X))
                0x0000000020042000                __StackTop = (ORIGIN (SCRATCH_Y) + LENGTH (SCRATCH_Y))
                0x0000000020041000                __StackOneBottom = (__StackOneTop - SIZEOF (.stack1_dummy))
                0x0000000020041800                __StackBottom = (__StackTop - SIZEOF (.stack_dummy))
                0x0000000020042000                PROVIDE (__stack = __StackTop)
                [!provide]                        PROVIDE (__heap_start = __end__)
                [!provide]                        PROVIDE (__heap_end = __HeapLimit)
                [!provide]                        PROVIDE (__tls_align = MAX (ALIGNOF (.tdata), ALIGNOF (.tbss)))
                [!provide]                        PROVIDE (__tls_size_align = (((__tls_size + __tls_align) - 0x1) & ~ ((__tls_align - 0x1))))
                [!provide]                        PROVIDE (__arm32_tls_tcb_offset = MAX (0x8, __tls_align))
                [!provide]                        PROVIDE (_end = __end__)
                [!provide]                        PROVIDE (__llvm_libc_heap_limit = __HeapLimit)
                0x0000000000000001                ASSERT ((__StackLimit >= __HeapLimit), region RAM overflowed)
                0x0000000000000001                ASSERT (((__binary_info_header_end - __logical_binary_start) <= 0x100), Binary info must be in first 256 bytes of the binary)
LOAD CMakeFiles/bms.dir/bms.c.obj
LOAD CMakeFiles/bms.dir/home/alfaugus/raspberry/pico/pico-sdk/src/rp2_common/pico_stdlib/stdlib.c.obj
LOAD CMakeFiles/bms.dir/home/alfaugus/raspberry/pico/pico-sdk/src/rp2_common/hardware_gpio/gpio.c.obj
LOAD CMakeFiles/bms.dir/home/alfaugus/raspberry/pico/pico-sdk/src/rp2040/pico_platform/platform.c.obj
LOAD CMakeFiles/bms.dir/home/alfaugus/raspberry/pico/pico-sdk/src/rp2_common/pico_platform_panic/panic.c.obj
LOAD CMakeFiles/bms.dir/home/alfaugus/raspberry/pico/pico-sdk/src/common/hardware_claim/claim.c.obj
LOAD CMakeFiles/bms.dir/home/alfaugus/raspberry/pico/pico-sdk/src/rp2_common/hardware_sync/sync.c.obj
LOAD CMakeFiles/bms.dir/home/alfaugus/raspberry/pico/pico-sdk/src/rp2_common/hardware_sync_spin_lock/sync_spin_lock.c.obj
LOAD CMakeFiles/bms.dir/home/alfaugus/raspberry/pico/pico-sdk/src/rp2_common/hardware_irq/irq.c.obj
LOAD CMakeFiles/bms.dir/home/alfaugus/raspberry/pico/pico-sdk/src/rp2_common/hardware_irq/irq_handler_chain.S.obj
LOAD CMakeFiles/bms.dir/home/alfaugus/raspberry/pico/pico-sdk/src/common/pico_sync/sem.c.obj
LOAD CMakeFiles/bms.dir/home/alfaugus/raspberry/pico/pico-sdk/src/common/pico_sync/lock_core.c.obj
LOAD CMakeFiles/bms.dir/home/alfaugus/raspberry/pico/pico-sdk/src/common/pico_sync/mutex.c.obj
LOAD CMakeFiles/bms.dir/home/alfaugus/raspberry/pico/pico-sdk/src/common/pico_sync/critical_section.c.obj
LOAD CMakeFiles/bms.dir/home/alfaugus/raspberry/pico/pico-sdk/src/common/pico_time/time.c.obj
LOAD CMakeFiles/bms.dir/home/alfaugus/raspberry/pico/pico-sdk/src/common/pico_time/timeout_helper.c.obj
LOAD CMakeFiles/bms.dir/home/alfaugus/raspberry/pico/pico-sdk/src/rp2_common/hardware_timer/timer.c.obj
LOAD CMakeFiles/bms.dir/home/alfaugus/raspberry/pico/pico-sdk/src/common/pico_util/datetime.c.obj
LOAD CMakeFiles/bms.dir/home/alfaugus/raspberry/pico/pico-sdk/src/common/pico_util/pheap.c.obj
LOAD CMakeFiles/bms.dir/home/alfaugus/raspberry/pico/pico-sdk/src/common/pico_util/queue.c.obj
LOAD CMakeFiles/bms.dir/home/alfaugus/raspberry/pico/pico-sdk/src/rp2_common/hardware_uart/uart.c.obj
LOAD CMakeFiles/bms.dir/home/alfaugus/raspberry/pico/pico-sdk/src/rp2_common/hardware_clocks/clocks.c.obj
LOAD CMakeFiles/bms.dir/home/alfaugus/raspberry/pico/pico-sdk/src/rp2_common/hardware_pll/pll.c.obj
LOAD CMakeFiles/bms.dir/home/alfaugus/raspberry/pico/pico-sdk/src/rp2_common/hardware_vreg/vreg.c.obj
LOAD CMakeFiles/bms.dir/home/alfaugus/raspberry/pico/pico-sdk/src/rp2_common/hardware_watchdog/watchdog.c.obj
LOAD CMakeFiles/bms.dir/home/alfaugus/raspberry/pico/pico-sdk/src/rp2_common/hardware_ticks/ticks.c.obj
LOAD CMakeFiles/bms.dir/home/alfaugus/raspberry/pico/pico-sdk/src/rp2_common/hardware_xosc/xosc.c.obj
LOAD CMakeFiles/bms.dir/home/alfaugus/raspberry/pico/pico-sdk/src/rp2_common/hardware_divider/divider.S.obj
LOAD CMakeFiles/bms.dir/home/alfaugus/raspberry/pico/pico-sdk/src/rp2_common/pico_runtime/runtime.c.obj
LOAD CMakeFiles/bms.dir/home/alfaugus/raspberry/pico/pico-sdk/src/rp2_common/pico_runtime_init/runtime_init.c.obj
LOAD CMakeFiles/bms.dir/home/alfaugus/raspberry/pico/pico-sdk/src/rp2_common/pico_runtime_init/runtime_init_clocks.c.obj
LOAD CMakeFiles/bms.dir/home/alfaugus/raspberry/pico/pico-sdk/src/rp2_common/pico_runtime_init/runtime_init_stack_guard.c.obj
LOAD CMakeFiles/bms.dir/home/alfaugus/raspberry/pico/pico-sdk/src/rp2_common/pico_bit_ops/bit_ops_aeabi.S.obj
LOAD CMakeFiles/bms.dir/home/alfaugus/raspberry/pico/pico-sdk/src/rp2_common/pico_bootrom/bootrom.c.obj