Archive member included to satisfy reference by file (symbol)

/usr/lib/gcc/arm-none-eabi/10.3.1/thumb/v6-m/nofp/libgcc.a(_dvmd_tls.o)
                              CMakeFiles/udp_basic.dir/home/alfaugus/raspberry/pico/pico-sdk/src/rp2_common/pico_divider/divider_hardware.S.obj (__aeabi_idiv0)
/usr/lib/gcc/arm-none-eabi/10.3.1/../../../arm-none-eabi/lib/thumb/v6-m/nofp/libg.a(lib_a-atexit.o)
                              /usr/lib/gcc/arm-none-eabi/10.3.1/../../../arm-none-eabi/lib/thumb/v6-m/nofp/crt0.o (atexit)
/usr/lib/gcc/arm-none-eabi/10.3.1/../../../arm-none-eabi/lib/thumb/v6-m/nofp/libg.a(lib_a-atoi.o)
                              CMakeFiles/udp_basic.dir/home/alfaugus/raspberry/pico/pico-sdk/lib/lwip/src/core/netif.c.obj (atoi)
/usr/lib/gcc/arm-none-eabi/10.3.1/../../../arm-none-eabi/lib/thumb/v6-m/nofp/libg.a(lib_a-calloc.o)
                              CMakeFiles/udp_basic.dir/home/alfaugus/raspberry/pico/pico-sdk/src/rp2_common/pico_malloc/malloc.c.obj (calloc)
/usr/lib/gcc/arm-none-eabi/10.3.1/../../../arm-none-eabi/lib/thumb/v6-m/nofp/libg.a(lib_a-callocr.o)
                              /usr/lib/gcc/arm-none-eabi/10.3.1/../../../arm-none-eabi/lib/thumb/v6-m/nofp/libg.a(lib_a-calloc.o) (_calloc_r)
/usr/lib/gcc/arm-none-eabi/10.3.1/../../../arm-none-eabi/lib/thumb/v6-m/nofp/libg.a(lib_a-ctype_.o)
                              CMakeFiles/udp_basic.dir/home/alfaugus/raspberry/pico/pico-sdk/lib/lwip/src/core/dns.c.obj (_ctype_)
/usr/lib/gcc/arm-none-eabi/10.3.1/../../../arm-none-eabi/lib/thumb/v6-m/nofp/libg.a(lib_a-fini.o)
                              /usr/lib/gcc/arm-none-eabi/10.3.1/../../../arm-none-eabi/lib/thumb/v6-m/nofp/crt0.o (__libc_fini_array)
/usr/lib/gcc/arm-none-eabi/10.3.1/../../../arm-none-eabi/lib/thumb/v6-m/nofp/libg.a(lib_a-impure.o)
                              /usr/lib/gcc/arm-none-eabi/10.3.1/../../../arm-none-eabi/lib/thumb/v6-m/nofp/libg.a(lib_a-calloc.o) (_impure_ptr)
/usr/lib/gcc/arm-none-eabi/10.3.1/../../../arm-none-eabi/lib/thumb/v6-m/nofp/libg.a(lib_a-init.o)
                              /usr/lib/gcc/arm-none-eabi/10.3.1/../../../arm-none-eabi/lib/thumb/v6-m/nofp/crt0.o (__libc_init_array)
/usr/lib/gcc/arm-none-eabi/10.3.1/../../../arm-none-eabi/lib/thumb/v6-m/nofp/libg.a(lib_a-lcltime_r.o)
                              CMakeFiles/udp_basic.dir/home/alfaugus/raspberry/pico/pico-sdk/src/common/pico_util/datetime.c.obj (localtime_r)
/usr/lib/gcc/arm-none-eabi/10.3.1/../../../arm-none-eabi/lib/thumb/v6-m/nofp/libg.a(lib_a-malloc.o)
                              CMakeFiles/udp_basic.dir/home/alfaugus/raspberry/pico/pico-sdk/src/rp2_common/pico_malloc/malloc.c.obj (malloc)
/usr/lib/gcc/arm-none-eabi/10.3.1/../../../arm-none-eabi/lib/thumb/v6-m/nofp/libg.a(lib_a-mallocr.o)
                              /usr/lib/gcc/arm-none-eabi/10.3.1/../../../arm-none-eabi/lib/thumb/v6-m/nofp/libg.a(lib_a-callocr.o) (_malloc_r)
/usr/lib/gcc/arm-none-eabi/10.3.1/../../../arm-none-eabi/lib/thumb/v6-m/nofp/libg.a(lib_a-memcmp.o)
                              CMakeFiles/udp_basic.dir/home/alfaugus/raspberry/pico/pico-sdk/lib/lwip/src/netif/ethernet.c.obj (memcmp)
/usr/lib/gcc/arm-none-eabi/10.3.1/../../../arm-none-eabi/lib/thumb/v6-m/nofp/libg.a(lib_a-memmove.o)
                              CMakeFiles/udp_basic.dir/home/alfaugus/raspberry/pico/pico-sdk/lib/lwip/src/core/def.c.obj (memmove)
/usr/lib/gcc/arm-none-eabi/10.3.1/../../../arm-none-eabi/lib/thumb/v6-m/nofp/libg.a(lib_a-mktime.o)
                              CMakeFiles/udp_basic.dir/home/alfaugus/raspberry/pico/pico-sdk/src/common/pico_util/datetime.c.obj (mktime)
/usr/lib/gcc/arm-none-eabi/10.3.1/../../../arm-none-eabi/lib/thumb/v6-m/nofp/libg.a(lib_a-mlock.o)
                              /usr/lib/gcc/arm-none-eabi/10.3.1/../../../arm-none-eabi/lib/thumb/v6-m/nofp/libg.a(lib_a-mallocr.o) (__malloc_lock)
/usr/lib/gcc/arm-none-eabi/10.3.1/../../../arm-none-eabi/lib/thumb/v6-m/nofp/libg.a(lib_a-month_lengths.o)
                              /usr/lib/gcc/arm-none-eabi/10.3.1/../../../arm-none-eabi/lib/thumb/v6-m/nofp/libg.a(lib_a-lcltime_r.o) (__month_lengths)
/usr/lib/gcc/arm-none-eabi/10.3.1/../../../arm-none-eabi/lib/thumb/v6-m/nofp/libg.a(lib_a-realloc.o)
                              CMakeFiles/udp_basic.dir/home/alfaugus/raspberry/pico/pico-sdk/src/rp2_common/pico_malloc/malloc.c.obj (realloc)
/usr/lib/gcc/arm-none-eabi/10.3.1/../../../arm-none-eabi/lib/thumb/v6-m/nofp/libg.a(lib_a-reallocr.o)
                              /usr/lib/gcc/arm-none-eabi/10.3.1/../../../arm-none-eabi/lib/thumb/v6-m/nofp/libg.a(lib_a-realloc.o) (_realloc_r)
/usr/lib/gcc/arm-none-eabi/10.3.1/../../../arm-none-eabi/lib/thumb/v6-m/nofp/libg.a(lib_a-sbrkr.o)
                              /usr/lib/gcc/arm-none-eabi/10.3.1/../../../arm-none-eabi/lib/thumb/v6-m/nofp/libg.a(lib_a-mallocr.o) (_sbrk_r)
/usr/lib/gcc/arm-none-eabi/10.3.1/../../../arm-none-eabi/lib/thumb/v6-m/nofp/libg.a(lib_a-strlen-stub.o)
[...]
Memory Configuration

Name             Origin             Length             Attributes
FLASH            0x0000000010000000 0x0000000000200000 xr
RAM              0x0000000020000000 0x0000000000040000 xrw
SCRATCH_X        0x0000000020040000 0x0000000000001000 xrw
SCRATCH_Y        0x0000000020041000 0x0000000000001000 xrw
*default*        0x0000000000000000 0xffffffffffffffff

Linker script and memory map

LOAD /usr/lib/gcc/arm-none-eabi/10.3.1/thumb/v6-m/nofp/crti.o
LOAD /usr/lib/gcc/arm-none-eabi/10.3.1/thumb/v6-m/nofp/crtbegin.o
LOAD /usr/lib/gcc/arm-none-eabi/10.3.1/../../../arm-none-eabi/lib/thumb/v6-m/nofp/crt0.o

.flash_begin    0x0000000010000000        0x0
                0x0000000010000000                __flash_binary_start = .

.boot2          0x0000000010000000      0x100
                0x0000000010000000                __boot2_start__ = .
 *(.boot2)
 .boot2         0x0000000010000000      0x100 /tmp/cc07spIc.o
                0x0000000010000100                __boot2_end__ = .
                0x0000000000000001                ASSERT (((__boot2_end__ - __boot2_start__) == 0x100), ERROR: Pico second stage bootloader must be 256 bytes in size)

.text           0x0000000010000100    0x1748c
                0x0000000010000100                __logical_binary_start = .
 *(.vectors)
 .vectors       0x0000000010000100       0xd4 CMakeFiles/udp_basic.dir/home/alfaugus/raspberry/pico/pico-sdk/src/rp2_common/pico_crt0/crt0.S.obj
                0x0000000010000100                __vectors
                0x0000000010000100                __VECTOR_TABLE
                0x00000000100001c0                isr_invalid
                0x00000000100001c0                __default_isrs_start
                0x00000000100001c2                isr_nmi
                0x00000000100001c4                isr_hardfault
                0x00000000100001c6                isr_svcall
                0x00000000100001c8                isr_pendsv
                0x00000000100001ca                isr_systick
                0x00000000100001cc                isr_irq30
                0x00000000100001cc                __unhandled_user_irq
                0x00000000100001cc                isr_irq13
                0x00000000100001cc                isr_irq27
                0x00000000100001cc                isr_irq31
                0x00000000100001cc                isr_irq5
                0x00000000100001cc                isr_irq11
                0x00000000100001cc                isr_irq23
                0x00000000100001cc                isr_irq18
                0x00000000100001cc                isr_irq28
                0x00000000100001cc                isr_irq19
                0x00000000100001cc                isr_irq0
                0x00000000100001cc                isr_irq6
                0x00000000100001cc                isr_irq22
                0x00000000100001cc                isr_irq17
                0x00000000100001cc                isr_irq14
                0x00000000100001cc                isr_irq2
                0x00000000100001cc                isr_irq10
                0x00000000100001cc                isr_irq8
                0x00000000100001cc                isr_irq24
                0x00000000100001cc                isr_irq1
                0x00000000100001cc                isr_irq7
                0x00000000100001cc                isr_irq21
                0x00000000100001cc                isr_irq20
                0x00000000100001cc                isr_irq15
                0x00000000100001cc                isr_irq25
                0x00000000100001cc                isr_irq4
                0x00000000100001cc                isr_irq16
                0x00000000100001cc                isr_irq29
                0x00000000100001cc                isr_irq26
                0x00000000100001cc                __default_isrs_end
                0x00000000100001cc                isr_irq3
                0x00000000100001cc                isr_irq12
                0x00000000100001cc                isr_irq9
                0x00000000100001d2                unhandled_user_irq_num_in_r0
 *(.binary_info_header)
 .binary_info_header
                0x00000000100001d4       0x14 CMakeFiles/udp_basic.dir/home/alfaugus/raspberry/pico/pico-sdk/src/rp2_common/pico_crt0/crt0.S.obj
                0x00000000100001e8                __binary_info_header_end = .
 *(.embedded_block)
                0x00000000100001e8                __embedded_block_end = .
 *(.reset)
 .reset         0x00000000100001e8       0x9c CMakeFiles/udp_basic.dir/home/alfaugus/raspberry/pico/pico-sdk/src/rp2_common/pico_crt0/crt0.S.obj
                0x00000000100001e8                _entry_point
 *(.init)
 .init          0x0000000010000284        0x4 /usr/lib/gcc/arm-none-eabi/10.3.1/thumb/v6-m/nofp/crti.o
                0x0000000010000284                _init
 *(EXCLUDE_FILE(*libm.a: *libc.a:*lib_a-mem*.o *libgcc.a:) .text*)
 .text          0x0000000010000288       0x98 /usr/lib/gcc/arm-none-eabi/10.3.1/thumb/v6-m/nofp/crtbegin.o
 .text.udp_receiver
                0x0000000010000320       0x88 CMakeFiles/udp_basic.dir/drone_udp.c.obj
                0x0000000010000320                udp_receiver
 .text.udp_broadcaster
                0x00000000100003a8       0x44 CMakeFiles/udp_basic.dir/drone_udp.c.obj
                0x00000000100003a8                udp_broadcaster
 .text.wifi_setup
                0x00000000100003ec       0x64 CMakeFiles/udp_basic.dir/drone_udp.c.obj
                0x00000000100003ec                wifi_setup
 .text.udp_setup
                0x0000000010000450       0x88 CMakeFiles/udp_basic.dir/drone_udp.c.obj
                0x0000000010000450                udp_setup
 .text.startup.main
                0x00000000100004d8       0x50 CMakeFiles/udp_basic.dir/drone_udp.c.obj
                0x00000000100004d8                main
 .text.lwip_timeout_reached
                0x0000000010000528        0x8 CMakeFiles/udp_basic.dir/home/alfaugus/raspberry/pico/pico-sdk/src/rp2_common/pico_lwip/lwip_nosys.c.obj
 .text.update_next_timeout
                0x0000000010000530       0x6c CMakeFiles/udp_basic.dir/home/alfaugus/raspberry/pico/pico-sdk/src/rp2_common/pico_lwip/lwip_nosys.c.obj
 .text.lwip_nosys_init
                0x000000001000059c       0x30 CMakeFiles/udp_basic.dir/home/alfaugus/raspberry/pico/pico-sdk/src/rp2_common/pico_lwip/lwip_nosys.c.obj
                0x000000001000059c                lwip_nosys_init
 .text.lwip_nosys_deinit
                0x00000000100005cc       0x20 CMakeFiles/udp_basic.dir/home/alfaugus/raspberry/pico/pico-sdk/src/rp2_common/pico_lwip/lwip_nosys.c.obj
                0x00000000100005cc                lwip_nosys_deinit
 .text.sys_arch_protect
                0x00000000100005ec        0x4 CMakeFiles/udp_basic.dir/home/alfaugus/raspberry/pico/pico-sdk/src/rp2_common/pico_lwip/lwip_nosys.c.obj
                0x00000000100005ec                sys_arch_protect
 .text.sys_arch_unprotect
                0x00000000100005f0        0x4 CMakeFiles/udp_basic.dir/home/alfaugus/raspberry/pico/pico-sdk/src/rp2_common/pico_lwip/lwip_nosys.c.obj
                0x00000000100005f0                sys_arch_unprotect
 .text.sys_now  0x00000000100005f4       0x20 CMakeFiles/udp_basic.dir/home/alfaugus/raspberry/pico/pico-sdk/src/rp2_common/pico_lwip/lwip_nosys.c.obj
                0x00000000100005f4                sys_now
 .text.async_context_base_add_at_time_worker
                0x0000000010000614       0x28 CMakeFiles/udp_basic.dir/home/alfaugus/raspberry/pico/pico-sdk/src/rp2_common/pico_async_context/async_context_base.c.obj
                0x0000000010000614                async_context_base_add_at_time_worker
 .text.async_context_base_remove_at_time_worker
                0x000000001000063c       0x28 CMakeFiles/udp_basic.dir/home/alfaugus/raspberry/pico/pico-sdk/src/rp2_common/pico_async_context/async_context_base.c.obj
                0x000000001000063c                async_context_base_remove_at_time_worker
 .text.async_context_base_add_when_pending_worker
                0x0000000010000664       0x24 CMakeFiles/udp_basic.dir/home/alfaugus/raspberry/pico/pico-sdk/src/rp2_common/pico_async_context/async_context_base.c.obj
                0x0000000010000664                async_context_base_add_when_pending_worker
 .text.async_context_base_remove_when_pending_worker
                0x0000000010000688       0x28 CMakeFiles/udp_basic.dir/home/alfaugus/raspberry/pico/pico-sdk/src/rp2_common/pico_async_context/async_context_base.c.obj
                0x0000000010000688                async_context_base_remove_when_pending_worker
 .text.async_context_base_execute_once
                0x00000000100006b0       0xe8 CMakeFiles/udp_basic.dir/home/alfaugus/raspberry/pico/pico-sdk/src/rp2_common/pico_async_context/async_context_base.c.obj
                0x00000000100006b0                async_context_base_execute_once
 .text.rp2040_chip_version
                0x0000000010000798        0xc CMakeFiles/udp_basic.dir/home/alfaugus/raspberry/pico/pico-sdk/src/rp2040/pico_platform/platform.c.obj
                0x0000000010000798                rp2040_chip_version
 .text.panic    0x00000000100007a4       0x30 CMakeFiles/udp_basic.dir/home/alfaugus/raspberry/pico/pico-sdk/src/rp2_common/pico_platform_panic/panic.c.obj
                0x00000000100007a4                panic
 .text.splitmix64
                0x00000000100007d4       0x5c CMakeFiles/udp_basic.dir/home/alfaugus/raspberry/pico/pico-sdk/src/rp2_common/pico_rand/rand.c.obj
 .text.xoroshiro128ss
                0x0000000010000830       0x90 CMakeFiles/udp_basic.dir/home/alfaugus/raspberry/pico/pico-sdk/src/rp2_common/pico_rand/rand.c.obj
 .text.get_rand_64
                0x00000000100008c0      0x418 CMakeFiles/udp_basic.dir/home/alfaugus/raspberry/pico/pico-sdk/src/rp2_common/pico_rand/rand.c.obj
                0x00000000100008c0                get_rand_64
 .text.get_rand_32
                0x0000000010000cd8        0x8 CMakeFiles/udp_basic.dir/home/alfaugus/raspberry/pico/pico-sdk/src/rp2_common/pico_rand/rand.c.obj
                0x0000000010000cd8                get_rand_32
 .text.startup._retrieve_unique_id_on_boot
                0x0000000010000ce0       0x10 CMakeFiles/udp_basic.dir/home/alfaugus/raspberry/pico/pico-sdk/src/rp2_common/pico_unique_id/unique_id.c.obj
 .text.pico_get_unique_board_id
                0x0000000010000cf0       0x10 CMakeFiles/udp_basic.dir/home/alfaugus/raspberry/pico/pico-sdk/src/rp2_common/pico_unique_id/unique_id.c.obj
                0x0000000010000cf0                pico_get_unique_board_id
 .text.pico_get_unique_board_id_string
                0x0000000010000d00      0x1a8 CMakeFiles/udp_basic.dir/home/alfaugus/raspberry/pico/pico-sdk/src/rp2_common/pico_unique_id/unique_id.c.obj
                0x0000000010000d00                pico_get_unique_board_id_string
 .text.flash_get_unique_id
                0x0000000010000ea8       0x40 CMakeFiles/udp_basic.dir/home/alfaugus/raspberry/pico/pico-sdk/src/rp2_common/hardware_flash/flash.c.obj
                0x0000000010000ea8                flash_get_unique_id
 .text.hw_claim_lock
                0x0000000010000ee8       0x18 CMakeFiles/udp_basic.dir/home/alfaugus/raspberry/pico/pico-sdk/src/common/hardware_claim/claim.c.obj
                0x0000000010000ee8                hw_claim_lock
 .text.hw_claim_unlock
                0x0000000010000f00       0x14 CMakeFiles/udp_basic.dir/home/alfaugus/raspberry/pico/pico-sdk/src/common/hardware_claim/claim.c.obj
                0x0000000010000f00                hw_claim_unlock
 .text.hw_claim_or_assert
                0x0000000010000f14       0x44 CMakeFiles/udp_basic.dir/home/alfaugus/raspberry/pico/pico-sdk/src/common/hardware_claim/claim.c.obj
                0x0000000010000f14                hw_claim_or_assert
 .text.hw_claim_unused_from_range
                0x0000000010000f58       0x9c CMakeFiles/udp_basic.dir/home/alfaugus/raspberry/pico/pico-sdk/src/common/hardware_claim/claim.c.obj
                0x0000000010000f58                hw_claim_unused_from_range
 .text.hw_claim_clear
                0x0000000010000ff4       0x38 CMakeFiles/udp_basic.dir/home/alfaugus/raspberry/pico/pico-sdk/src/common/hardware_claim/claim.c.obj
                0x0000000010000ff4                hw_claim_clear
 .text.next_striped_spin_lock_num
                0x000000001000102c       0x18 CMakeFiles/udp_basic.dir/home/alfaugus/raspberry/pico/pico-sdk/src/rp2_common/hardware_sync/sync.c.obj
                0x000000001000102c                next_striped_spin_lock_num
 .text.spin_lock_claim_unused
                0x0000000010001044       0x20 CMakeFiles/udp_basic.dir/home/alfaugus/raspberry/pico/pico-sdk/src/rp2_common/hardware_sync/sync.c.obj
                0x0000000010001044                spin_lock_claim_unused
 .text.spin_locks_reset
                0x0000000010001064       0x1c CMakeFiles/udp_basic.dir/home/alfaugus/raspberry/pico/pico-sdk/src/rp2_common/hardware_sync_spin_lock/sync_spin_lock.c.obj
                0x0000000010001064                spin_locks_reset
 .text.rom_func_lookup
                0x0000000010001080       0x10 CMakeFiles/udp_basic.dir/home/alfaugus/raspberry/pico/pico-sdk/src/rp2_common/pico_bootrom/bootrom.c.obj
                0x0000000010001080                rom_func_lookup
 .text.rom_data_lookup
                0x0000000010001090       0x10 CMakeFiles/udp_basic.dir/home/alfaugus/raspberry/pico/pico-sdk/src/rp2_common/pico_bootrom/bootrom.c.obj
                0x0000000010001090                rom_data_lookup
 .text.rom_funcs_lookup
                0x00000000100010a0       0x44 CMakeFiles/udp_basic.dir/home/alfaugus/raspberry/pico/pico-sdk/src/rp2_common/pico_bootrom/bootrom.c.obj
                0x00000000100010a0                rom_funcs_lookup
 .text.rom_reset_usb_boot
                0x00000000100010e4       0x20 CMakeFiles/udp_basic.dir/home/alfaugus/raspberry/pico/pico-sdk/src/rp2_common/pico_bootrom/bootrom.c.obj
                0x00000000100010e4                rom_reset_usb_boot
 .text.clock_configure_int_divider
                0x0000000010001104       0xf4 CMakeFiles/udp_basic.dir/home/alfaugus/raspberry/pico/pico-sdk/src/rp2_common/hardware_clocks/clocks.c.obj
                0x0000000010001104                clock_configure_int_divider
 .text.clock_configure_undivided
                0x00000000100011f8       0xe8 CMakeFiles/udp_basic.dir/home/alfaugus/raspberry/pico/pico-sdk/src/rp2_common/hardware_clocks/clocks.c.obj
                0x00000000100011f8                clock_configure_undivided
 .text.clock_get_hz
                0x00000000100012e0        0xc CMakeFiles/udp_basic.dir/home/alfaugus/raspberry/pico/pico-sdk/src/rp2_common/hardware_clocks/clocks.c.obj
                0x00000000100012e0                clock_get_hz
 .text.gpio_set_function
                0x00000000100012ec       0x34 CMakeFiles/udp_basic.dir/home/alfaugus/raspberry/pico/pico-sdk/src/rp2_common/hardware_gpio/gpio.c.obj
                0x00000000100012ec                gpio_set_function
 .text.gpio_set_pulls
                0x0000000010001320       0x34 CMakeFiles/udp_basic.dir/home/alfaugus/raspberry/pico/pico-sdk/src/rp2_common/hardware_gpio/gpio.c.obj
                0x0000000010001320                gpio_set_pulls
 .text.gpio_set_input_hysteresis_enabled
                0x0000000010001354       0x28 CMakeFiles/udp_basic.dir/home/alfaugus/raspberry/pico/pico-sdk/src/rp2_common/hardware_gpio/gpio.c.obj
                0x0000000010001354                gpio_set_input_hysteresis_enabled
 .text.gpio_set_irq_enabled
                0x000000001000137c       0x58 CMakeFiles/udp_basic.dir/home/alfaugus/raspberry/pico/pico-sdk/src/rp2_common/hardware_gpio/gpio.c.obj
                0x000000001000137c                gpio_set_irq_enabled
 .text.gpio_add_raw_irq_handler_with_order_priority_masked
                0x00000000100013d4       0x44 CMakeFiles/udp_basic.dir/home/alfaugus/raspberry/pico/pico-sdk/src/rp2_common/hardware_gpio/gpio.c.obj
                0x00000000100013d4                gpio_add_raw_irq_handler_with_order_priority_masked
 .text.gpio_remove_raw_irq_handler_masked
                0x0000000010001418       0x20 CMakeFiles/udp_basic.dir/home/alfaugus/raspberry/pico/pico-sdk/src/rp2_common/hardware_gpio/gpio.c.obj
                0x0000000010001418                gpio_remove_raw_irq_handler_masked
 .text.gpio_init
                0x0000000010001438       0x40 CMakeFiles/udp_basic.dir/home/alfaugus/raspberry/pico/pico-sdk/src/rp2_common/hardware_gpio/gpio.c.obj
                0x0000000010001438                gpio_init
 .text.runtime_init_per_core_irq_priorities
                0x0000000010001478       0x24 CMakeFiles/udp_basic.dir/home/alfaugus/raspberry/pico/pico-sdk/src/rp2_common/hardware_irq/irq.c.obj
                0x0000000010001478                runtime_init_per_core_irq_priorities
 .text.irq_set_enabled
                0x000000001000149c       0x24 CMakeFiles/udp_basic.dir/home/alfaugus/raspberry/pico/pico-sdk/src/rp2_common/hardware_irq/irq.c.obj
                0x000000001000149c                irq_set_enabled
 .text.irq_is_enabled
                0x00000000100014c0       0x18 CMakeFiles/udp_basic.dir/home/alfaugus/raspberry/pico/pico-sdk/src/rp2_common/hardware_irq/irq.c.obj
                0x00000000100014c0                irq_is_enabled
 .text.irq_set_pending
                0x00000000100014d8       0x10 CMakeFiles/udp_basic.dir/home/alfaugus/raspberry/pico/pico-sdk/src/rp2_common/hardware_irq/irq.c.obj
                0x00000000100014d8                irq_set_pending
 .text.irq_has_shared_handler
                0x00000000100014e8       0x2c CMakeFiles/udp_basic.dir/home/alfaugus/raspberry/pico/pico-sdk/src/rp2_common/hardware_irq/irq.c.obj
                0x00000000100014e8                irq_has_shared_handler
 .text.irq_set_exclusive_handler
                0x0000000010001514       0x54 CMakeFiles/udp_basic.dir/home/alfaugus/raspberry/pico/pico-sdk/src/rp2_common/hardware_irq/irq.c.obj
                0x0000000010001514                irq_set_exclusive_handler
 .text.irq_add_shared_handler
                0x0000000010001568      0x1e8 CMakeFiles/udp_basic.dir/home/alfaugus/raspberry/pico/pico-sdk/src/rp2_common/hardware_irq/irq.c.obj
                0x0000000010001568                irq_add_shared_handler
 .text.irq_remove_handler
                0x0000000010001750      0x1c4 CMakeFiles/udp_basic.dir/home/alfaugus/raspberry/pico/pico-sdk/src/rp2_common/hardware_irq/irq.c.obj
                0x0000000010001750                irq_remove_handler
 .text.irq_set_priority
                0x0000000010001914       0x28 CMakeFiles/udp_basic.dir/home/alfaugus/raspberry/pico/pico-sdk/src/rp2_common/hardware_irq/irq.c.obj
                0x0000000010001914                irq_set_priority
 .text.irq_add_tail_to_free_list
                0x000000001000193c       0xb4 CMakeFiles/udp_basic.dir/home/alfaugus/raspberry/pico/pico-sdk/src/rp2_common/hardware_irq/irq.c.obj
                0x000000001000193c                irq_add_tail_to_free_list
 .text.user_irq_unclaim
                0x00000000100019f0       0x14 CMakeFiles/udp_basic.dir/home/alfaugus/raspberry/pico/pico-sdk/src/rp2_common/hardware_irq/irq.c.obj
                0x00000000100019f0                user_irq_unclaim
 .text.user_irq_claim_unused
                0x0000000010001a04       0x28 CMakeFiles/udp_basic.dir/home/alfaugus/raspberry/pico/pico-sdk/src/rp2_common/hardware_irq/irq.c.obj
                0x0000000010001a04                user_irq_claim_unused
 .text.sem_init
                0x0000000010001a2c       0x20 CMakeFiles/udp_basic.dir/home/alfaugus/raspberry/pico/pico-sdk/src/common/pico_sync/sem.c.obj
                0x0000000010001a2c                sem_init
 .text.lock_init
                0x0000000010001a4c       0x10 CMakeFiles/udp_basic.dir/home/alfaugus/raspberry/pico/pico-sdk/src/common/pico_sync/lock_core.c.obj
                0x0000000010001a4c                lock_init
 .text.runtime_init_mutex
                0x0000000010001a5c       0x58 CMakeFiles/udp_basic.dir/home/alfaugus/raspberry/pico/pico-sdk/src/common/pico_sync/mutex.c.obj
                0x0000000010001a5c                runtime_init_mutex
 .text.mutex_init
                0x0000000010001ab4       0x1c CMakeFiles/udp_basic.dir/home/alfaugus/raspberry/pico/pico-sdk/src/common/pico_sync/mutex.c.obj
                0x0000000010001ab4                mutex_init
 .text.recursive_mutex_init
                0x0000000010001ad0       0x1c CMakeFiles/udp_basic.dir/home/alfaugus/raspberry/pico/pico-sdk/src/common/pico_sync/mutex.c.obj
                0x0000000010001ad0                recursive_mutex_init
 .text.critical_section_init
                0x0000000010001aec       0x20 CMakeFiles/udp_basic.dir/home/alfaugus/raspberry/pico/pico-sdk/src/common/pico_sync/critical_section.c.obj
                0x0000000010001aec                critical_section_init
 .text.critical_section_init_with_lock_num
                0x0000000010001b0c       0x14 CMakeFiles/udp_basic.dir/home/alfaugus/raspberry/pico/pico-sdk/src/common/pico_sync/critical_section.c.obj
                0x0000000010001b0c                critical_section_init_with_lock_num
 .text.sleep_until_callback
                0x0000000010001b20       0x30 CMakeFiles/udp_basic.dir/home/alfaugus/raspberry/pico/pico-sdk/src/common/pico_time/time.c.obj
 .text.alarm_pool_irq_handler
                0x0000000010001b50      0x2e4 CMakeFiles/udp_basic.dir/home/alfaugus/raspberry/pico/pico-sdk/src/common/pico_time/time.c.obj
 .text.runtime_init_default_alarm_pool
                0x0000000010001e34       0xdc CMakeFiles/udp_basic.dir/home/alfaugus/raspberry/pico/pico-sdk/src/common/pico_time/time.c.obj
                0x0000000010001e34                runtime_init_default_alarm_pool
 .text.alarm_pool_get_default
                0x0000000010001f10        0x8 CMakeFiles/udp_basic.dir/home/alfaugus/raspberry/pico/pico-sdk/src/common/pico_time/time.c.obj
                0x0000000010001f10                alarm_pool_get_default
 .text.alarm_pool_add_alarm_at
                0x0000000010001f18       0xc8 CMakeFiles/udp_basic.dir/home/alfaugus/raspberry/pico/pico-sdk/src/common/pico_time/time.c.obj
                0x0000000010001f18                alarm_pool_add_alarm_at
 .text.alarm_pool_add_alarm_at_force_in_context
                0x0000000010001fe0       0xb0 CMakeFiles/udp_basic.dir/home/alfaugus/raspberry/pico/pico-sdk/src/common/pico_time/time.c.obj
                0x0000000010001fe0                alarm_pool_add_alarm_at_force_in_context
 .text.alarm_pool_cancel_alarm
                0x0000000010002090       0x7c CMakeFiles/udp_basic.dir/home/alfaugus/raspberry/pico/pico-sdk/src/common/pico_time/time.c.obj
                0x0000000010002090                alarm_pool_cancel_alarm
 .text.alarm_pool_core_num
                0x000000001000210c        0x4 CMakeFiles/udp_basic.dir/home/alfaugus/raspberry/pico/pico-sdk/src/common/pico_time/time.c.obj
                0x000000001000210c                alarm_pool_core_num
 .text.sleep_until
                0x0000000010002110       0xd0 CMakeFiles/udp_basic.dir/home/alfaugus/raspberry/pico/pico-sdk/src/common/pico_time/time.c.obj
                0x0000000010002110                sleep_until
 .text.sleep_ms
                0x00000000100021e0       0x34 CMakeFiles/udp_basic.dir/home/alfaugus/raspberry/pico/pico-sdk/src/common/pico_time/time.c.obj
                0x00000000100021e0                sleep_ms
 .text.best_effort_wfe_or_timeout
                0x0000000010002214      0x11c CMakeFiles/udp_basic.dir/home/alfaugus/raspberry/pico/pico-sdk/src/common/pico_time/time.c.obj
                0x0000000010002214                best_effort_wfe_or_timeout
 .text.alarm_pool_add_repeating_timer_us
                0x0000000010002330      0x120 CMakeFiles/udp_basic.dir/home/alfaugus/raspberry/pico/pico-sdk/src/common/pico_time/time.c.obj
                0x0000000010002330                alarm_pool_add_repeating_timer_us
 .text.cancel_repeating_timer
                0x0000000010002450       0x8c CMakeFiles/udp_basic.dir/home/alfaugus/raspberry/pico/pico-sdk/src/common/pico_time/time.c.obj
                0x0000000010002450                cancel_repeating_timer
 .text.timer_hardware_alarm_claim
                0x00000000100024dc       0x14 CMakeFiles/udp_basic.dir/home/alfaugus/raspberry/pico/pico-sdk/src/rp2_common/hardware_timer/timer.c.obj
                0x00000000100024dc                timer_hardware_alarm_claim
 .text.timer_time_us_64
                0x00000000100024f0       0x10 CMakeFiles/udp_basic.dir/home/alfaugus/raspberry/pico/pico-sdk/src/rp2_common/hardware_timer/timer.c.obj
                0x00000000100024f0                timer_time_us_64
 .text.time_us_64
                0x0000000010002500       0x14 CMakeFiles/udp_basic.dir/home/alfaugus/raspberry/pico/pico-sdk/src/rp2_common/hardware_timer/timer.c.obj
                0x0000000010002500                time_us_64
 .text.busy_wait_until
                0x0000000010002514       0x20 CMakeFiles/udp_basic.dir/home/alfaugus/raspberry/pico/pico-sdk/src/rp2_common/hardware_timer/timer.c.obj
                0x0000000010002514                busy_wait_until
 .text.pll_init
                0x0000000010002534       0xa0 CMakeFiles/udp_basic.dir/home/alfaugus/raspberry/pico/pico-sdk/src/rp2_common/hardware_pll/pll.c.obj
                0x0000000010002534                pll_init
 .text.watchdog_reboot
                0x00000000100025d4       0x98 CMakeFiles/udp_basic.dir/home/alfaugus/raspberry/pico/pico-sdk/src/rp2_common/hardware_watchdog/watchdog.c.obj
                0x00000000100025d4                watchdog_reboot
 .text.tick_start
                0x000000001000266c       0x10 CMakeFiles/udp_basic.dir/home/alfaugus/raspberry/pico/pico-sdk/src/rp2_common/hardware_ticks/ticks.c.obj
                0x000000001000266c                tick_start
 .text.xosc_init
                0x000000001000267c       0x28 CMakeFiles/udp_basic.dir/home/alfaugus/raspberry/pico/pico-sdk/src/rp2_common/hardware_xosc/xosc.c.obj
                0x000000001000267c                xosc_init
 .text.lwip_init
                0x00000000100026a4       0x24 CMakeFiles/udp_basic.dir/home/alfaugus/raspberry/pico/pico-sdk/lib/lwip/src/core/init.c.obj
                0x00000000100026a4                lwip_init
 .text.lwip_htons
                0x00000000100026c8        0x8 CMakeFiles/udp_basic.dir/home/alfaugus/raspberry/pico/pico-sdk/lib/lwip/src/core/def.c.obj
                0x00000000100026c8                lwip_htons
 .text.lwip_htonl
                0x00000000100026d0        0x4 CMakeFiles/udp_basic.dir/home/alfaugus/raspberry/pico/pico-sdk/lib/lwip/src/core/def.c.obj
                0x00000000100026d0                lwip_htonl
 .text.dns_call_found
                0x00000000100026d4      0x134 CMakeFiles/udp_basic.dir/home/alfaugus/raspberry/pico/pico-sdk/lib/lwip/src/core/dns.c.obj
 .text.dns_send.isra.0
                0x0000000010002808      0x168 CMakeFiles/udp_basic.dir/home/alfaugus/raspberry/pico/pico-sdk/lib/lwip/src/core/dns.c.obj
 .text.dns_init
                0x0000000010002970        0x4 CMakeFiles/udp_basic.dir/home/alfaugus/raspberry/pico/pico-sdk/lib/lwip/src/core/dns.c.obj
                0x0000000010002970                dns_init
 .text.dns_setserver
                0x0000000010002974       0x2c CMakeFiles/udp_basic.dir/home/alfaugus/raspberry/pico/pico-sdk/lib/lwip/src/core/dns.c.obj
                0x0000000010002974                dns_setserver
 .text.dns_tmr  0x00000000100029a0      0x138 CMakeFiles/udp_basic.dir/home/alfaugus/raspberry/pico/pico-sdk/lib/lwip/src/core/dns.c.obj
                0x00000000100029a0                dns_tmr
 .text.lwip_standard_chksum
                0x0000000010002ad8       0xd8 CMakeFiles/udp_basic.dir/home/alfaugus/raspberry/pico/pico-sdk/lib/lwip/src/core/inet_chksum.c.obj
                0x0000000010002ad8                lwip_standard_chksum
 .text.inet_chksum_pseudo
                0x0000000010002bb0       0xb4 CMakeFiles/udp_basic.dir/home/alfaugus/raspberry/pico/pico-sdk/lib/lwip/src/core/inet_chksum.c.obj
                0x0000000010002bb0                inet_chksum_pseudo
 .text.ip_chksum_pseudo
                0x0000000010002c64       0x10 CMakeFiles/udp_basic.dir/home/alfaugus/raspberry/pico/pico-sdk/lib/lwip/src/core/inet_chksum.c.obj
                0x0000000010002c64                ip_chksum_pseudo
 .text.inet_chksum
                0x0000000010002c74        0xc CMakeFiles/udp_basic.dir/home/alfaugus/raspberry/pico/pico-sdk/lib/lwip/src/core/inet_chksum.c.obj
                0x0000000010002c74                inet_chksum
 .text.inet_chksum_pbuf
                0x0000000010002c80       0x6c CMakeFiles/udp_basic.dir/home/alfaugus/raspberry/pico/pico-sdk/lib/lwip/src/core/inet_chksum.c.obj
                0x0000000010002c80                inet_chksum_pbuf
 .text.mem_init
                0x0000000010002cec       0x40 CMakeFiles/udp_basic.dir/home/alfaugus/raspberry/pico/pico-sdk/lib/lwip/src/core/mem.c.obj
                0x0000000010002cec                mem_init
 .text.mem_free
                0x0000000010002d2c      0x11c CMakeFiles/udp_basic.dir/home/alfaugus/raspberry/pico/pico-sdk/lib/lwip/src/core/mem.c.obj
                0x0000000010002d2c                mem_free
 .text.mem_trim
                0x0000000010002e48      0x110 CMakeFiles/udp_basic.dir/home/alfaugus/raspberry/pico/pico-sdk/lib/lwip/src/core/mem.c.obj
                0x0000000010002e48                mem_trim
 .text.mem_malloc
                0x0000000010002f58      0x120 CMakeFiles/udp_basic.dir/home/alfaugus/raspberry/pico/pico-sdk/lib/lwip/src/core/mem.c.obj
                0x0000000010002f58                mem_malloc
 .text.memp_init
                0x0000000010003078       0x6c CMakeFiles/udp_basic.dir/home/alfaugus/raspberry/pico/pico-sdk/lib/lwip/src/core/memp.c.obj
                0x0000000010003078                memp_init
 .text.memp_malloc
                0x00000000100030e4       0x3c CMakeFiles/udp_basic.dir/home/alfaugus/raspberry/pico/pico-sdk/lib/lwip/src/core/memp.c.obj
                0x00000000100030e4                memp_malloc
 .text.memp_free
                0x0000000010003120       0x38 CMakeFiles/udp_basic.dir/home/alfaugus/raspberry/pico/pico-sdk/lib/lwip/src/core/memp.c.obj
                0x0000000010003120                memp_free
 .text.netif_null_output_ip4
                0x0000000010003158        0x8 CMakeFiles/udp_basic.dir/home/alfaugus/raspberry/pico/pico-sdk/lib/lwip/src/core/netif.c.obj
 .text.netif_do_set_ipaddr.isra.0
                0x0000000010003160       0x70 CMakeFiles/udp_basic.dir/home/alfaugus/raspberry/pico/pico-sdk/lib/lwip/src/core/netif.c.obj
 .text.netif_init
                0x00000000100031d0        0x4 CMakeFiles/udp_basic.dir/home/alfaugus/raspberry/pico/pico-sdk/lib/lwip/src/core/netif.c.obj
                0x00000000100031d0                netif_init
 .text.netif_add
                0x00000000100031d4      0x144 CMakeFiles/udp_basic.dir/home/alfaugus/raspberry/pico/pico-sdk/lib/lwip/src/core/netif.c.obj
                0x00000000100031d4                netif_add
 .text.netif_set_addr
                0x0000000010003318       0xb8 CMakeFiles/udp_basic.dir/home/alfaugus/raspberry/pico/pico-sdk/lib/lwip/src/core/netif.c.obj
                0x0000000010003318                netif_set_addr
 .text.netif_remove
                0x00000000100033d0       0x94 CMakeFiles/udp_basic.dir/home/alfaugus/raspberry/pico/pico-sdk/lib/lwip/src/core/netif.c.obj
                0x00000000100033d0                netif_remove
 .text.netif_set_default
                0x0000000010003464        0xc CMakeFiles/udp_basic.dir/home/alfaugus/raspberry/pico/pico-sdk/lib/lwip/src/core/netif.c.obj
                0x0000000010003464                netif_set_default
 .text.netif_set_up
                0x0000000010003470       0x40 CMakeFiles/udp_basic.dir/home/alfaugus/raspberry/pico/pico-sdk/lib/lwip/src/core/netif.c.obj
                0x0000000010003470                netif_set_up
 .text.netif_set_link_up
                0x00000000100034b0       0x44 CMakeFiles/udp_basic.dir/home/alfaugus/raspberry/pico/pico-sdk/lib/lwip/src/core/netif.c.obj
                0x00000000100034b0                netif_set_link_up
 .text.netif_set_link_down
                0x00000000100034f4       0x20 CMakeFiles/udp_basic.dir/home/alfaugus/raspberry/pico/pico-sdk/lib/lwip/src/core/netif.c.obj
                0x00000000100034f4                netif_set_link_down
 .text.netif_get_by_index
                0x0000000010003514       0x2c CMakeFiles/udp_basic.dir/home/alfaugus/raspberry/pico/pico-sdk/lib/lwip/src/core/netif.c.obj
                0x0000000010003514                netif_get_by_index
 .text.pbuf_free.part.0
                0x0000000010003540       0x7c CMakeFiles/udp_basic.dir/home/alfaugus/raspberry/pico/pico-sdk/lib/lwip/src/core/pbuf.c.obj
 .text.pbuf_free_ooseq
                0x00000000100035bc       0x34 CMakeFiles/udp_basic.dir/home/alfaugus/raspberry/pico/pico-sdk/lib/lwip/src/core/pbuf.c.obj
                0x00000000100035bc                pbuf_free_ooseq
 .text.pbuf_alloc
                0x00000000100035f0      0x130 CMakeFiles/udp_basic.dir/home/alfaugus/raspberry/pico/pico-sdk/lib/lwip/src/core/pbuf.c.obj
                0x00000000100035f0                pbuf_alloc
 .text.pbuf_realloc
                0x0000000010003720       0x88 CMakeFiles/udp_basic.dir/home/alfaugus/raspberry/pico/pico-sdk/lib/lwip/src/core/pbuf.c.obj
                0x0000000010003720                pbuf_realloc
 .text.pbuf_add_header
                0x00000000100037a8       0x54 CMakeFiles/udp_basic.dir/home/alfaugus/raspberry/pico/pico-sdk/lib/lwip/src/core/pbuf.c.obj
                0x00000000100037a8                pbuf_add_header
 .text.pbuf_remove_header
                0x00000000100037fc       0x44 CMakeFiles/udp_basic.dir/home/alfaugus/raspberry/pico/pico-sdk/lib/lwip/src/core/pbuf.c.obj
                0x00000000100037fc                pbuf_remove_header
 .text.pbuf_header_force
                0x0000000010003840       0x74 CMakeFiles/udp_basic.dir/home/alfaugus/raspberry/pico/pico-sdk/lib/lwip/src/core/pbuf.c.obj
                0x0000000010003840                pbuf_header_force
 .text.pbuf_free
                0x00000000100038b4       0x18 CMakeFiles/udp_basic.dir/home/alfaugus/raspberry/pico/pico-sdk/lib/lwip/src/core/pbuf.c.obj
                0x00000000100038b4                pbuf_free
 .text.pbuf_clen
                0x00000000100038cc       0x14 CMakeFiles/udp_basic.dir/home/alfaugus/raspberry/pico/pico-sdk/lib/lwip/src/core/pbuf.c.obj
                0x00000000100038cc                pbuf_clen
 .text.pbuf_ref
                0x00000000100038e0       0x28 CMakeFiles/udp_basic.dir/home/alfaugus/raspberry/pico/pico-sdk/lib/lwip/src/core/pbuf.c.obj
                0x00000000100038e0                pbuf_ref
 .text.pbuf_cat
                0x0000000010003908       0x3c CMakeFiles/udp_basic.dir/home/alfaugus/raspberry/pico/pico-sdk/lib/lwip/src/core/pbuf.c.obj
                0x0000000010003908                pbuf_cat
 .text.pbuf_chain
                0x0000000010003944       0x64 CMakeFiles/udp_basic.dir/home/alfaugus/raspberry/pico/pico-sdk/lib/lwip/src/core/pbuf.c.obj
                0x0000000010003944                pbuf_chain
 .text.pbuf_copy_partial_pbuf
                0x00000000100039a8      0x13c CMakeFiles/udp_basic.dir/home/alfaugus/raspberry/pico/pico-sdk/lib/lwip/src/core/pbuf.c.obj
                0x00000000100039a8                pbuf_copy_partial_pbuf
 .text.pbuf_copy
                0x0000000010003ae4       0x18 CMakeFiles/udp_basic.dir/home/alfaugus/raspberry/pico/pico-sdk/lib/lwip/src/core/pbuf.c.obj
                0x0000000010003ae4                pbuf_copy
 .text.pbuf_copy_partial
                0x0000000010003afc       0x70 CMakeFiles/udp_basic.dir/home/alfaugus/raspberry/pico/pico-sdk/lib/lwip/src/core/pbuf.c.obj
                0x0000000010003afc                pbuf_copy_partial
 .text.pbuf_take
                0x0000000010003b6c       0x78 CMakeFiles/udp_basic.dir/home/alfaugus/raspberry/pico/pico-sdk/lib/lwip/src/core/pbuf.c.obj
                0x0000000010003b6c                pbuf_take
 .text.pbuf_take_at
                0x0000000010003be4       0xc0 CMakeFiles/udp_basic.dir/home/alfaugus/raspberry/pico/pico-sdk/lib/lwip/src/core/pbuf.c.obj
                0x0000000010003be4                pbuf_take_at
 .text.pbuf_clone
                0x0000000010003ca4       0x30 CMakeFiles/udp_basic.dir/home/alfaugus/raspberry/pico/pico-sdk/lib/lwip/src/core/pbuf.c.obj
                0x0000000010003ca4                pbuf_clone
 .text.pbuf_put_at
                0x0000000010003cd4       0x1c CMakeFiles/udp_basic.dir/home/alfaugus/raspberry/pico/pico-sdk/lib/lwip/src/core/pbuf.c.obj
                0x0000000010003cd4                pbuf_put_at
 .text.raw_input
                0x0000000010003cf0       0xf0 CMakeFiles/udp_basic.dir/home/alfaugus/raspberry/pico/pico-sdk/lib/lwip/src/core/raw.c.obj
                0x0000000010003cf0                raw_input
 .text.raw_netif_ip_addr_changed
                0x0000000010003de0       0x40 CMakeFiles/udp_basic.dir/home/alfaugus/raspberry/pico/pico-sdk/lib/lwip/src/core/raw.c.obj
                0x0000000010003de0                raw_netif_ip_addr_changed
 .text.stats_init
                0x0000000010003e20        0x4 CMakeFiles/udp_basic.dir/home/alfaugus/raspberry/pico/pico-sdk/lib/lwip/src/core/stats.c.obj
                0x0000000010003e20                stats_init
 .text.tcp_close_shutdown_fin
                0x0000000010003e24       0x58 CMakeFiles/udp_basic.dir/home/alfaugus/raspberry/pico/pico-sdk/lib/lwip/src/core/tcp.c.obj
 .text.tcp_pcb_purge.part.0
                0x0000000010003e7c       0xc4 CMakeFiles/udp_basic.dir/home/alfaugus/raspberry/pico/pico-sdk/lib/lwip/src/core/tcp.c.obj
 .text.tcp_init
                0x0000000010003f40       0x20 CMakeFiles/udp_basic.dir/home/alfaugus/raspberry/pico/pico-sdk/lib/lwip/src/core/tcp.c.obj
                0x0000000010003f40                tcp_init
 .text.tcp_free
                0x0000000010003f60       0x1c CMakeFiles/udp_basic.dir/home/alfaugus/raspberry/pico/pico-sdk/lib/lwip/src/core/tcp.c.obj
                0x0000000010003f60                tcp_free
 .text.tcp_update_rcv_ann_wnd
                0x0000000010003f7c       0x60 CMakeFiles/udp_basic.dir/home/alfaugus/raspberry/pico/pico-sdk/lib/lwip/src/core/tcp.c.obj
                0x0000000010003f7c                tcp_update_rcv_ann_wnd
 .text.tcp_recved
                0x0000000010003fdc       0x98 CMakeFiles/udp_basic.dir/home/alfaugus/raspberry/pico/pico-sdk/lib/lwip/src/core/tcp.c.obj
                0x0000000010003fdc                tcp_recved
 .text.tcp_slowtmr
                0x0000000010004074      0x4dc CMakeFiles/udp_basic.dir/home/alfaugus/raspberry/pico/pico-sdk/lib/lwip/src/core/tcp.c.obj
                0x0000000010004074                tcp_slowtmr
 .text.tcp_segs_free
                0x0000000010004550       0x38 CMakeFiles/udp_basic.dir/home/alfaugus/raspberry/pico/pico-sdk/lib/lwip/src/core/tcp.c.obj
                0x0000000010004550                tcp_segs_free
 .text.tcp_seg_free
                0x0000000010004588       0x1c CMakeFiles/udp_basic.dir/home/alfaugus/raspberry/pico/pico-sdk/lib/lwip/src/core/tcp.c.obj
                0x0000000010004588                tcp_seg_free
 .text.tcp_seg_copy
                0x00000000100045a4       0x2c CMakeFiles/udp_basic.dir/home/alfaugus/raspberry/pico/pico-sdk/lib/lwip/src/core/tcp.c.obj
                0x00000000100045a4                tcp_seg_copy
 .text.tcp_pcb_purge
                0x00000000100045d0       0x18 CMakeFiles/udp_basic.dir/home/alfaugus/raspberry/pico/pico-sdk/lib/lwip/src/core/tcp.c.obj
                0x00000000100045d0                tcp_pcb_purge
 .text.tcp_pcb_remove
                0x00000000100045e8       0xc8 CMakeFiles/udp_basic.dir/home/alfaugus/raspberry/pico/pico-sdk/lib/lwip/src/core/tcp.c.obj
                0x00000000100045e8                tcp_pcb_remove
 .text.tcp_abandon
                0x00000000100046b0      0x1ac CMakeFiles/udp_basic.dir/home/alfaugus/raspberry/pico/pico-sdk/lib/lwip/src/core/tcp.c.obj
                0x00000000100046b0                tcp_abandon
 .text.tcp_abort
                0x000000001000485c        0xc CMakeFiles/udp_basic.dir/home/alfaugus/raspberry/pico/pico-sdk/lib/lwip/src/core/tcp.c.obj
                0x000000001000485c                tcp_abort
 .text.tcp_alloc
                0x0000000010004868      0x1cc CMakeFiles/udp_basic.dir/home/alfaugus/raspberry/pico/pico-sdk/lib/lwip/src/core/tcp.c.obj
                0x0000000010004868                tcp_alloc
 .text.tcp_close_shutdown
                0x0000000010004a34      0x18c CMakeFiles/udp_basic.dir/home/alfaugus/raspberry/pico/pico-sdk/lib/lwip/src/core/tcp.c.obj
 .text.tcp_recv_null
                0x0000000010004bc0       0xd4 CMakeFiles/udp_basic.dir/home/alfaugus/raspberry/pico/pico-sdk/lib/lwip/src/core/tcp.c.obj
                0x0000000010004bc0                tcp_recv_null
 .text.tcp_process_refused_data
                0x0000000010004c94       0x78 CMakeFiles/udp_basic.dir/home/alfaugus/raspberry/pico/pico-sdk/lib/lwip/src/core/tcp.c.obj
                0x0000000010004c94                tcp_process_refused_data
 .text.tcp_fasttmr
                0x0000000010004d0c       0x98 CMakeFiles/udp_basic.dir/home/alfaugus/raspberry/pico/pico-sdk/lib/lwip/src/core/tcp.c.obj
                0x0000000010004d0c                tcp_fasttmr
 .text.tcp_tmr  0x0000000010004da4       0x20 CMakeFiles/udp_basic.dir/home/alfaugus/raspberry/pico/pico-sdk/lib/lwip/src/core/tcp.c.obj
                0x0000000010004da4                tcp_tmr
 .text.tcp_next_iss
                0x0000000010004dc4       0x28 CMakeFiles/udp_basic.dir/home/alfaugus/raspberry/pico/pico-sdk/lib/lwip/src/core/tcp.c.obj
                0x0000000010004dc4                tcp_next_iss
 .text.tcp_eff_send_mss_netif
                0x0000000010004dec       0x38 CMakeFiles/udp_basic.dir/home/alfaugus/raspberry/pico/pico-sdk/lib/lwip/src/core/tcp.c.obj
                0x0000000010004dec                tcp_eff_send_mss_netif
 .text.tcp_netif_ip_addr_changed
                0x0000000010004e24       0x9c CMakeFiles/udp_basic.dir/home/alfaugus/raspberry/pico/pico-sdk/lib/lwip/src/core/tcp.c.obj
                0x0000000010004e24                tcp_netif_ip_addr_changed
 .text.tcp_free_ooseq
                0x0000000010004ec0       0x40 CMakeFiles/udp_basic.dir/home/alfaugus/raspberry/pico/pico-sdk/lib/lwip/src/core/tcp.c.obj
                0x0000000010004ec0                tcp_free_ooseq
 .text.tcp_parseopt
                0x0000000010004f00      0x190 CMakeFiles/udp_basic.dir/home/alfaugus/raspberry/pico/pico-sdk/lib/lwip/src/core/tcp_in.c.obj
 .text.tcp_oos_insert_segment
                0x0000000010005090       0xe0 CMakeFiles/udp_basic.dir/home/alfaugus/raspberry/pico/pico-sdk/lib/lwip/src/core/tcp_in.c.obj
 .text.tcp_free_acked_segments.constprop.0
                0x0000000010005170       0xdc CMakeFiles/udp_basic.dir/home/alfaugus/raspberry/pico/pico-sdk/lib/lwip/src/core/tcp_in.c.obj
 .text.tcp_receive
                0x000000001000524c      0xa4c CMakeFiles/udp_basic.dir/home/alfaugus/raspberry/pico/pico-sdk/lib/lwip/src/core/tcp_in.c.obj
 .text.tcp_input
                0x0000000010005c98      0xda4 CMakeFiles/udp_basic.dir/home/alfaugus/raspberry/pico/pico-sdk/lib/lwip/src/core/tcp_in.c.obj
                0x0000000010005c98                tcp_input
 .text.tcp_trigger_input_pcb_close
                0x0000000010006a3c       0x10 CMakeFiles/udp_basic.dir/home/alfaugus/raspberry/pico/pico-sdk/lib/lwip/src/core/tcp_in.c.obj
                0x0000000010006a3c                tcp_trigger_input_pcb_close
 .text.tcp_create_segment
                0x0000000010006a4c       0xf8 CMakeFiles/udp_basic.dir/home/alfaugus/raspberry/pico/pico-sdk/lib/lwip/src/core/tcp_out.c.obj
 .text.tcp_output_control_segment
                0x0000000010006b44       0xc0 CMakeFiles/udp_basic.dir/home/alfaugus/raspberry/pico/pico-sdk/lib/lwip/src/core/tcp_out.c.obj
 .text.tcp_output_alloc_header.constprop.0
                0x0000000010006c04       0xcc CMakeFiles/udp_basic.dir/home/alfaugus/raspberry/pico/pico-sdk/lib/lwip/src/core/tcp_out.c.obj
 .text.tcp_split_unsent_seg
                0x0000000010006cd0      0x1c4 CMakeFiles/udp_basic.dir/home/alfaugus/raspberry/pico/pico-sdk/lib/lwip/src/core/tcp_out.c.obj
                0x0000000010006cd0                tcp_split_unsent_seg
 .text.tcp_send_fin
                0x0000000010006e94      0x12c CMakeFiles/udp_basic.dir/home/alfaugus/raspberry/pico/pico-sdk/lib/lwip/src/core/tcp_out.c.obj
                0x0000000010006e94                tcp_send_fin
 .text.tcp_enqueue_flags
                0x0000000010006fc0      0x124 CMakeFiles/udp_basic.dir/home/alfaugus/raspberry/pico/pico-sdk/lib/lwip/src/core/tcp_out.c.obj
                0x0000000010006fc0                tcp_enqueue_flags
 .text.tcp_rexmit_rto_prepare
                0x00000000100070e4       0x9c CMakeFiles/udp_basic.dir/home/alfaugus/raspberry/pico/pico-sdk/lib/lwip/src/core/tcp_out.c.obj
                0x00000000100070e4                tcp_rexmit_rto_prepare
 .text.tcp_rexmit
                0x0000000010007180       0x9c CMakeFiles/udp_basic.dir/home/alfaugus/raspberry/pico/pico-sdk/lib/lwip/src/core/tcp_out.c.obj
                0x0000000010007180                tcp_rexmit
 .text.tcp_rexmit_fast
                0x000000001000721c       0x64 CMakeFiles/udp_basic.dir/home/alfaugus/raspberry/pico/pico-sdk/lib/lwip/src/core/tcp_out.c.obj
                0x000000001000721c                tcp_rexmit_fast
 .text.tcp_rst  0x0000000010007280       0xe8 CMakeFiles/udp_basic.dir/home/alfaugus/raspberry/pico/pico-sdk/lib/lwip/src/core/tcp_out.c.obj
                0x0000000010007280                tcp_rst
 .text.tcp_rst_netif
                0x0000000010007368      0x130 CMakeFiles/udp_basic.dir/home/alfaugus/raspberry/pico/pico-sdk/lib/lwip/src/core/tcp_out.c.obj
                0x0000000010007368                tcp_rst_netif
 .text.tcp_send_empty_ack
                0x0000000010007498       0x54 CMakeFiles/udp_basic.dir/home/alfaugus/raspberry/pico/pico-sdk/lib/lwip/src/core/tcp_out.c.obj
                0x0000000010007498                tcp_send_empty_ack
 .text.tcp_output
                0x00000000100074ec      0x46c CMakeFiles/udp_basic.dir/home/alfaugus/raspberry/pico/pico-sdk/lib/lwip/src/core/tcp_out.c.obj
                0x00000000100074ec                tcp_output
 .text.tcp_rexmit_rto_commit
                0x0000000010007958       0x24 CMakeFiles/udp_basic.dir/home/alfaugus/raspberry/pico/pico-sdk/lib/lwip/src/core/tcp_out.c.obj
                0x0000000010007958                tcp_rexmit_rto_commit
 .text.tcp_rexmit_rto
                0x000000001000797c       0xa4 CMakeFiles/udp_basic.dir/home/alfaugus/raspberry/pico/pico-sdk/lib/lwip/src/core/tcp_out.c.obj
                0x000000001000797c                tcp_rexmit_rto
 .text.tcp_keepalive
                0x0000000010007a20       0xe0 CMakeFiles/udp_basic.dir/home/alfaugus/raspberry/pico/pico-sdk/lib/lwip/src/core/tcp_out.c.obj
                0x0000000010007a20                tcp_keepalive
 .text.tcp_zero_window_probe
                0x0000000010007b00      0x108 CMakeFiles/udp_basic.dir/home/alfaugus/raspberry/pico/pico-sdk/lib/lwip/src/core/tcp_out.c.obj
                0x0000000010007b00                tcp_zero_window_probe
 .text.sys_timeout_abs
                0x0000000010007c08       0x48 CMakeFiles/udp_basic.dir/home/alfaugus/raspberry/pico/pico-sdk/lib/lwip/src/core/timeouts.c.obj
 .text.lwip_cyclic_timer
                0x0000000010007c50       0x38 CMakeFiles/udp_basic.dir/home/alfaugus/raspberry/pico/pico-sdk/lib/lwip/src/core/timeouts.c.obj
 .text.tcpip_tcp_timer
                0x0000000010007c88       0x3c CMakeFiles/udp_basic.dir/home/alfaugus/raspberry/pico/pico-sdk/lib/lwip/src/core/timeouts.c.obj
 .text.tcp_timer_needed
                0x0000000010007cc4       0x40 CMakeFiles/udp_basic.dir/home/alfaugus/raspberry/pico/pico-sdk/lib/lwip/src/core/timeouts.c.obj
                0x0000000010007cc4                tcp_timer_needed
 .text.sys_timeouts_init
                0x0000000010007d04       0x90 CMakeFiles/udp_basic.dir/home/alfaugus/raspberry/pico/pico-sdk/lib/lwip/src/core/timeouts.c.obj
                0x0000000010007d04                sys_timeouts_init
 .text.sys_check_timeouts
                0x0000000010007d94       0x68 CMakeFiles/udp_basic.dir/home/alfaugus/raspberry/pico/pico-sdk/lib/lwip/src/core/timeouts.c.obj
                0x0000000010007d94                sys_check_timeouts
 .text.sys_timeouts_sleeptime
                0x0000000010007dfc       0x28 CMakeFiles/udp_basic.dir/home/alfaugus/raspberry/pico/pico-sdk/lib/lwip/src/core/timeouts.c.obj
                0x0000000010007dfc                sys_timeouts_sleeptime
 .text.udp_init
                0x0000000010007e24       0x20 CMakeFiles/udp_basic.dir/home/alfaugus/raspberry/pico/pico-sdk/lib/lwip/src/core/udp.c.obj
                0x0000000010007e24                udp_init
 .text.udp_input
                0x0000000010007e44      0x24c CMakeFiles/udp_basic.dir/home/alfaugus/raspberry/pico/pico-sdk/lib/lwip/src/core/udp.c.obj
                0x0000000010007e44                udp_input
 .text.udp_bind
                0x0000000010008090      0x10c CMakeFiles/udp_basic.dir/home/alfaugus/raspberry/pico/pico-sdk/lib/lwip/src/core/udp.c.obj
                0x0000000010008090                udp_bind
 .text.udp_sendto_if_src
                0x000000001000819c      0x130 CMakeFiles/udp_basic.dir/home/alfaugus/raspberry/pico/pico-sdk/lib/lwip/src/core/udp.c.obj
                0x000000001000819c                udp_sendto_if_src
 .text.udp_sendto_if
                0x00000000100082cc       0x48 CMakeFiles/udp_basic.dir/home/alfaugus/raspberry/pico/pico-sdk/lib/lwip/src/core/udp.c.obj
                0x00000000100082cc                udp_sendto_if
 .text.udp_sendto
                0x0000000010008314       0x7c CMakeFiles/udp_basic.dir/home/alfaugus/raspberry/pico/pico-sdk/lib/lwip/src/core/udp.c.obj
                0x0000000010008314                udp_sendto
 .text.udp_connect
                0x0000000010008390       0x64 CMakeFiles/udp_basic.dir/home/alfaugus/raspberry/pico/pico-sdk/lib/lwip/src/core/udp.c.obj
                0x0000000010008390                udp_connect
 .text.udp_recv
                0x00000000100083f4        0xc CMakeFiles/udp_basic.dir/home/alfaugus/raspberry/pico/pico-sdk/lib/lwip/src/core/udp.c.obj
                0x00000000100083f4                udp_recv
 .text.udp_remove
                0x0000000010008400       0x3c CMakeFiles/udp_basic.dir/home/alfaugus/raspberry/pico/pico-sdk/lib/lwip/src/core/udp.c.obj
                0x0000000010008400                udp_remove
 .text.udp_new  0x000000001000843c       0x1c CMakeFiles/udp_basic.dir/home/alfaugus/raspberry/pico/pico-sdk/lib/lwip/src/core/udp.c.obj
                0x000000001000843c                udp_new
 .text.udp_netif_ip_addr_changed
                0x0000000010008458       0x40 CMakeFiles/udp_basic.dir/home/alfaugus/raspberry/pico/pico-sdk/lib/lwip/src/core/udp.c.obj
                0x0000000010008458                udp_netif_ip_addr_changed
 .text.dhcp_create_msg
                0x0000000010008498      0x16c CMakeFiles/udp_basic.dir/home/alfaugus/raspberry/pico/pico-sdk/lib/lwip/src/core/ipv4/dhcp.c.obj
 .text.dhcp_inc_pcb_refcount
                0x0000000010008604       0x6c CMakeFiles/udp_basic.dir/home/alfaugus/raspberry/pico/pico-sdk/lib/lwip/src/core/ipv4/dhcp.c.obj
 .text.dhcp_bind
                0x0000000010008670      0x11c CMakeFiles/udp_basic.dir/home/alfaugus/raspberry/pico/pico-sdk/lib/lwip/src/core/ipv4/dhcp.c.obj
 .text.dhcp_option_hostname.isra.0
                0x000000001000878c       0x8c CMakeFiles/udp_basic.dir/home/alfaugus/raspberry/pico/pico-sdk/lib/lwip/src/core/ipv4/dhcp.c.obj
 .text.dhcp_handle_ack.isra.0
                0x0000000010008818       0xcc CMakeFiles/udp_basic.dir/home/alfaugus/raspberry/pico/pico-sdk/lib/lwip/src/core/ipv4/dhcp.c.obj
 .text.dhcp_reboot.isra.0
                0x00000000100088e4      0x1e4 CMakeFiles/udp_basic.dir/home/alfaugus/raspberry/pico/pico-sdk/lib/lwip/src/core/ipv4/dhcp.c.obj
 .text.dhcp_discover
                0x0000000010008ac8      0x198 CMakeFiles/udp_basic.dir/home/alfaugus/raspberry/pico/pico-sdk/lib/lwip/src/core/ipv4/dhcp.c.obj
 .text.dhcp_select.isra.0
                0x0000000010008c60      0x268 CMakeFiles/udp_basic.dir/home/alfaugus/raspberry/pico/pico-sdk/lib/lwip/src/core/ipv4/dhcp.c.obj
 .text.dhcp_recv
                0x0000000010008ec8      0x494 CMakeFiles/udp_basic.dir/home/alfaugus/raspberry/pico/pico-sdk/lib/lwip/src/core/ipv4/dhcp.c.obj
 .text.dhcp_set_struct
                0x000000001000935c       0x44 CMakeFiles/udp_basic.dir/home/alfaugus/raspberry/pico/pico-sdk/lib/lwip/src/core/ipv4/dhcp.c.obj
                0x000000001000935c                dhcp_set_struct
 .text.dhcp_network_changed_link_up
                0x00000000100093a0       0x40 CMakeFiles/udp_basic.dir/home/alfaugus/raspberry/pico/pico-sdk/lib/lwip/src/core/ipv4/dhcp.c.obj
                0x00000000100093a0                dhcp_network_changed_link_up
 .text.dhcp_renew
                0x00000000100093e0      0x1b8 CMakeFiles/udp_basic.dir/home/alfaugus/raspberry/pico/pico-sdk/lib/lwip/src/core/ipv4/dhcp.c.obj
                0x00000000100093e0                dhcp_renew
 .text.dhcp_release_and_stop
                0x0000000010009598      0x180 CMakeFiles/udp_basic.dir/home/alfaugus/raspberry/pico/pico-sdk/lib/lwip/src/core/ipv4/dhcp.c.obj
                0x0000000010009598                dhcp_release_and_stop
 .text.dhcp_start
                0x0000000010009718       0xb0 CMakeFiles/udp_basic.dir/home/alfaugus/raspberry/pico/pico-sdk/lib/lwip/src/core/ipv4/dhcp.c.obj
                0x0000000010009718                dhcp_start
 .text.dhcp_coarse_tmr
                0x00000000100097c8      0x238 CMakeFiles/udp_basic.dir/home/alfaugus/raspberry/pico/pico-sdk/lib/lwip/src/core/ipv4/dhcp.c.obj
                0x00000000100097c8                dhcp_coarse_tmr
 .text.dhcp_fine_tmr
                0x0000000010009a00       0x78 CMakeFiles/udp_basic.dir/home/alfaugus/raspberry/pico/pico-sdk/lib/lwip/src/core/ipv4/dhcp.c.obj
                0x0000000010009a00                dhcp_fine_tmr
 .text.dhcp_stop
                0x0000000010009a78      0x180 CMakeFiles/udp_basic.dir/home/alfaugus/raspberry/pico/pico-sdk/lib/lwip/src/core/ipv4/dhcp.c.obj
                0x0000000010009a78                dhcp_stop
 .text.etharp_find_entry
                0x0000000010009bf8     0x1fbc CMakeFiles/udp_basic.dir/home/alfaugus/raspberry/pico/pico-sdk/lib/lwip/src/core/ipv4/etharp.c.obj
 .text.etharp_raw
                0x000000001000bbb4       0xec CMakeFiles/udp_basic.dir/home/alfaugus/raspberry/pico/pico-sdk/lib/lwip/src/core/ipv4/etharp.c.obj
 .text.etharp_output_to_arp_index
                0x000000001000bca0       0xe4 CMakeFiles/udp_basic.dir/home/alfaugus/raspberry/pico/pico-sdk/lib/lwip/src/core/ipv4/etharp.c.obj
 .text.etharp_tmr
                0x000000001000bd84       0x94 CMakeFiles/udp_basic.dir/home/alfaugus/raspberry/pico/pico-sdk/lib/lwip/src/core/ipv4/etharp.c.obj
                0x000000001000bd84                etharp_tmr
 .text.etharp_cleanup_netif
                0x000000001000be18      0x188 CMakeFiles/udp_basic.dir/home/alfaugus/raspberry/pico/pico-sdk/lib/lwip/src/core/ipv4/etharp.c.obj
                0x000000001000be18                etharp_cleanup_netif
 .text.etharp_input
                0x000000001000bfa0      0x1b0 CMakeFiles/udp_basic.dir/home/alfaugus/raspberry/pico/pico-sdk/lib/lwip/src/core/ipv4/etharp.c.obj
                0x000000001000bfa0                etharp_input
 .text.etharp_query
                0x000000001000c150      0x1c0 CMakeFiles/udp_basic.dir/home/alfaugus/raspberry/pico/pico-sdk/lib/lwip/src/core/ipv4/etharp.c.obj
                0x000000001000c150                etharp_query
 .text.etharp_output
                0x000000001000c310      0x24c CMakeFiles/udp_basic.dir/home/alfaugus/raspberry/pico/pico-sdk/lib/lwip/src/core/ipv4/etharp.c.obj
                0x000000001000c310                etharp_output
 .text.etharp_request
                0x000000001000c55c       0x2c CMakeFiles/udp_basic.dir/home/alfaugus/raspberry/pico/pico-sdk/lib/lwip/src/core/ipv4/etharp.c.obj
                0x000000001000c55c                etharp_request
 .text.icmp_input
                0x000000001000c588      0x1e8 CMakeFiles/udp_basic.dir/home/alfaugus/raspberry/pico/pico-sdk/lib/lwip/src/core/ipv4/icmp.c.obj
                0x000000001000c588                icmp_input
 .text.icmp_dest_unreach
                0x000000001000c770       0xd0 CMakeFiles/udp_basic.dir/home/alfaugus/raspberry/pico/pico-sdk/lib/lwip/src/core/ipv4/icmp.c.obj
                0x000000001000c770                icmp_dest_unreach
 .text.icmp_time_exceeded
                0x000000001000c840       0xd0 CMakeFiles/udp_basic.dir/home/alfaugus/raspberry/pico/pico-sdk/lib/lwip/src/core/ipv4/icmp.c.obj
                0x000000001000c840                icmp_time_exceeded
 .text.ip_reass_free_complete_datagram
                0x000000001000c910      0x114 CMakeFiles/udp_basic.dir/home/alfaugus/raspberry/pico/pico-sdk/lib/lwip/src/core/ipv4/ip4_frag.c.obj
 .text.ip_reass_remove_oldest_datagram
                0x000000001000ca24       0xd8 CMakeFiles/udp_basic.dir/home/alfaugus/raspberry/pico/pico-sdk/lib/lwip/src/core/ipv4/ip4_frag.c.obj
 .text.ip_reass_tmr
                0x000000001000cafc       0x38 CMakeFiles/udp_basic.dir/home/alfaugus/raspberry/pico/pico-sdk/lib/lwip/src/core/ipv4/ip4_frag.c.obj
                0x000000001000cafc                ip_reass_tmr
 .text.ip4_reass
                0x000000001000cb34      0x534 CMakeFiles/udp_basic.dir/home/alfaugus/raspberry/pico/pico-sdk/lib/lwip/src/core/ipv4/ip4_frag.c.obj
                0x000000001000cb34                ip4_reass
 .text.ip4_frag
                0x000000001000d068      0x17c CMakeFiles/udp_basic.dir/home/alfaugus/raspberry/pico/pico-sdk/lib/lwip/src/core/ipv4/ip4_frag.c.obj
                0x000000001000d068                ip4_frag
 .text.ip4_route
                0x000000001000d1e4       0x7c CMakeFiles/udp_basic.dir/home/alfaugus/raspberry/pico/pico-sdk/lib/lwip/src/core/ipv4/ip4.c.obj
                0x000000001000d1e4                ip4_route
 .text.ip4_input
                0x000000001000d260      0x2cc CMakeFiles/udp_basic.dir/home/alfaugus/raspberry/pico/pico-sdk/lib/lwip/src/core/ipv4/ip4.c.obj
                0x000000001000d260                ip4_input
 .text.ip4_output_if
                0x000000001000d52c      0x190 CMakeFiles/udp_basic.dir/home/alfaugus/raspberry/pico/pico-sdk/lib/lwip/src/core/ipv4/ip4.c.obj
                0x000000001000d52c                ip4_output_if
 .text.ip4_output_if_src
                0x000000001000d6bc      0x17c CMakeFiles/udp_basic.dir/home/alfaugus/raspberry/pico/pico-sdk/lib/lwip/src/core/ipv4/ip4.c.obj
                0x000000001000d6bc                ip4_output_if_src
 .text.ip4_addr_isbroadcast_u32
                0x000000001000d838       0x3c CMakeFiles/udp_basic.dir/home/alfaugus/raspberry/pico/pico-sdk/lib/lwip/src/core/ipv4/ip4_addr.c.obj
                0x000000001000d838                ip4_addr_isbroadcast_u32
 .text.ethernet_input
                0x000000001000d874       0xd0 CMakeFiles/udp_basic.dir/home/alfaugus/raspberry/pico/pico-sdk/lib/lwip/src/netif/ethernet.c.obj
                0x000000001000d874                ethernet_input
 .text.ethernet_output
                0x000000001000d944       0x6c CMakeFiles/udp_basic.dir/home/alfaugus/raspberry/pico/pico-sdk/lib/lwip/src/netif/ethernet.c.obj
                0x000000001000d944                ethernet_output
 .text.cyw43_arch_wifi_connect_bssid_until.part.0
                0x000000001000d9b0       0xd8 CMakeFiles/udp_basic.dir/home/alfaugus/raspberry/pico/pico-sdk/src/rp2_common/pico_cyw43_arch/cyw43_arch.c.obj
 .text.cyw43_arch_set_async_context
                0x000000001000da88        0xc CMakeFiles/udp_basic.dir/home/alfaugus/raspberry/pico/pico-sdk/src/rp2_common/pico_cyw43_arch/cyw43_arch.c.obj
                0x000000001000da88                cyw43_arch_set_async_context
 .text.cyw43_arch_enable_sta_mode
                0x000000001000da94       0x1c CMakeFiles/udp_basic.dir/home/alfaugus/raspberry/pico/pico-sdk/src/rp2_common/pico_cyw43_arch/cyw43_arch.c.obj
                0x000000001000da94                cyw43_arch_enable_sta_mode
 .text.cyw43_arch_wifi_connect_timeout_ms
                0x000000001000dab0       0x9c CMakeFiles/udp_basic.dir/home/alfaugus/raspberry/pico/pico-sdk/src/rp2_common/pico_cyw43_arch/cyw43_arch.c.obj
                0x000000001000dab0                cyw43_arch_wifi_connect_timeout_ms
 .text.cyw43_arch_async_context
                0x000000001000db4c        0xc CMakeFiles/udp_basic.dir/home/alfaugus/raspberry/pico/pico-sdk/src/rp2_common/pico_cyw43_arch/cyw43_arch.c.obj
                0x000000001000db4c                cyw43_arch_async_context
 .text.cyw43_arch_init
                0x000000001000db58       0x80 CMakeFiles/udp_basic.dir/home/alfaugus/raspberry/pico/pico-sdk/src/rp2_common/pico_cyw43_arch/cyw43_arch_threadsafe_background.c.obj
                0x000000001000db58                cyw43_arch_init
 .text.ns_delay.constprop.0
                0x000000001000dbd8       0x20 CMakeFiles/udp_basic.dir/home/alfaugus/raspberry/pico/pico-sdk/src/rp2_common/pico_cyw43_driver/cyw43_bus_pio_spi.c.obj
 .text.cyw43_spi_deinit
                0x000000001000dbf8       0x7c CMakeFiles/udp_basic.dir/home/alfaugus/raspberry/pico/pico-sdk/src/rp2_common/pico_cyw43_driver/cyw43_bus_pio_spi.c.obj
                0x000000001000dbf8                cyw43_spi_deinit
 .text.cyw43_spi_init
                0x000000001000dc74      0x140 CMakeFiles/udp_basic.dir/home/alfaugus/raspberry/pico/pico-sdk/src/rp2_common/pico_cyw43_driver/cyw43_bus_pio_spi.c.obj
                0x000000001000dc74                cyw43_spi_init
 .text.cyw43_spi_transfer
                0x000000001000ddb4      0x40c CMakeFiles/udp_basic.dir/home/alfaugus/raspberry/pico/pico-sdk/src/rp2_common/pico_cyw43_driver/cyw43_bus_pio_spi.c.obj
                0x000000001000ddb4                cyw43_spi_transfer
 .text.cyw43_spi_gpio_setup
                0x000000001000e1c0       0x3c CMakeFiles/udp_basic.dir/home/alfaugus/raspberry/pico/pico-sdk/src/rp2_common/pico_cyw43_driver/cyw43_bus_pio_spi.c.obj
                0x000000001000e1c0                cyw43_spi_gpio_setup
 .text.cyw43_spi_reset
                0x000000001000e1fc       0x28 CMakeFiles/udp_basic.dir/home/alfaugus/raspberry/pico/pico-sdk/src/rp2_common/pico_cyw43_driver/cyw43_bus_pio_spi.c.obj
                0x000000001000e1fc                cyw43_spi_reset
 .text.read_reg_u32_swap
                0x000000001000e224       0x3c CMakeFiles/udp_basic.dir/home/alfaugus/raspberry/pico/pico-sdk/src/rp2_common/pico_cyw43_driver/cyw43_bus_pio_spi.c.obj
                0x000000001000e224                read_reg_u32_swap
 .text.cyw43_read_reg_u32
                0x000000001000e260       0x6c CMakeFiles/udp_basic.dir/home/alfaugus/raspberry/pico/pico-sdk/src/rp2_common/pico_cyw43_driver/cyw43_bus_pio_spi.c.obj
                0x000000001000e260                cyw43_read_reg_u32
 .text.cyw43_read_reg_u16
                0x000000001000e2cc       0x6c CMakeFiles/udp_basic.dir/home/alfaugus/raspberry/pico/pico-sdk/src/rp2_common/pico_cyw43_driver/cyw43_bus_pio_spi.c.obj
                0x000000001000e2cc                cyw43_read_reg_u16
 .text.cyw43_read_reg_u8
                0x000000001000e338       0x6c CMakeFiles/udp_basic.dir/home/alfaugus/raspberry/pico/pico-sdk/src/rp2_common/pico_cyw43_driver/cyw43_bus_pio_spi.c.obj
                0x000000001000e338                cyw43_read_reg_u8
 .text.write_reg_u32_swap
                0x000000001000e3a4      0x1e4 CMakeFiles/udp_basic.dir/home/alfaugus/raspberry/pico/pico-sdk/src/rp2_common/pico_cyw43_driver/cyw43_bus_pio_spi.c.obj
                0x000000001000e3a4                write_reg_u32_swap
 .text.cyw43_write_reg_u32
                0x000000001000e588      0x204 CMakeFiles/udp_basic.dir/home/alfaugus/raspberry/pico/pico-sdk/src/rp2_common/pico_cyw43_driver/cyw43_bus_pio_spi.c.obj
                0x000000001000e588                cyw43_write_reg_u32
 .text.cyw43_write_reg_u16
                0x000000001000e78c      0x204 CMakeFiles/udp_basic.dir/home/alfaugus/raspberry/pico/pico-sdk/src/rp2_common/pico_cyw43_driver/cyw43_bus_pio_spi.c.obj
                0x000000001000e78c                cyw43_write_reg_u16
 .text.cyw43_write_reg_u8
                0x000000001000e990      0x204 CMakeFiles/udp_basic.dir/home/alfaugus/raspberry/pico/pico-sdk/src/rp2_common/pico_cyw43_driver/cyw43_bus_pio_spi.c.obj
                0x000000001000e990                cyw43_write_reg_u8
 .text.cyw43_read_bytes
                0x000000001000eb94       0x78 CMakeFiles/udp_basic.dir/home/alfaugus/raspberry/pico/pico-sdk/src/rp2_common/pico_cyw43_driver/cyw43_bus_pio_spi.c.obj
                0x000000001000eb94                cyw43_read_bytes
 .text.cyw43_write_bytes
                0x000000001000ec0c       0xec CMakeFiles/udp_basic.dir/home/alfaugus/raspberry/pico/pico-sdk/src/rp2_common/pico_cyw43_driver/cyw43_bus_pio_spi.c.obj
                0x000000001000ec0c                cyw43_write_bytes
 .text.cyw43_set_backplane_window
                0x000000001000ecf8       0x64 CMakeFiles/udp_basic.dir/home/alfaugus/raspberry/pico/pico-sdk/lib/cyw43-driver/src/cyw43_ll.c.obj
 .text.cyw43_ll_parse_async_event
                0x000000001000ed5c      0x13c CMakeFiles/udp_basic.dir/home/alfaugus/raspberry/pico/pico-sdk/lib/cyw43-driver/src/cyw43_ll.c.obj
 .text.cyw43_kso_set
                0x000000001000ee98       0xa0 CMakeFiles/udp_basic.dir/home/alfaugus/raspberry/pico/pico-sdk/lib/cyw43-driver/src/cyw43_ll.c.obj
 .text.cyw43_ll_sdpcm_poll_device
                0x000000001000ef38      0x238 CMakeFiles/udp_basic.dir/home/alfaugus/raspberry/pico/pico-sdk/lib/cyw43-driver/src/cyw43_ll.c.obj
 .text.cyw43_sdpcm_send_common
                0x000000001000f170       0xf8 CMakeFiles/udp_basic.dir/home/alfaugus/raspberry/pico/pico-sdk/lib/cyw43-driver/src/cyw43_ll.c.obj
 .text.cyw43_do_ioctl.part.0
                0x000000001000f268       0xc4 CMakeFiles/udp_basic.dir/home/alfaugus/raspberry/pico/pico-sdk/lib/cyw43-driver/src/cyw43_ll.c.obj
 .text.cyw43_download_resource
                0x000000001000f32c       0xd0 CMakeFiles/udp_basic.dir/home/alfaugus/raspberry/pico/pico-sdk/lib/cyw43-driver/src/cyw43_ll.c.obj
 .text.cyw43_write_iovar_n
                0x000000001000f3fc       0x8c CMakeFiles/udp_basic.dir/home/alfaugus/raspberry/pico/pico-sdk/lib/cyw43-driver/src/cyw43_ll.c.obj
 .text.cyw43_write_iovar_u32
                0x000000001000f488       0xa4 CMakeFiles/udp_basic.dir/home/alfaugus/raspberry/pico/pico-sdk/lib/cyw43-driver/src/cyw43_ll.c.obj
 .text.cyw43_write_iovar_u32_u32.constprop.0
                0x000000001000f52c       0xb0 CMakeFiles/udp_basic.dir/home/alfaugus/raspberry/pico/pico-sdk/lib/cyw43-driver/src/cyw43_ll.c.obj
 .text.cyw43_read_backplane.constprop.0
                0x000000001000f5dc       0xdc CMakeFiles/udp_basic.dir/home/alfaugus/raspberry/pico/pico-sdk/lib/cyw43-driver/src/cyw43_ll.c.obj
 .text.cyw43_write_backplane
                0x000000001000f6b8      0x104 CMakeFiles/udp_basic.dir/home/alfaugus/raspberry/pico/pico-sdk/lib/cyw43-driver/src/cyw43_ll.c.obj
 .text.reset_device_core.constprop.0
                0x000000001000f7bc      0x3f0 CMakeFiles/udp_basic.dir/home/alfaugus/raspberry/pico/pico-sdk/lib/cyw43-driver/src/cyw43_ll.c.obj
 .text.cyw43_ll_init
                0x000000001000fbac       0x1c CMakeFiles/udp_basic.dir/home/alfaugus/raspberry/pico/pico-sdk/lib/cyw43-driver/src/cyw43_ll.c.obj
                0x000000001000fbac                cyw43_ll_init
 .text.cyw43_ll_deinit
                0x000000001000fbc8        0x8 CMakeFiles/udp_basic.dir/home/alfaugus/raspberry/pico/pico-sdk/lib/cyw43-driver/src/cyw43_ll.c.obj
                0x000000001000fbc8                cyw43_ll_deinit
 .text.cyw43_ll_send_ethernet
                0x000000001000fbd0       0x60 CMakeFiles/udp_basic.dir/home/alfaugus/raspberry/pico/pico-sdk/lib/cyw43-driver/src/cyw43_ll.c.obj
                0x000000001000fbd0                cyw43_ll_send_ethernet
 .text.cyw43_ll_process_packets
                0x000000001000fc30       0x54 CMakeFiles/udp_basic.dir/home/alfaugus/raspberry/pico/pico-sdk/lib/cyw43-driver/src/cyw43_ll.c.obj
                0x000000001000fc30                cyw43_ll_process_packets
 .text.cyw43_ll_ioctl
                0x000000001000fc84       0x80 CMakeFiles/udp_basic.dir/home/alfaugus/raspberry/pico/pico-sdk/lib/cyw43-driver/src/cyw43_ll.c.obj
                0x000000001000fc84                cyw43_ll_ioctl
 .text.cyw43_ll_bus_sleep
                0x000000001000fd04       0x34 CMakeFiles/udp_basic.dir/home/alfaugus/raspberry/pico/pico-sdk/lib/cyw43-driver/src/cyw43_ll.c.obj
                0x000000001000fd04                cyw43_ll_bus_sleep
 .text.cyw43_ll_wifi_on
                0x000000001000fd38      0x220 CMakeFiles/udp_basic.dir/home/alfaugus/raspberry/pico/pico-sdk/lib/cyw43-driver/src/cyw43_ll.c.obj
                0x000000001000fd38                cyw43_ll_wifi_on
 .text.cyw43_ll_wifi_get_mac
                0x000000001000ff58       0x74 CMakeFiles/udp_basic.dir/home/alfaugus/raspberry/pico/pico-sdk/lib/cyw43-driver/src/cyw43_ll.c.obj
                0x000000001000ff58                cyw43_ll_wifi_get_mac
 .text.cyw43_ll_bus_init
                0x000000001000ffcc      0x90c CMakeFiles/udp_basic.dir/home/alfaugus/raspberry/pico/pico-sdk/lib/cyw43-driver/src/cyw43_ll.c.obj
                0x000000001000ffcc                cyw43_ll_bus_init
 .text.cyw43_ll_wifi_pm
                0x00000000100108d8      0x138 CMakeFiles/udp_basic.dir/home/alfaugus/raspberry/pico/pico-sdk/lib/cyw43-driver/src/cyw43_ll.c.obj
                0x00000000100108d8                cyw43_ll_wifi_pm
 .text.cyw43_ll_wifi_join
                0x0000000010010a10      0x4c4 CMakeFiles/udp_basic.dir/home/alfaugus/raspberry/pico/pico-sdk/lib/cyw43-driver/src/cyw43_ll.c.obj
                0x0000000010010a10                cyw43_ll_wifi_join
 .text.cyw43_ll_wifi_set_wpa_auth
                0x0000000010010ed4       0x4c CMakeFiles/udp_basic.dir/home/alfaugus/raspberry/pico/pico-sdk/lib/cyw43-driver/src/cyw43_ll.c.obj
                0x0000000010010ed4                cyw43_ll_wifi_set_wpa_auth
 .text.cyw43_ll_wifi_rejoin
                0x0000000010010f20       0x58 CMakeFiles/udp_basic.dir/home/alfaugus/raspberry/pico/pico-sdk/lib/cyw43-driver/src/cyw43_ll.c.obj
                0x0000000010010f20                cyw43_ll_wifi_rejoin
 .text.cyw43_ll_wifi_ap_init
                0x0000000010010f78      0x430 CMakeFiles/udp_basic.dir/home/alfaugus/raspberry/pico/pico-sdk/lib/cyw43-driver/src/cyw43_ll.c.obj
                0x0000000010010f78                cyw43_ll_wifi_ap_init
 .text.cyw43_ll_wifi_ap_set_up
                0x00000000100113a8       0x80 CMakeFiles/udp_basic.dir/home/alfaugus/raspberry/pico/pico-sdk/lib/cyw43-driver/src/cyw43_ll.c.obj
                0x00000000100113a8                cyw43_ll_wifi_ap_set_up
 .text.cyw43_ll_has_work
                0x0000000010011428       0x14 CMakeFiles/udp_basic.dir/home/alfaugus/raspberry/pico/pico-sdk/lib/cyw43-driver/src/cyw43_ll.c.obj
                0x0000000010011428                cyw43_ll_has_work
 .text.cyw43_netif_init
                0x000000001001143c       0x3c CMakeFiles/udp_basic.dir/home/alfaugus/raspberry/pico/pico-sdk/lib/cyw43-driver/src/cyw43_lwip.c.obj
 .text.cyw43_netif_output
                0x0000000010011478       0x34 CMakeFiles/udp_basic.dir/home/alfaugus/raspberry/pico/pico-sdk/lib/cyw43-driver/src/cyw43_lwip.c.obj
 .text.cyw43_cb_tcpip_init
                0x00000000100114ac       0xfc CMakeFiles/udp_basic.dir/home/alfaugus/raspberry/pico/pico-sdk/lib/cyw43-driver/src/cyw43_lwip.c.obj
                0x00000000100114ac                cyw43_cb_tcpip_init
 .text.cyw43_cb_tcpip_deinit
                0x00000000100115a8       0x4c CMakeFiles/udp_basic.dir/home/alfaugus/raspberry/pico/pico-sdk/lib/cyw43-driver/src/cyw43_lwip.c.obj
                0x00000000100115a8                cyw43_cb_tcpip_deinit
 .text.cyw43_cb_process_ethernet
                0x00000000100115f4       0x68 CMakeFiles/udp_basic.dir/home/alfaugus/raspberry/pico/pico-sdk/lib/cyw43-driver/src/cyw43_lwip.c.obj
                0x00000000100115f4                cyw43_cb_process_ethernet
 .text.cyw43_cb_tcpip_set_link_up
                0x000000001001165c       0x18 CMakeFiles/udp_basic.dir/home/alfaugus/raspberry/pico/pico-sdk/lib/cyw43-driver/src/cyw43_lwip.c.obj
                0x000000001001165c                cyw43_cb_tcpip_set_link_up
 .text.cyw43_cb_tcpip_set_link_down
                0x0000000010011674       0x18 CMakeFiles/udp_basic.dir/home/alfaugus/raspberry/pico/pico-sdk/lib/cyw43-driver/src/cyw43_lwip.c.obj
                0x0000000010011674                cyw43_cb_tcpip_set_link_down
 .text.cyw43_tcpip_link_status
                0x000000001001168c       0x34 CMakeFiles/udp_basic.dir/home/alfaugus/raspberry/pico/pico-sdk/lib/cyw43-driver/src/cyw43_lwip.c.obj
                0x000000001001168c                cyw43_tcpip_link_status
 .text.cyw43_poll_func
                0x00000000100116c0       0xc0 CMakeFiles/udp_basic.dir/home/alfaugus/raspberry/pico/pico-sdk/lib/cyw43-driver/src/cyw43_ctrl.c.obj
 .text.cyw43_init
                0x0000000010011780       0x6c CMakeFiles/udp_basic.dir/home/alfaugus/raspberry/pico/pico-sdk/lib/cyw43-driver/src/cyw43_ctrl.c.obj
                0x0000000010011780                cyw43_init
 .text.cyw43_deinit
                0x00000000100117ec       0x90 CMakeFiles/udp_basic.dir/home/alfaugus/raspberry/pico/pico-sdk/lib/cyw43-driver/src/cyw43_ctrl.c.obj
                0x00000000100117ec                cyw43_deinit
 .text.cyw43_cb_read_host_interrupt_pin
                0x000000001001187c        0xc CMakeFiles/udp_basic.dir/home/alfaugus/raspberry/pico/pico-sdk/lib/cyw43-driver/src/cyw43_ctrl.c.obj
                0x000000001001187c                cyw43_cb_read_host_interrupt_pin
 .text.cyw43_cb_ensure_awake
                0x0000000010011888        0xc CMakeFiles/udp_basic.dir/home/alfaugus/raspberry/pico/pico-sdk/lib/cyw43-driver/src/cyw43_ctrl.c.obj
                0x0000000010011888                cyw43_cb_ensure_awake
 .text.cyw43_cb_process_async_event
                0x0000000010011894      0x228 CMakeFiles/udp_basic.dir/home/alfaugus/raspberry/pico/pico-sdk/lib/cyw43-driver/src/cyw43_ctrl.c.obj
                0x0000000010011894                cyw43_cb_process_async_event
 .text.cyw43_send_ethernet
                0x0000000010011abc       0xc0 CMakeFiles/udp_basic.dir/home/alfaugus/raspberry/pico/pico-sdk/lib/cyw43-driver/src/cyw43_ctrl.c.obj
                0x0000000010011abc                cyw43_send_ethernet
 .text.cyw43_wifi_get_mac
                0x0000000010011b7c       0x10 CMakeFiles/udp_basic.dir/home/alfaugus/raspberry/pico/pico-sdk/lib/cyw43-driver/src/cyw43_ctrl.c.obj
                0x0000000010011b7c                cyw43_wifi_get_mac
 .text.cyw43_wifi_set_up
                0x0000000010011b8c      0x338 CMakeFiles/udp_basic.dir/home/alfaugus/raspberry/pico/pico-sdk/lib/cyw43-driver/src/cyw43_ctrl.c.obj
                0x0000000010011b8c                cyw43_wifi_set_up
 .text.cyw43_wifi_link_status
                0x0000000010011ec4       0x3c CMakeFiles/udp_basic.dir/home/alfaugus/raspberry/pico/pico-sdk/lib/cyw43-driver/src/cyw43_ctrl.c.obj
                0x0000000010011ec4                cyw43_wifi_link_status
 .text.cyw43_wifi_join
                0x0000000010011f00       0xf4 CMakeFiles/udp_basic.dir/home/alfaugus/raspberry/pico/pico-sdk/lib/cyw43-driver/src/cyw43_ctrl.c.obj
                0x0000000010011f00                cyw43_wifi_join
 .text.pio_sm_unclaim
                0x0000000010011ff4       0x20 CMakeFiles/udp_basic.dir/home/alfaugus/raspberry/pico/pico-sdk/src/rp2_common/hardware_pio/pio.c.obj
                0x0000000010011ff4                pio_sm_unclaim
 .text.pio_claim_unused_sm
                0x0000000010012014       0x38 CMakeFiles/udp_basic.dir/home/alfaugus/raspberry/pico/pico-sdk/src/rp2_common/hardware_pio/pio.c.obj
                0x0000000010012014                pio_claim_unused_sm
 .text.pio_can_add_program
                0x000000001001204c       0x6c CMakeFiles/udp_basic.dir/home/alfaugus/raspberry/pico/pico-sdk/src/rp2_common/hardware_pio/pio.c.obj
                0x000000001001204c                pio_can_add_program
 .text.pio_add_program
                0x00000000100120b8       0xf4 CMakeFiles/udp_basic.dir/home/alfaugus/raspberry/pico/pico-sdk/src/rp2_common/hardware_pio/pio.c.obj
                0x00000000100120b8                pio_add_program
 .text.pio_remove_program
                0x00000000100121ac       0x34 CMakeFiles/udp_basic.dir/home/alfaugus/raspberry/pico/pico-sdk/src/rp2_common/hardware_pio/pio.c.obj
                0x00000000100121ac                pio_remove_program
 .text.pio_sm_set_pindirs_with_mask
                0x00000000100121e0       0xa4 CMakeFiles/udp_basic.dir/home/alfaugus/raspberry/pico/pico-sdk/src/rp2_common/hardware_pio/pio.c.obj
                0x00000000100121e0                pio_sm_set_pindirs_with_mask
 .text.pio_sm_set_consecutive_pindirs
                0x0000000010012284       0xbc CMakeFiles/udp_basic.dir/home/alfaugus/raspberry/pico/pico-sdk/src/rp2_common/hardware_pio/pio.c.obj
                0x0000000010012284                pio_sm_set_consecutive_pindirs
 .text.dma_channel_unclaim
                0x0000000010012340       0x10 CMakeFiles/udp_basic.dir/home/alfaugus/raspberry/pico/pico-sdk/src/rp2_common/hardware_dma/dma.c.obj
                0x0000000010012340                dma_channel_unclaim
 .text.dma_claim_unused_channel
                0x0000000010012350       0x20 CMakeFiles/udp_basic.dir/home/alfaugus/raspberry/pico/pico-sdk/src/rp2_common/hardware_dma/dma.c.obj
                0x0000000010012350                dma_claim_unused_channel
 .text.dma_channel_cleanup
                0x0000000010012370       0x64 CMakeFiles/udp_basic.dir/home/alfaugus/raspberry/pico/pico-sdk/src/rp2_common/hardware_dma/dma.c.obj
                0x0000000010012370                dma_channel_cleanup
 .text.cyw43_sleep_timeout_reached
                0x00000000100123d4       0x10 CMakeFiles/udp_basic.dir/home/alfaugus/raspberry/pico/pico-sdk/src/rp2_common/pico_cyw43_driver/cyw43_driver.c.obj
 .text.cyw43_irq_init
                0x00000000100123e4       0x28 CMakeFiles/udp_basic.dir/home/alfaugus/raspberry/pico/pico-sdk/src/rp2_common/pico_cyw43_driver/cyw43_driver.c.obj
                0x00000000100123e4                cyw43_irq_init
 .text.cyw43_irq_deinit
                0x000000001001240c       0x20 CMakeFiles/udp_basic.dir/home/alfaugus/raspberry/pico/pico-sdk/src/rp2_common/pico_cyw43_driver/cyw43_driver.c.obj
                0x000000001001240c                cyw43_irq_deinit
 .text.cyw43_gpio_irq_handler
                0x000000001001242c       0x44 CMakeFiles/udp_basic.dir/home/alfaugus/raspberry/pico/pico-sdk/src/rp2_common/pico_cyw43_driver/cyw43_driver.c.obj
 .text.cyw43_do_poll
                0x0000000010012470       0x6c CMakeFiles/udp_basic.dir/home/alfaugus/raspberry/pico/pico-sdk/src/rp2_common/pico_cyw43_driver/cyw43_driver.c.obj
 .text.cyw43_post_poll_hook
                0x00000000100124dc       0x10 CMakeFiles/udp_basic.dir/home/alfaugus/raspberry/pico/pico-sdk/src/rp2_common/pico_cyw43_driver/cyw43_driver.c.obj
                0x00000000100124dc                cyw43_post_poll_hook
 .text.cyw43_schedule_internal_poll_dispatch
                0x00000000100124ec       0x18 CMakeFiles/udp_basic.dir/home/alfaugus/raspberry/pico/pico-sdk/src/rp2_common/pico_cyw43_driver/cyw43_driver.c.obj
                0x00000000100124ec                cyw43_schedule_internal_poll_dispatch
 .text.cyw43_driver_init
                0x0000000010012504       0x38 CMakeFiles/udp_basic.dir/home/alfaugus/raspberry/pico/pico-sdk/src/rp2_common/pico_cyw43_driver/cyw43_driver.c.obj
                0x0000000010012504                cyw43_driver_init
 .text.cyw43_driver_deinit
                0x000000001001253c       0x44 CMakeFiles/udp_basic.dir/home/alfaugus/raspberry/pico/pico-sdk/src/rp2_common/pico_cyw43_driver/cyw43_driver.c.obj
                0x000000001001253c                cyw43_driver_deinit
 .text.cyw43_hal_generate_laa_mac
                0x0000000010012580       0x28 CMakeFiles/udp_basic.dir/home/alfaugus/raspberry/pico/pico-sdk/src/rp2_common/pico_cyw43_driver/cyw43_driver.c.obj
                0x0000000010012580                cyw43_hal_generate_laa_mac
 .text.cyw43_hal_get_mac
                0x00000000100125a8       0x1c CMakeFiles/udp_basic.dir/home/alfaugus/raspberry/pico/pico-sdk/src/rp2_common/pico_cyw43_driver/cyw43_driver.c.obj
                0x00000000100125a8                cyw43_hal_get_mac
 .text.cyw43_thread_enter
                0x00000000100125c4       0x14 CMakeFiles/udp_basic.dir/home/alfaugus/raspberry/pico/pico-sdk/src/rp2_common/pico_cyw43_driver/cyw43_driver.c.obj
                0x00000000100125c4                cyw43_thread_enter
 .text.cyw43_thread_exit
                0x00000000100125d8       0x14 CMakeFiles/udp_basic.dir/home/alfaugus/raspberry/pico/pico-sdk/src/rp2_common/pico_cyw43_driver/cyw43_driver.c.obj
                0x00000000100125d8                cyw43_thread_exit
 .text.cyw43_await_background_or_timeout_us
                0x00000000100125ec       0x60 CMakeFiles/udp_basic.dir/home/alfaugus/raspberry/pico/pico-sdk/src/rp2_common/pico_cyw43_driver/cyw43_driver.c.obj
                0x00000000100125ec                cyw43_await_background_or_timeout_us
 .text.cyw43_delay_ms
                0x000000001001264c       0x44 CMakeFiles/udp_basic.dir/home/alfaugus/raspberry/pico/pico-sdk/src/rp2_common/pico_cyw43_driver/cyw43_driver.c.obj
                0x000000001001264c                cyw43_delay_ms
 .text.cyw43_delay_us
                0x0000000010012690       0x34 CMakeFiles/udp_basic.dir/home/alfaugus/raspberry/pico/pico-sdk/src/rp2_common/pico_cyw43_driver/cyw43_driver.c.obj
                0x0000000010012690                cyw43_delay_us
 .text.async_context_threadsafe_background_acquire_lock_blocking
                0x00000000100126c4        0xc CMakeFiles/udp_basic.dir/home/alfaugus/raspberry/pico/pico-sdk/src/rp2_common/pico_async_context/async_context_threadsafe_background.c.obj
 .text.alarm_handler
                0x00000000100126d0       0x20 CMakeFiles/udp_basic.dir/home/alfaugus/raspberry/pico/pico-sdk/src/rp2_common/pico_async_context/async_context_threadsafe_background.c.obj
 .text.async_context_threadsafe_background_set_work_pending
                0x00000000100126f0       0x1c CMakeFiles/udp_basic.dir/home/alfaugus/raspberry/pico/pico-sdk/src/rp2_common/pico_async_context/async_context_threadsafe_background.c.obj
 .text.process_under_lock
                0x000000001001270c       0xc8 CMakeFiles/udp_basic.dir/home/alfaugus/raspberry/pico/pico-sdk/src/rp2_common/pico_async_context/async_context_threadsafe_background.c.obj
 .text.async_context_threadsafe_background_execute_sync
                0x00000000100127d4       0x30 CMakeFiles/udp_basic.dir/home/alfaugus/raspberry/pico/pico-sdk/src/rp2_common/pico_async_context/async_context_threadsafe_background.c.obj
                0x00000000100127d4                async_context_threadsafe_background_execute_sync
 .text.async_context_threadsafe_background_deinit
                0x0000000010012804       0x54 CMakeFiles/udp_basic.dir/home/alfaugus/raspberry/pico/pico-sdk/src/rp2_common/pico_async_context/async_context_threadsafe_background.c.obj
 .text.low_priority_irq_handler
                0x0000000010012858       0x3c CMakeFiles/udp_basic.dir/home/alfaugus/raspberry/pico/pico-sdk/src/rp2_common/pico_async_context/async_context_threadsafe_background.c.obj
 .text.async_context_threadsafe_background_wait_for_work_until
                0x0000000010012894        0xc CMakeFiles/udp_basic.dir/home/alfaugus/raspberry/pico/pico-sdk/src/rp2_common/pico_async_context/async_context_threadsafe_background.c.obj
 .text.async_context_threadsafe_background_wait_until
                0x00000000100128a0       0x1c CMakeFiles/udp_basic.dir/home/alfaugus/raspberry/pico/pico-sdk/src/rp2_common/pico_async_context/async_context_threadsafe_background.c.obj
 .text.async_context_threadsafe_background_lock_check
                0x00000000100128bc       0x28 CMakeFiles/udp_basic.dir/home/alfaugus/raspberry/pico/pico-sdk/src/rp2_common/pico_async_context/async_context_threadsafe_background.c.obj
 .text.async_context_threadsafe_background_release_lock
                0x00000000100128e4       0x1c CMakeFiles/udp_basic.dir/home/alfaugus/raspberry/pico/pico-sdk/src/rp2_common/pico_async_context/async_context_threadsafe_background.c.obj
 .text.async_context_threadsafe_background_when_pending_worker
                0x0000000010012900       0x34 CMakeFiles/udp_basic.dir/home/alfaugus/raspberry/pico/pico-sdk/src/rp2_common/pico_async_context/async_context_threadsafe_background.c.obj
 .text.async_context_threadsafe_background_remove_at_time_worker
                0x0000000010012934       0x34 CMakeFiles/udp_basic.dir/home/alfaugus/raspberry/pico/pico-sdk/src/rp2_common/pico_async_context/async_context_threadsafe_background.c.obj
 .text.async_context_threadsafe_background_add_when_pending_worker
                0x0000000010012968       0x34 CMakeFiles/udp_basic.dir/home/alfaugus/raspberry/pico/pico-sdk/src/rp2_common/pico_async_context/async_context_threadsafe_background.c.obj
 .text.async_context_threadsafe_background_add_at_time_worker
                0x000000001001299c       0x34 CMakeFiles/udp_basic.dir/home/alfaugus/raspberry/pico/pico-sdk/src/rp2_common/pico_async_context/async_context_threadsafe_background.c.obj
 .text.async_context_threadsafe_background_default_config
                0x00000000100129d0        0xc CMakeFiles/udp_basic.dir/home/alfaugus/raspberry/pico/pico-sdk/src/rp2_common/pico_async_context/async_context_threadsafe_background.c.obj
                0x00000000100129d0                async_context_threadsafe_background_default_config
 .text.async_context_threadsafe_background_init
                0x00000000100129dc       0x8c CMakeFiles/udp_basic.dir/home/alfaugus/raspberry/pico/pico-sdk/src/rp2_common/pico_async_context/async_context_threadsafe_background.c.obj
                0x00000000100129dc                async_context_threadsafe_background_init
 .text.first_per_core_initializer
                0x0000000010012a68        0x4 CMakeFiles/udp_basic.dir/home/alfaugus/raspberry/pico/pico-sdk/src/rp2_common/pico_runtime/runtime.c.obj
 .text.hard_assertion_failure
                0x0000000010012a6c        0xc CMakeFiles/udp_basic.dir/home/alfaugus/raspberry/pico/pico-sdk/src/rp2_common/pico_runtime/runtime.c.obj
                0x0000000010012a6c                hard_assertion_failure
 .text.runtime_run_initializers
                0x0000000010012a78       0x28 CMakeFiles/udp_basic.dir/home/alfaugus/raspberry/pico/pico-sdk/src/rp2_common/pico_runtime/runtime.c.obj
                0x0000000010012a78                runtime_run_initializers
 .text.runtime_init_early_resets
                0x0000000010012aa0       0x2c CMakeFiles/udp_basic.dir/home/alfaugus/raspberry/pico/pico-sdk/src/rp2_common/pico_runtime_init/runtime_init.c.obj
                0x0000000010012aa0                runtime_init_early_resets
 .text.runtime_init_usb_power_down
                0x0000000010012acc       0x1c CMakeFiles/udp_basic.dir/home/alfaugus/raspberry/pico/pico-sdk/src/rp2_common/pico_runtime_init/runtime_init.c.obj
                0x0000000010012acc                runtime_init_usb_power_down
 .text.runtime_init_post_clock_resets
                0x0000000010012ae8       0x20 CMakeFiles/udp_basic.dir/home/alfaugus/raspberry/pico/pico-sdk/src/rp2_common/pico_runtime_init/runtime_init.c.obj
                0x0000000010012ae8                runtime_init_post_clock_resets
 .text.runtime_init_rp2040_gpio_ie_disable
                0x0000000010012b08       0x14 CMakeFiles/udp_basic.dir/home/alfaugus/raspberry/pico/pico-sdk/src/rp2_common/pico_runtime_init/runtime_init.c.obj
                0x0000000010012b08                runtime_init_rp2040_gpio_ie_disable
 .text.runtime_init_spin_locks_reset
                0x0000000010012b1c        0x8 CMakeFiles/udp_basic.dir/home/alfaugus/raspberry/pico/pico-sdk/src/rp2_common/pico_runtime_init/runtime_init.c.obj
                0x0000000010012b1c                runtime_init_spin_locks_reset
 .text.runtime_init_install_ram_vector_table
                0x0000000010012b24       0x1c CMakeFiles/udp_basic.dir/home/alfaugus/raspberry/pico/pico-sdk/src/rp2_common/pico_runtime_init/runtime_init.c.obj
                0x0000000010012b24                runtime_init_install_ram_vector_table
 .text.runtime_init_clocks
                0x0000000010012b40       0xd8 CMakeFiles/udp_basic.dir/home/alfaugus/raspberry/pico/pico-sdk/src/rp2_common/pico_runtime_init/runtime_init_clocks.c.obj
                0x0000000010012b40                runtime_init_clocks
 .text          0x0000000010012c18       0x10 CMakeFiles/udp_basic.dir/home/alfaugus/raspberry/pico/pico-sdk/src/rp2_common/pico_bit_ops/bit_ops_aeabi.S.obj
 .text.ctzsi    0x0000000010012c28        0xc CMakeFiles/udp_basic.dir/home/alfaugus/raspberry/pico/pico-sdk/src/rp2_common/pico_bit_ops/bit_ops_aeabi.S.obj
                0x0000000010012c28                __wrap___ctzsi2
 .text.__wrap___aeabi_idiv
                0x0000000010012c34       0x50 CMakeFiles/udp_basic.dir/home/alfaugus/raspberry/pico/pico-sdk/src/rp2_common/pico_divider/divider_hardware.S.obj
                0x0000000010012c34                __wrap___aeabi_idivmod
                0x0000000010012c34                divmod_s32s32
                0x0000000010012c34                div_s32s32
                0x0000000010012c34                __wrap___aeabi_idiv
                0x0000000010012c3c                divmod_s32s32_unsafe
                0x0000000010012c68                divmod_s32s32_savestate
 .text.__wrap___aeabi_uidiv
                0x0000000010012c84       0x4c CMakeFiles/udp_basic.dir/home/alfaugus/raspberry/pico/pico-sdk/src/rp2_common/pico_divider/divider_hardware.S.obj
                0x0000000010012c84                __wrap___aeabi_uidiv
                0x0000000010012c84                __wrap___aeabi_uidivmod
                0x0000000010012c84                div_u32u32
                0x0000000010012c84                divmod_u32u32
                0x0000000010012c8c                divmod_u32u32_unsafe
                0x0000000010012cb4                divmod_u32u32_savestate
 .text.__wrap___aeabi_ldiv
                0x0000000010012cd0      0x424 CMakeFiles/udp_basic.dir/home/alfaugus/raspberry/pico/pico-sdk/src/rp2_common/pico_divider/divider_hardware.S.obj
                0x0000000010012cd0                div_s64s64
                0x0000000010012cd0                divmod_s64s64
                0x0000000010012cd0                __wrap___aeabi_ldivmod
                0x0000000010012d00                div_u64u64
                0x0000000010012d00                divmod_u64u64
                0x0000000010012d00                __wrap___aeabi_uldivmod
                0x0000000010012d10                divmod_u64u64_savestate
                0x0000000010012d30                divmod_s64s64_unsafe
                0x0000000010012db8                divmod_u64u64_unsafe
 .text.__wrap___aeabi_darithmetic
                0x00000000100130f4       0x60 CMakeFiles/udp_basic.dir/home/alfaugus/raspberry/pico/pico-sdk/src/rp2_common/pico_double/double_aeabi_rp2040.S.obj
                0x00000000100130f4                __wrap___aeabi_drsub
                0x00000000100130fa                __wrap___aeabi_dsub
                0x0000000010013104                __wrap___aeabi_dadd
                0x000000001001310e                __wrap___aeabi_ddiv
                0x0000000010013142                __wrap___aeabi_dmul
 .text.__wrap___aeabi_cdcmple
                0x0000000010013154       0x6c CMakeFiles/udp_basic.dir/home/alfaugus/raspberry/pico/pico-sdk/src/rp2_common/pico_double/double_aeabi_rp2040.S.obj
                0x0000000010013154                __wrap___aeabi_cdrcmple
                0x0000000010013164                __wrap___aeabi_cdcmple
                0x0000000010013164                __wrap___aeabi_cdcmpeq
 .text.__wrap___aeabi_dcmplt
                0x00000000100131c0        0xc CMakeFiles/udp_basic.dir/home/alfaugus/raspberry/pico/pico-sdk/src/rp2_common/pico_double/double_aeabi_rp2040.S.obj
                0x00000000100131c0                __wrap___aeabi_dcmplt
 .text.__wrap___aeabi_dcmple
                0x00000000100131cc       0x10 CMakeFiles/udp_basic.dir/home/alfaugus/raspberry/pico/pico-sdk/src/rp2_common/pico_double/double_aeabi_rp2040.S.obj
                0x00000000100131cc                __wrap___aeabi_dcmple
 .text.__wrap___aeabi_dcmpge
                0x00000000100131dc       0x10 CMakeFiles/udp_basic.dir/home/alfaugus/raspberry/pico/pico-sdk/src/rp2_common/pico_double/double_aeabi_rp2040.S.obj
                0x00000000100131dc                __wrap___aeabi_dcmpge
 .text.__wrap___aeabi_dcmpgt
                0x00000000100131ec        0xa CMakeFiles/udp_basic.dir/home/alfaugus/raspberry/pico/pico-sdk/src/rp2_common/pico_double/double_aeabi_rp2040.S.obj
                0x00000000100131ec                __wrap___aeabi_dcmpgt
 .text.__wrap___aeabi_dcmpun
                0x00000000100131f6       0x18 CMakeFiles/udp_basic.dir/home/alfaugus/raspberry/pico/pico-sdk/src/rp2_common/pico_double/double_aeabi_rp2040.S.obj
                0x00000000100131f6                __wrap___aeabi_dcmpun
 *fill*         0x000000001001320e        0x2 
 .text.__wrap___aeabi_i2d
                0x0000000010013210       0x38 CMakeFiles/udp_basic.dir/home/alfaugus/raspberry/pico/pico-sdk/src/rp2_common/pico_double/double_aeabi_rp2040.S.obj
                0x0000000010013210                __wrap___aeabi_ui2d