Archive member included to satisfy reference by file (symbol)

/usr/lib/gcc/arm-none-eabi/10.3.1/thumb/v6-m/nofp/libgcc.a(_dvmd_tls.o)
                              CMakeFiles/drone_tcp.dir/home/alfaugus/raspberry/pico/pico-sdk/src/rp2_common/pico_divider/divider_hardware.S.obj (__aeabi_idiv0)
/usr/lib/gcc/arm-none-eabi/10.3.1/../../../arm-none-eabi/lib/thumb/v6-m/nofp/libg.a(lib_a-atexit.o)
                              /usr/lib/gcc/arm-none-eabi/10.3.1/../../../arm-none-eabi/lib/thumb/v6-m/nofp/crt0.o (atexit)
/usr/lib/gcc/arm-none-eabi/10.3.1/../../../arm-none-eabi/lib/thumb/v6-m/nofp/libg.a(lib_a-atoi.o)
                              CMakeFiles/drone_tcp.dir/home/alfaugus/raspberry/pico/pico-sdk/lib/lwip/src/core/netif.c.obj (atoi)
/usr/lib/gcc/arm-none-eabi/10.3.1/../../../arm-none-eabi/lib/thumb/v6-m/nofp/libg.a(lib_a-calloc.o)
                              CMakeFiles/drone_tcp.dir/home/alfaugus/raspberry/pico/pico-sdk/src/rp2_common/pico_malloc/malloc.c.obj (calloc)
/usr/lib/gcc/arm-none-eabi/10.3.1/../../../arm-none-eabi/lib/thumb/v6-m/nofp/libg.a(lib_a-callocr.o)
                              /usr/lib/gcc/arm-none-eabi/10.3.1/../../../arm-none-eabi/lib/thumb/v6-m/nofp/libg.a(lib_a-calloc.o) (_calloc_r)
/usr/lib/gcc/arm-none-eabi/10.3.1/../../../arm-none-eabi/lib/thumb/v6-m/nofp/libg.a(lib_a-ctype_.o)
                              CMakeFiles/drone_tcp.dir/home/alfaugus/raspberry/pico/pico-sdk/lib/lwip/src/core/dns.c.obj (_ctype_)
/usr/lib/gcc/arm-none-eabi/10.3.1/../../../arm-none-eabi/lib/thumb/v6-m/nofp/libg.a(lib_a-fini.o)
                              /usr/lib/gcc/arm-none-eabi/10.3.1/../../../arm-none-eabi/lib/thumb/v6-m/nofp/crt0.o (__libc_fini_array)
/usr/lib/gcc/arm-none-eabi/10.3.1/../../../arm-none-eabi/lib/thumb/v6-m/nofp/libg.a(lib_a-impure.o)
                              /usr/lib/gcc/arm-none-eabi/10.3.1/../../../arm-none-eabi/lib/thumb/v6-m/nofp/libg.a(lib_a-calloc.o) (_impure_ptr)
/usr/lib/gcc/arm-none-eabi/10.3.1/../../../arm-none-eabi/lib/thumb/v6-m/nofp/libg.a(lib_a-init.o)
                              /usr/lib/gcc/arm-none-eabi/10.3.1/../../../arm-none-eabi/lib/thumb/v6-m/nofp/crt0.o (__libc_init_array)
/usr/lib/gcc/arm-none-eabi/10.3.1/../../../arm-none-eabi/lib/thumb/v6-m/nofp/libg.a(lib_a-lcltime_r.o)
                              CMakeFiles/drone_tcp.dir/home/alfaugus/raspberry/pico/pico-sdk/src/common/pico_util/datetime.c.obj (localtime_r)
/usr/lib/gcc/arm-none-eabi/10.3.1/../../../arm-none-eabi/lib/thumb/v6-m/nofp/libg.a(lib_a-malloc.o)
                              CMakeFiles/drone_tcp.dir/home/alfaugus/raspberry/pico/pico-sdk/src/rp2_common/pico_malloc/malloc.c.obj (malloc)
/usr/lib/gcc/arm-none-eabi/10.3.1/../../../arm-none-eabi/lib/thumb/v6-m/nofp/libg.a(lib_a-mallocr.o)
                              /usr/lib/gcc/arm-none-eabi/10.3.1/../../../arm-none-eabi/lib/thumb/v6-m/nofp/libg.a(lib_a-callocr.o) (_malloc_r)
/usr/lib/gcc/arm-none-eabi/10.3.1/../../../arm-none-eabi/lib/thumb/v6-m/nofp/libg.a(lib_a-memcmp.o)
                              CMakeFiles/drone_tcp.dir/auxiliary_funcs.c.obj (memcmp)
/usr/lib/gcc/arm-none-eabi/10.3.1/../../../arm-none-eabi/lib/thumb/v6-m/nofp/libg.a(lib_a-memmove.o)
                              CMakeFiles/drone_tcp.dir/home/alfaugus/raspberry/pico/pico-sdk/lib/lwip/src/core/def.c.obj (memmove)
/usr/lib/gcc/arm-none-eabi/10.3.1/../../../arm-none-eabi/lib/thumb/v6-m/nofp/libg.a(lib_a-mktime.o)
                              CMakeFiles/drone_tcp.dir/home/alfaugus/raspberry/pico/pico-sdk/src/common/pico_util/datetime.c.obj (mktime)
/usr/lib/gcc/arm-none-eabi/10.3.1/../../../arm-none-eabi/lib/thumb/v6-m/nofp/libg.a(lib_a-mlock.o)
                              /usr/lib/gcc/arm-none-eabi/10.3.1/../../../arm-none-eabi/lib/thumb/v6-m/nofp/libg.a(lib_a-mallocr.o) (__malloc_lock)
/usr/lib/gcc/arm-none-eabi/10.3.1/../../../arm-none-eabi/lib/thumb/v6-m/nofp/libg.a(lib_a-month_lengths.o)
                              /usr/lib/gcc/arm-none-eabi/10.3.1/../../../arm-none-eabi/lib/thumb/v6-m/nofp/libg.a(lib_a-lcltime_r.o) (__month_lengths)
/usr/lib/gcc/arm-none-eabi/10.3.1/../../../arm-none-eabi/lib/thumb/v6-m/nofp/libg.a(lib_a-realloc.o)
                              CMakeFiles/drone_tcp.dir/home/alfaugus/raspberry/pico/pico-sdk/src/rp2_common/pico_malloc/malloc.c.obj (realloc)
/usr/lib/gcc/arm-none-eabi/10.3.1/../../../arm-none-eabi/lib/thumb/v6-m/nofp/libg.a(lib_a-reallocr.o)
                              /usr/lib/gcc/arm-none-eabi/10.3.1/../../../arm-none-eabi/lib/thumb/v6-m/nofp/libg.a(lib_a-realloc.o) (_realloc_r)
/usr/lib/gcc/arm-none-eabi/10.3.1/../../../arm-none-eabi/lib/thumb/v6-m/nofp/libg.a(lib_a-sbrkr.o)
                              /usr/lib/gcc/arm-none-eabi/10.3.1/../../../arm-none-eabi/lib/thumb/v6-m/nofp/libg.a(lib_a-mallocr.o) (_sbrk_r)
/usr/lib/gcc/arm-none-eabi/10.3.1/../../../arm-none-eabi/lib/thumb/v6-m/nofp/libg.a(lib_a-sscanf.o)
                              CMakeFiles/drone_tcp.dir/auxiliary_funcs.c.obj (sscanf)
[...]
Memory Configuration

Name             Origin             Length             Attributes
FLASH            0x0000000010000000 0x0000000000200000 xr
RAM              0x0000000020000000 0x0000000000040000 xrw
SCRATCH_X        0x0000000020040000 0x0000000000001000 xrw
SCRATCH_Y        0x0000000020041000 0x0000000000001000 xrw
*default*        0x0000000000000000 0xffffffffffffffff

Linker script and memory map

LOAD /usr/lib/gcc/arm-none-eabi/10.3.1/thumb/v6-m/nofp/crti.o
LOAD /usr/lib/gcc/arm-none-eabi/10.3.1/thumb/v6-m/nofp/crtbegin.o
LOAD /usr/lib/gcc/arm-none-eabi/10.3.1/../../../arm-none-eabi/lib/thumb/v6-m/nofp/crt0.o

.flash_begin    0x0000000010000000        0x0
                0x0000000010000000                __flash_binary_start = .

.boot2          0x0000000010000000      0x100
                0x0000000010000000                __boot2_start__ = .
 *(.boot2)
 .boot2         0x0000000010000000      0x100 /tmp/cc4pa1Wf.o
                0x0000000010000100                __boot2_end__ = .
                0x0000000000000001                ASSERT (((__boot2_end__ - __boot2_start__) == 0x100), ERROR: Pico second stage bootloader must be 256 bytes in size)

.text           0x0000000010000100    0x1e594
                0x0000000010000100                __logical_binary_start = .
 *(.vectors)
 .vectors       0x0000000010000100       0xd4 CMakeFiles/drone_tcp.dir/home/alfaugus/raspberry/pico/pico-sdk/src/rp2_common/pico_crt0/crt0.S.obj
                0x0000000010000100                __vectors
                0x0000000010000100                __VECTOR_TABLE
                0x00000000100001c0                isr_invalid
                0x00000000100001c0                __default_isrs_start
                0x00000000100001c2                isr_nmi
                0x00000000100001c4                isr_hardfault
                0x00000000100001c6                isr_svcall
                0x00000000100001c8                isr_pendsv
                0x00000000100001ca                isr_systick
                0x00000000100001cc                isr_irq30
                0x00000000100001cc                __unhandled_user_irq
                0x00000000100001cc                isr_irq13
                0x00000000100001cc                isr_irq27
                0x00000000100001cc                isr_irq31
                0x00000000100001cc                isr_irq5
                0x00000000100001cc                isr_irq11
                0x00000000100001cc                isr_irq23
                0x00000000100001cc                isr_irq18
                0x00000000100001cc                isr_irq28
                0x00000000100001cc                isr_irq19
                0x00000000100001cc                isr_irq0
                0x00000000100001cc                isr_irq6
                0x00000000100001cc                isr_irq22
                0x00000000100001cc                isr_irq17
                0x00000000100001cc                isr_irq14
                0x00000000100001cc                isr_irq2
                0x00000000100001cc                isr_irq10
                0x00000000100001cc                isr_irq8
                0x00000000100001cc                isr_irq24
                0x00000000100001cc                isr_irq1
                0x00000000100001cc                isr_irq7
                0x00000000100001cc                isr_irq21
                0x00000000100001cc                isr_irq20
                0x00000000100001cc                isr_irq15
                0x00000000100001cc                isr_irq25
                0x00000000100001cc                isr_irq4
                0x00000000100001cc                isr_irq16
                0x00000000100001cc                isr_irq29
                0x00000000100001cc                isr_irq26
                0x00000000100001cc                __default_isrs_end
                0x00000000100001cc                isr_irq3
                0x00000000100001cc                isr_irq12
                0x00000000100001cc                isr_irq9
                0x00000000100001d2                unhandled_user_irq_num_in_r0
 *(.binary_info_header)
 .binary_info_header
                0x00000000100001d4       0x14 CMakeFiles/drone_tcp.dir/home/alfaugus/raspberry/pico/pico-sdk/src/rp2_common/pico_crt0/crt0.S.obj
                0x00000000100001e8                __binary_info_header_end = .
 *(.embedded_block)
                0x00000000100001e8                __embedded_block_end = .
 *(.reset)
 .reset         0x00000000100001e8       0x9c CMakeFiles/drone_tcp.dir/home/alfaugus/raspberry/pico/pico-sdk/src/rp2_common/pico_crt0/crt0.S.obj
                0x00000000100001e8                _entry_point
 *(.init)
 .init          0x0000000010000284        0x4 /usr/lib/gcc/arm-none-eabi/10.3.1/thumb/v6-m/nofp/crti.o
                0x0000000010000284                _init
 *(EXCLUDE_FILE(*libm.a: *libc.a:*lib_a-mem*.o *libgcc.a:) .text*)
 .text          0x0000000010000288       0x98 /usr/lib/gcc/arm-none-eabi/10.3.1/thumb/v6-m/nofp/crtbegin.o
 .text.udp_broadcaster
                0x0000000010000320       0x44 CMakeFiles/drone_tcp.dir/drone_udp.c.obj
                0x0000000010000320                udp_broadcaster
 .text.udp_receiver
                0x0000000010000364       0xdc CMakeFiles/drone_tcp.dir/drone_udp.c.obj
                0x0000000010000364                udp_receiver
 .text.wifi_setup
                0x0000000010000440       0x60 CMakeFiles/drone_tcp.dir/drone_udp.c.obj
                0x0000000010000440                wifi_setup
 .text.udp_setup
                0x00000000100004a0       0x94 CMakeFiles/drone_tcp.dir/drone_udp.c.obj
                0x00000000100004a0                udp_setup
 .text.startup.main
                0x0000000010000534       0xf4 CMakeFiles/drone_tcp.dir/drone_udp.c.obj
                0x0000000010000534                main
 .text.pico_led_blink
                0x0000000010000628       0x30 CMakeFiles/drone_tcp.dir/auxiliary_funcs.c.obj
                0x0000000010000628                pico_led_blink
 .text.instruction_gather
                0x0000000010000658      0x3ac CMakeFiles/drone_tcp.dir/auxiliary_funcs.c.obj
                0x0000000010000658                instruction_gather
 .text.init_pwm
                0x0000000010000a04       0x84 CMakeFiles/drone_tcp.dir/auxiliary_funcs.c.obj
                0x0000000010000a04                init_pwm
 .text.i2c_begin
                0x0000000010000a88      0x2c4 CMakeFiles/drone_tcp.dir/gyro.c.obj
                0x0000000010000a88                i2c_begin
 .text.lwip_timeout_reached
                0x0000000010000d4c        0x8 CMakeFiles/drone_tcp.dir/home/alfaugus/raspberry/pico/pico-sdk/src/rp2_common/pico_lwip/lwip_nosys.c.obj
 .text.update_next_timeout
                0x0000000010000d54       0x6c CMakeFiles/drone_tcp.dir/home/alfaugus/raspberry/pico/pico-sdk/src/rp2_common/pico_lwip/lwip_nosys.c.obj
 .text.lwip_nosys_init
                0x0000000010000dc0       0x30 CMakeFiles/drone_tcp.dir/home/alfaugus/raspberry/pico/pico-sdk/src/rp2_common/pico_lwip/lwip_nosys.c.obj
                0x0000000010000dc0                lwip_nosys_init
 .text.lwip_nosys_deinit
                0x0000000010000df0       0x20 CMakeFiles/drone_tcp.dir/home/alfaugus/raspberry/pico/pico-sdk/src/rp2_common/pico_lwip/lwip_nosys.c.obj
                0x0000000010000df0                lwip_nosys_deinit
 .text.sys_arch_protect
                0x0000000010000e10        0x4 CMakeFiles/drone_tcp.dir/home/alfaugus/raspberry/pico/pico-sdk/src/rp2_common/pico_lwip/lwip_nosys.c.obj
                0x0000000010000e10                sys_arch_protect
 .text.sys_arch_unprotect
                0x0000000010000e14        0x4 CMakeFiles/drone_tcp.dir/home/alfaugus/raspberry/pico/pico-sdk/src/rp2_common/pico_lwip/lwip_nosys.c.obj
                0x0000000010000e14                sys_arch_unprotect
 .text.sys_now  0x0000000010000e18       0x20 CMakeFiles/drone_tcp.dir/home/alfaugus/raspberry/pico/pico-sdk/src/rp2_common/pico_lwip/lwip_nosys.c.obj
                0x0000000010000e18                sys_now
 .text.async_context_base_add_at_time_worker
                0x0000000010000e38       0x28 CMakeFiles/drone_tcp.dir/home/alfaugus/raspberry/pico/pico-sdk/src/rp2_common/pico_async_context/async_context_base.c.obj
                0x0000000010000e38                async_context_base_add_at_time_worker
 .text.async_context_base_remove_at_time_worker
                0x0000000010000e60       0x28 CMakeFiles/drone_tcp.dir/home/alfaugus/raspberry/pico/pico-sdk/src/rp2_common/pico_async_context/async_context_base.c.obj
                0x0000000010000e60                async_context_base_remove_at_time_worker
 .text.async_context_base_add_when_pending_worker
                0x0000000010000e88       0x24 CMakeFiles/drone_tcp.dir/home/alfaugus/raspberry/pico/pico-sdk/src/rp2_common/pico_async_context/async_context_base.c.obj
                0x0000000010000e88                async_context_base_add_when_pending_worker
 .text.async_context_base_remove_when_pending_worker
                0x0000000010000eac       0x28 CMakeFiles/drone_tcp.dir/home/alfaugus/raspberry/pico/pico-sdk/src/rp2_common/pico_async_context/async_context_base.c.obj
                0x0000000010000eac                async_context_base_remove_when_pending_worker
 .text.async_context_base_execute_once
                0x0000000010000ed4       0xe8 CMakeFiles/drone_tcp.dir/home/alfaugus/raspberry/pico/pico-sdk/src/rp2_common/pico_async_context/async_context_base.c.obj
                0x0000000010000ed4                async_context_base_execute_once
 .text.rp2040_chip_version
                0x0000000010000fbc        0xc CMakeFiles/drone_tcp.dir/home/alfaugus/raspberry/pico/pico-sdk/src/rp2040/pico_platform/platform.c.obj
                0x0000000010000fbc                rp2040_chip_version
 .text.panic    0x0000000010000fc8       0x30 CMakeFiles/drone_tcp.dir/home/alfaugus/raspberry/pico/pico-sdk/src/rp2_common/pico_platform_panic/panic.c.obj
                0x0000000010000fc8                panic
 .text.splitmix64
                0x0000000010000ff8       0x5c CMakeFiles/drone_tcp.dir/home/alfaugus/raspberry/pico/pico-sdk/src/rp2_common/pico_rand/rand.c.obj
 .text.xoroshiro128ss
                0x0000000010001054       0x90 CMakeFiles/drone_tcp.dir/home/alfaugus/raspberry/pico/pico-sdk/src/rp2_common/pico_rand/rand.c.obj
 .text.get_rand_64
                0x00000000100010e4      0x418 CMakeFiles/drone_tcp.dir/home/alfaugus/raspberry/pico/pico-sdk/src/rp2_common/pico_rand/rand.c.obj
                0x00000000100010e4                get_rand_64
 .text.get_rand_32
                0x00000000100014fc        0x8 CMakeFiles/drone_tcp.dir/home/alfaugus/raspberry/pico/pico-sdk/src/rp2_common/pico_rand/rand.c.obj
                0x00000000100014fc                get_rand_32
 .text.startup._retrieve_unique_id_on_boot
                0x0000000010001504       0x10 CMakeFiles/drone_tcp.dir/home/alfaugus/raspberry/pico/pico-sdk/src/rp2_common/pico_unique_id/unique_id.c.obj
 .text.pico_get_unique_board_id
                0x0000000010001514       0x10 CMakeFiles/drone_tcp.dir/home/alfaugus/raspberry/pico/pico-sdk/src/rp2_common/pico_unique_id/unique_id.c.obj
                0x0000000010001514                pico_get_unique_board_id
 .text.pico_get_unique_board_id_string
                0x0000000010001524      0x1a8 CMakeFiles/drone_tcp.dir/home/alfaugus/raspberry/pico/pico-sdk/src/rp2_common/pico_unique_id/unique_id.c.obj
                0x0000000010001524                pico_get_unique_board_id_string
 .text.flash_get_unique_id
                0x00000000100016cc       0x40 CMakeFiles/drone_tcp.dir/home/alfaugus/raspberry/pico/pico-sdk/src/rp2_common/hardware_flash/flash.c.obj
                0x00000000100016cc                flash_get_unique_id
 .text.hw_claim_lock
                0x000000001000170c       0x18 CMakeFiles/drone_tcp.dir/home/alfaugus/raspberry/pico/pico-sdk/src/common/hardware_claim/claim.c.obj
                0x000000001000170c                hw_claim_lock
 .text.hw_claim_unlock
                0x0000000010001724       0x14 CMakeFiles/drone_tcp.dir/home/alfaugus/raspberry/pico/pico-sdk/src/common/hardware_claim/claim.c.obj
                0x0000000010001724                hw_claim_unlock
 .text.hw_claim_or_assert
                0x0000000010001738       0x44 CMakeFiles/drone_tcp.dir/home/alfaugus/raspberry/pico/pico-sdk/src/common/hardware_claim/claim.c.obj
                0x0000000010001738                hw_claim_or_assert
 .text.hw_claim_unused_from_range
                0x000000001000177c       0x9c CMakeFiles/drone_tcp.dir/home/alfaugus/raspberry/pico/pico-sdk/src/common/hardware_claim/claim.c.obj
                0x000000001000177c                hw_claim_unused_from_range
 .text.hw_claim_clear
                0x0000000010001818       0x38 CMakeFiles/drone_tcp.dir/home/alfaugus/raspberry/pico/pico-sdk/src/common/hardware_claim/claim.c.obj
                0x0000000010001818                hw_claim_clear
 .text.next_striped_spin_lock_num
                0x0000000010001850       0x18 CMakeFiles/drone_tcp.dir/home/alfaugus/raspberry/pico/pico-sdk/src/rp2_common/hardware_sync/sync.c.obj
                0x0000000010001850                next_striped_spin_lock_num
 .text.spin_lock_claim_unused
                0x0000000010001868       0x20 CMakeFiles/drone_tcp.dir/home/alfaugus/raspberry/pico/pico-sdk/src/rp2_common/hardware_sync/sync.c.obj
                0x0000000010001868                spin_lock_claim_unused
 .text.spin_locks_reset
                0x0000000010001888       0x1c CMakeFiles/drone_tcp.dir/home/alfaugus/raspberry/pico/pico-sdk/src/rp2_common/hardware_sync_spin_lock/sync_spin_lock.c.obj
                0x0000000010001888                spin_locks_reset
 .text.rom_func_lookup
                0x00000000100018a4       0x10 CMakeFiles/drone_tcp.dir/home/alfaugus/raspberry/pico/pico-sdk/src/rp2_common/pico_bootrom/bootrom.c.obj
                0x00000000100018a4                rom_func_lookup
 .text.rom_data_lookup
                0x00000000100018b4       0x10 CMakeFiles/drone_tcp.dir/home/alfaugus/raspberry/pico/pico-sdk/src/rp2_common/pico_bootrom/bootrom.c.obj
                0x00000000100018b4                rom_data_lookup
 .text.rom_funcs_lookup
                0x00000000100018c4       0x44 CMakeFiles/drone_tcp.dir/home/alfaugus/raspberry/pico/pico-sdk/src/rp2_common/pico_bootrom/bootrom.c.obj
                0x00000000100018c4                rom_funcs_lookup
 .text.rom_reset_usb_boot
                0x0000000010001908       0x20 CMakeFiles/drone_tcp.dir/home/alfaugus/raspberry/pico/pico-sdk/src/rp2_common/pico_bootrom/bootrom.c.obj
                0x0000000010001908                rom_reset_usb_boot
 .text.clock_configure_int_divider
                0x0000000010001928       0xf4 CMakeFiles/drone_tcp.dir/home/alfaugus/raspberry/pico/pico-sdk/src/rp2_common/hardware_clocks/clocks.c.obj
                0x0000000010001928                clock_configure_int_divider
 .text.clock_configure_undivided
                0x0000000010001a1c       0xe8 CMakeFiles/drone_tcp.dir/home/alfaugus/raspberry/pico/pico-sdk/src/rp2_common/hardware_clocks/clocks.c.obj
                0x0000000010001a1c                clock_configure_undivided
 .text.clock_get_hz
                0x0000000010001b04        0xc CMakeFiles/drone_tcp.dir/home/alfaugus/raspberry/pico/pico-sdk/src/rp2_common/hardware_clocks/clocks.c.obj
                0x0000000010001b04                clock_get_hz
 .text.gpio_set_function
                0x0000000010001b10       0x34 CMakeFiles/drone_tcp.dir/home/alfaugus/raspberry/pico/pico-sdk/src/rp2_common/hardware_gpio/gpio.c.obj
                0x0000000010001b10                gpio_set_function
 .text.gpio_set_pulls
                0x0000000010001b44       0x34 CMakeFiles/drone_tcp.dir/home/alfaugus/raspberry/pico/pico-sdk/src/rp2_common/hardware_gpio/gpio.c.obj
                0x0000000010001b44                gpio_set_pulls
 .text.gpio_set_input_hysteresis_enabled
                0x0000000010001b78       0x28 CMakeFiles/drone_tcp.dir/home/alfaugus/raspberry/pico/pico-sdk/src/rp2_common/hardware_gpio/gpio.c.obj
                0x0000000010001b78                gpio_set_input_hysteresis_enabled
 .text.gpio_set_irq_enabled
                0x0000000010001ba0       0x58 CMakeFiles/drone_tcp.dir/home/alfaugus/raspberry/pico/pico-sdk/src/rp2_common/hardware_gpio/gpio.c.obj
                0x0000000010001ba0                gpio_set_irq_enabled
 .text.gpio_add_raw_irq_handler_with_order_priority_masked
                0x0000000010001bf8       0x44 CMakeFiles/drone_tcp.dir/home/alfaugus/raspberry/pico/pico-sdk/src/rp2_common/hardware_gpio/gpio.c.obj
                0x0000000010001bf8                gpio_add_raw_irq_handler_with_order_priority_masked
 .text.gpio_remove_raw_irq_handler_masked
                0x0000000010001c3c       0x20 CMakeFiles/drone_tcp.dir/home/alfaugus/raspberry/pico/pico-sdk/src/rp2_common/hardware_gpio/gpio.c.obj
                0x0000000010001c3c                gpio_remove_raw_irq_handler_masked
 .text.gpio_init
                0x0000000010001c5c       0x40 CMakeFiles/drone_tcp.dir/home/alfaugus/raspberry/pico/pico-sdk/src/rp2_common/hardware_gpio/gpio.c.obj
                0x0000000010001c5c                gpio_init
 .text.runtime_init_per_core_irq_priorities
                0x0000000010001c9c       0x24 CMakeFiles/drone_tcp.dir/home/alfaugus/raspberry/pico/pico-sdk/src/rp2_common/hardware_irq/irq.c.obj
                0x0000000010001c9c                runtime_init_per_core_irq_priorities
 .text.irq_set_enabled
                0x0000000010001cc0       0x24 CMakeFiles/drone_tcp.dir/home/alfaugus/raspberry/pico/pico-sdk/src/rp2_common/hardware_irq/irq.c.obj
                0x0000000010001cc0                irq_set_enabled
 .text.irq_is_enabled
                0x0000000010001ce4       0x18 CMakeFiles/drone_tcp.dir/home/alfaugus/raspberry/pico/pico-sdk/src/rp2_common/hardware_irq/irq.c.obj
                0x0000000010001ce4                irq_is_enabled
 .text.irq_set_pending
                0x0000000010001cfc       0x10 CMakeFiles/drone_tcp.dir/home/alfaugus/raspberry/pico/pico-sdk/src/rp2_common/hardware_irq/irq.c.obj
                0x0000000010001cfc                irq_set_pending
 .text.irq_has_shared_handler
                0x0000000010001d0c       0x2c CMakeFiles/drone_tcp.dir/home/alfaugus/raspberry/pico/pico-sdk/src/rp2_common/hardware_irq/irq.c.obj
                0x0000000010001d0c                irq_has_shared_handler
 .text.irq_set_exclusive_handler
                0x0000000010001d38       0x54 CMakeFiles/drone_tcp.dir/home/alfaugus/raspberry/pico/pico-sdk/src/rp2_common/hardware_irq/irq.c.obj
                0x0000000010001d38                irq_set_exclusive_handler
 .text.irq_add_shared_handler
                0x0000000010001d8c      0x1e8 CMakeFiles/drone_tcp.dir/home/alfaugus/raspberry/pico/pico-sdk/src/rp2_common/hardware_irq/irq.c.obj
                0x0000000010001d8c                irq_add_shared_handler
 .text.irq_remove_handler
                0x0000000010001f74      0x1c4 CMakeFiles/drone_tcp.dir/home/alfaugus/raspberry/pico/pico-sdk/src/rp2_common/hardware_irq/irq.c.obj
                0x0000000010001f74                irq_remove_handler
 .text.irq_set_priority
                0x0000000010002138       0x28 CMakeFiles/drone_tcp.dir/home/alfaugus/raspberry/pico/pico-sdk/src/rp2_common/hardware_irq/irq.c.obj
                0x0000000010002138                irq_set_priority
 .text.irq_add_tail_to_free_list
                0x0000000010002160       0xb4 CMakeFiles/drone_tcp.dir/home/alfaugus/raspberry/pico/pico-sdk/src/rp2_common/hardware_irq/irq.c.obj
                0x0000000010002160                irq_add_tail_to_free_list
 .text.user_irq_unclaim
                0x0000000010002214       0x14 CMakeFiles/drone_tcp.dir/home/alfaugus/raspberry/pico/pico-sdk/src/rp2_common/hardware_irq/irq.c.obj
                0x0000000010002214                user_irq_unclaim
 .text.user_irq_claim_unused
                0x0000000010002228       0x28 CMakeFiles/drone_tcp.dir/home/alfaugus/raspberry/pico/pico-sdk/src/rp2_common/hardware_irq/irq.c.obj
                0x0000000010002228                user_irq_claim_unused
 .text.sem_init
                0x0000000010002250       0x20 CMakeFiles/drone_tcp.dir/home/alfaugus/raspberry/pico/pico-sdk/src/common/pico_sync/sem.c.obj
                0x0000000010002250                sem_init
 .text.lock_init
                0x0000000010002270       0x10 CMakeFiles/drone_tcp.dir/home/alfaugus/raspberry/pico/pico-sdk/src/common/pico_sync/lock_core.c.obj
                0x0000000010002270                lock_init
 .text.runtime_init_mutex
                0x0000000010002280       0x58 CMakeFiles/drone_tcp.dir/home/alfaugus/raspberry/pico/pico-sdk/src/common/pico_sync/mutex.c.obj
                0x0000000010002280                runtime_init_mutex
 .text.mutex_init
                0x00000000100022d8       0x1c CMakeFiles/drone_tcp.dir/home/alfaugus/raspberry/pico/pico-sdk/src/common/pico_sync/mutex.c.obj
                0x00000000100022d8                mutex_init
 .text.recursive_mutex_init
                0x00000000100022f4       0x1c CMakeFiles/drone_tcp.dir/home/alfaugus/raspberry/pico/pico-sdk/src/common/pico_sync/mutex.c.obj
                0x00000000100022f4                recursive_mutex_init
 .text.critical_section_init
                0x0000000010002310       0x20 CMakeFiles/drone_tcp.dir/home/alfaugus/raspberry/pico/pico-sdk/src/common/pico_sync/critical_section.c.obj
                0x0000000010002310                critical_section_init
 .text.critical_section_init_with_lock_num
                0x0000000010002330       0x14 CMakeFiles/drone_tcp.dir/home/alfaugus/raspberry/pico/pico-sdk/src/common/pico_sync/critical_section.c.obj
                0x0000000010002330                critical_section_init_with_lock_num
 .text.sleep_until_callback
                0x0000000010002344       0x30 CMakeFiles/drone_tcp.dir/home/alfaugus/raspberry/pico/pico-sdk/src/common/pico_time/time.c.obj
 .text.alarm_pool_irq_handler
                0x0000000010002374      0x2e4 CMakeFiles/drone_tcp.dir/home/alfaugus/raspberry/pico/pico-sdk/src/common/pico_time/time.c.obj
 .text.runtime_init_default_alarm_pool
                0x0000000010002658       0xdc CMakeFiles/drone_tcp.dir/home/alfaugus/raspberry/pico/pico-sdk/src/common/pico_time/time.c.obj
                0x0000000010002658                runtime_init_default_alarm_pool
 .text.alarm_pool_get_default
                0x0000000010002734        0x8 CMakeFiles/drone_tcp.dir/home/alfaugus/raspberry/pico/pico-sdk/src/common/pico_time/time.c.obj
                0x0000000010002734                alarm_pool_get_default
 .text.alarm_pool_add_alarm_at
                0x000000001000273c       0xc8 CMakeFiles/drone_tcp.dir/home/alfaugus/raspberry/pico/pico-sdk/src/common/pico_time/time.c.obj
                0x000000001000273c                alarm_pool_add_alarm_at
 .text.alarm_pool_add_alarm_at_force_in_context
                0x0000000010002804       0xb0 CMakeFiles/drone_tcp.dir/home/alfaugus/raspberry/pico/pico-sdk/src/common/pico_time/time.c.obj
                0x0000000010002804                alarm_pool_add_alarm_at_force_in_context
 .text.alarm_pool_cancel_alarm
                0x00000000100028b4       0x7c CMakeFiles/drone_tcp.dir/home/alfaugus/raspberry/pico/pico-sdk/src/common/pico_time/time.c.obj
                0x00000000100028b4                alarm_pool_cancel_alarm
 .text.alarm_pool_core_num
                0x0000000010002930        0x4 CMakeFiles/drone_tcp.dir/home/alfaugus/raspberry/pico/pico-sdk/src/common/pico_time/time.c.obj
                0x0000000010002930                alarm_pool_core_num
 .text.sleep_until
                0x0000000010002934       0xd0 CMakeFiles/drone_tcp.dir/home/alfaugus/raspberry/pico/pico-sdk/src/common/pico_time/time.c.obj
                0x0000000010002934                sleep_until
 .text.sleep_ms
                0x0000000010002a04       0x34 CMakeFiles/drone_tcp.dir/home/alfaugus/raspberry/pico/pico-sdk/src/common/pico_time/time.c.obj
                0x0000000010002a04                sleep_ms
 .text.best_effort_wfe_or_timeout
                0x0000000010002a38      0x11c CMakeFiles/drone_tcp.dir/home/alfaugus/raspberry/pico/pico-sdk/src/common/pico_time/time.c.obj
                0x0000000010002a38                best_effort_wfe_or_timeout
 .text.alarm_pool_add_repeating_timer_us
                0x0000000010002b54      0x120 CMakeFiles/drone_tcp.dir/home/alfaugus/raspberry/pico/pico-sdk/src/common/pico_time/time.c.obj
                0x0000000010002b54                alarm_pool_add_repeating_timer_us
 .text.cancel_repeating_timer
                0x0000000010002c74       0x8c CMakeFiles/drone_tcp.dir/home/alfaugus/raspberry/pico/pico-sdk/src/common/pico_time/time.c.obj
                0x0000000010002c74                cancel_repeating_timer
 .text.timer_hardware_alarm_claim
                0x0000000010002d00       0x14 CMakeFiles/drone_tcp.dir/home/alfaugus/raspberry/pico/pico-sdk/src/rp2_common/hardware_timer/timer.c.obj
                0x0000000010002d00                timer_hardware_alarm_claim
 .text.timer_time_us_64
                0x0000000010002d14       0x10 CMakeFiles/drone_tcp.dir/home/alfaugus/raspberry/pico/pico-sdk/src/rp2_common/hardware_timer/timer.c.obj
                0x0000000010002d14                timer_time_us_64
 .text.time_us_64
                0x0000000010002d24       0x14 CMakeFiles/drone_tcp.dir/home/alfaugus/raspberry/pico/pico-sdk/src/rp2_common/hardware_timer/timer.c.obj
                0x0000000010002d24                time_us_64
 .text.busy_wait_us
                0x0000000010002d38       0x54 CMakeFiles/drone_tcp.dir/home/alfaugus/raspberry/pico/pico-sdk/src/rp2_common/hardware_timer/timer.c.obj
                0x0000000010002d38                busy_wait_us
 .text.busy_wait_until
                0x0000000010002d8c       0x20 CMakeFiles/drone_tcp.dir/home/alfaugus/raspberry/pico/pico-sdk/src/rp2_common/hardware_timer/timer.c.obj
                0x0000000010002d8c                busy_wait_until
 .text.pll_init
                0x0000000010002dac       0xa0 CMakeFiles/drone_tcp.dir/home/alfaugus/raspberry/pico/pico-sdk/src/rp2_common/hardware_pll/pll.c.obj
                0x0000000010002dac                pll_init
 .text.watchdog_reboot
                0x0000000010002e4c       0x98 CMakeFiles/drone_tcp.dir/home/alfaugus/raspberry/pico/pico-sdk/src/rp2_common/hardware_watchdog/watchdog.c.obj
                0x0000000010002e4c                watchdog_reboot
 .text.tick_start
                0x0000000010002ee4       0x10 CMakeFiles/drone_tcp.dir/home/alfaugus/raspberry/pico/pico-sdk/src/rp2_common/hardware_ticks/ticks.c.obj
                0x0000000010002ee4                tick_start
 .text.xosc_init
                0x0000000010002ef4       0x28 CMakeFiles/drone_tcp.dir/home/alfaugus/raspberry/pico/pico-sdk/src/rp2_common/hardware_xosc/xosc.c.obj
                0x0000000010002ef4                xosc_init
 .text.lwip_init
                0x0000000010002f1c       0x24 CMakeFiles/drone_tcp.dir/home/alfaugus/raspberry/pico/pico-sdk/lib/lwip/src/core/init.c.obj
                0x0000000010002f1c                lwip_init
 .text.lwip_htons
                0x0000000010002f40        0x8 CMakeFiles/drone_tcp.dir/home/alfaugus/raspberry/pico/pico-sdk/lib/lwip/src/core/def.c.obj
                0x0000000010002f40                lwip_htons
 .text.lwip_htonl
                0x0000000010002f48        0x4 CMakeFiles/drone_tcp.dir/home/alfaugus/raspberry/pico/pico-sdk/lib/lwip/src/core/def.c.obj
                0x0000000010002f48                lwip_htonl
 .text.dns_call_found
                0x0000000010002f4c      0x134 CMakeFiles/drone_tcp.dir/home/alfaugus/raspberry/pico/pico-sdk/lib/lwip/src/core/dns.c.obj
 .text.dns_send.isra.0
                0x0000000010003080      0x168 CMakeFiles/drone_tcp.dir/home/alfaugus/raspberry/pico/pico-sdk/lib/lwip/src/core/dns.c.obj
 .text.dns_init
                0x00000000100031e8        0x4 CMakeFiles/drone_tcp.dir/home/alfaugus/raspberry/pico/pico-sdk/lib/lwip/src/core/dns.c.obj
                0x00000000100031e8                dns_init
 .text.dns_setserver
                0x00000000100031ec       0x2c CMakeFiles/drone_tcp.dir/home/alfaugus/raspberry/pico/pico-sdk/lib/lwip/src/core/dns.c.obj
                0x00000000100031ec                dns_setserver
 .text.dns_tmr  0x0000000010003218      0x138 CMakeFiles/drone_tcp.dir/home/alfaugus/raspberry/pico/pico-sdk/lib/lwip/src/core/dns.c.obj
                0x0000000010003218                dns_tmr
 .text.lwip_standard_chksum
                0x0000000010003350       0xd8 CMakeFiles/drone_tcp.dir/home/alfaugus/raspberry/pico/pico-sdk/lib/lwip/src/core/inet_chksum.c.obj
                0x0000000010003350                lwip_standard_chksum
 .text.inet_chksum_pseudo
                0x0000000010003428       0xb4 CMakeFiles/drone_tcp.dir/home/alfaugus/raspberry/pico/pico-sdk/lib/lwip/src/core/inet_chksum.c.obj
                0x0000000010003428                inet_chksum_pseudo
 .text.ip_chksum_pseudo
                0x00000000100034dc       0x10 CMakeFiles/drone_tcp.dir/home/alfaugus/raspberry/pico/pico-sdk/lib/lwip/src/core/inet_chksum.c.obj
                0x00000000100034dc                ip_chksum_pseudo
 .text.inet_chksum
                0x00000000100034ec        0xc CMakeFiles/drone_tcp.dir/home/alfaugus/raspberry/pico/pico-sdk/lib/lwip/src/core/inet_chksum.c.obj
                0x00000000100034ec                inet_chksum
 .text.inet_chksum_pbuf
                0x00000000100034f8       0x6c CMakeFiles/drone_tcp.dir/home/alfaugus/raspberry/pico/pico-sdk/lib/lwip/src/core/inet_chksum.c.obj
                0x00000000100034f8                inet_chksum_pbuf
 .text.mem_init
                0x0000000010003564       0x40 CMakeFiles/drone_tcp.dir/home/alfaugus/raspberry/pico/pico-sdk/lib/lwip/src/core/mem.c.obj
                0x0000000010003564                mem_init
 .text.mem_free
                0x00000000100035a4      0x11c CMakeFiles/drone_tcp.dir/home/alfaugus/raspberry/pico/pico-sdk/lib/lwip/src/core/mem.c.obj
                0x00000000100035a4                mem_free
 .text.mem_trim
                0x00000000100036c0      0x110 CMakeFiles/drone_tcp.dir/home/alfaugus/raspberry/pico/pico-sdk/lib/lwip/src/core/mem.c.obj
                0x00000000100036c0                mem_trim
 .text.mem_malloc
                0x00000000100037d0      0x120 CMakeFiles/drone_tcp.dir/home/alfaugus/raspberry/pico/pico-sdk/lib/lwip/src/core/mem.c.obj
                0x00000000100037d0                mem_malloc
 .text.memp_init
                0x00000000100038f0       0x6c CMakeFiles/drone_tcp.dir/home/alfaugus/raspberry/pico/pico-sdk/lib/lwip/src/core/memp.c.obj
                0x00000000100038f0                memp_init
 .text.memp_malloc
                0x000000001000395c       0x3c CMakeFiles/drone_tcp.dir/home/alfaugus/raspberry/pico/pico-sdk/lib/lwip/src/core/memp.c.obj
                0x000000001000395c                memp_malloc
 .text.memp_free
                0x0000000010003998       0x38 CMakeFiles/drone_tcp.dir/home/alfaugus/raspberry/pico/pico-sdk/lib/lwip/src/core/memp.c.obj
                0x0000000010003998                memp_free
 .text.netif_null_output_ip4
                0x00000000100039d0        0x8 CMakeFiles/drone_tcp.dir/home/alfaugus/raspberry/pico/pico-sdk/lib/lwip/src/core/netif.c.obj
 .text.netif_do_set_ipaddr.isra.0
                0x00000000100039d8       0x70 CMakeFiles/drone_tcp.dir/home/alfaugus/raspberry/pico/pico-sdk/lib/lwip/src/core/netif.c.obj
 .text.netif_init
                0x0000000010003a48        0x4 CMakeFiles/drone_tcp.dir/home/alfaugus/raspberry/pico/pico-sdk/lib/lwip/src/core/netif.c.obj
                0x0000000010003a48                netif_init
 .text.netif_add
                0x0000000010003a4c      0x144 CMakeFiles/drone_tcp.dir/home/alfaugus/raspberry/pico/pico-sdk/lib/lwip/src/core/netif.c.obj
                0x0000000010003a4c                netif_add
 .text.netif_set_addr
                0x0000000010003b90       0xb8 CMakeFiles/drone_tcp.dir/home/alfaugus/raspberry/pico/pico-sdk/lib/lwip/src/core/netif.c.obj
                0x0000000010003b90                netif_set_addr
 .text.netif_remove
                0x0000000010003c48       0x94 CMakeFiles/drone_tcp.dir/home/alfaugus/raspberry/pico/pico-sdk/lib/lwip/src/core/netif.c.obj
                0x0000000010003c48                netif_remove
 .text.netif_set_default
                0x0000000010003cdc        0xc CMakeFiles/drone_tcp.dir/home/alfaugus/raspberry/pico/pico-sdk/lib/lwip/src/core/netif.c.obj
                0x0000000010003cdc                netif_set_default
 .text.netif_set_up
                0x0000000010003ce8       0x40 CMakeFiles/drone_tcp.dir/home/alfaugus/raspberry/pico/pico-sdk/lib/lwip/src/core/netif.c.obj
                0x0000000010003ce8                netif_set_up
 .text.netif_set_link_up
                0x0000000010003d28       0x44 CMakeFiles/drone_tcp.dir/home/alfaugus/raspberry/pico/pico-sdk/lib/lwip/src/core/netif.c.obj
                0x0000000010003d28                netif_set_link_up
 .text.netif_set_link_down
                0x0000000010003d6c       0x20 CMakeFiles/drone_tcp.dir/home/alfaugus/raspberry/pico/pico-sdk/lib/lwip/src/core/netif.c.obj
                0x0000000010003d6c                netif_set_link_down
 .text.netif_get_by_index
                0x0000000010003d8c       0x2c CMakeFiles/drone_tcp.dir/home/alfaugus/raspberry/pico/pico-sdk/lib/lwip/src/core/netif.c.obj
                0x0000000010003d8c                netif_get_by_index
 .text.pbuf_free.part.0
                0x0000000010003db8       0x7c CMakeFiles/drone_tcp.dir/home/alfaugus/raspberry/pico/pico-sdk/lib/lwip/src/core/pbuf.c.obj
 .text.pbuf_free_ooseq
                0x0000000010003e34       0x34 CMakeFiles/drone_tcp.dir/home/alfaugus/raspberry/pico/pico-sdk/lib/lwip/src/core/pbuf.c.obj
                0x0000000010003e34                pbuf_free_ooseq
 .text.pbuf_alloc
                0x0000000010003e68      0x130 CMakeFiles/drone_tcp.dir/home/alfaugus/raspberry/pico/pico-sdk/lib/lwip/src/core/pbuf.c.obj
                0x0000000010003e68                pbuf_alloc
 .text.pbuf_realloc
                0x0000000010003f98       0x88 CMakeFiles/drone_tcp.dir/home/alfaugus/raspberry/pico/pico-sdk/lib/lwip/src/core/pbuf.c.obj
                0x0000000010003f98                pbuf_realloc
 .text.pbuf_add_header
                0x0000000010004020       0x54 CMakeFiles/drone_tcp.dir/home/alfaugus/raspberry/pico/pico-sdk/lib/lwip/src/core/pbuf.c.obj
                0x0000000010004020                pbuf_add_header
 .text.pbuf_remove_header
                0x0000000010004074       0x44 CMakeFiles/drone_tcp.dir/home/alfaugus/raspberry/pico/pico-sdk/lib/lwip/src/core/pbuf.c.obj
                0x0000000010004074                pbuf_remove_header
 .text.pbuf_header_force
                0x00000000100040b8       0x74 CMakeFiles/drone_tcp.dir/home/alfaugus/raspberry/pico/pico-sdk/lib/lwip/src/core/pbuf.c.obj
                0x00000000100040b8                pbuf_header_force
 .text.pbuf_free
                0x000000001000412c       0x18 CMakeFiles/drone_tcp.dir/home/alfaugus/raspberry/pico/pico-sdk/lib/lwip/src/core/pbuf.c.obj
                0x000000001000412c                pbuf_free
 .text.pbuf_clen
                0x0000000010004144       0x14 CMakeFiles/drone_tcp.dir/home/alfaugus/raspberry/pico/pico-sdk/lib/lwip/src/core/pbuf.c.obj
                0x0000000010004144                pbuf_clen
 .text.pbuf_ref
                0x0000000010004158       0x28 CMakeFiles/drone_tcp.dir/home/alfaugus/raspberry/pico/pico-sdk/lib/lwip/src/core/pbuf.c.obj
                0x0000000010004158                pbuf_ref
 .text.pbuf_cat
                0x0000000010004180       0x3c CMakeFiles/drone_tcp.dir/home/alfaugus/raspberry/pico/pico-sdk/lib/lwip/src/core/pbuf.c.obj
                0x0000000010004180                pbuf_cat
 .text.pbuf_chain
                0x00000000100041bc       0x64 CMakeFiles/drone_tcp.dir/home/alfaugus/raspberry/pico/pico-sdk/lib/lwip/src/core/pbuf.c.obj
                0x00000000100041bc                pbuf_chain
 .text.pbuf_copy_partial_pbuf
                0x0000000010004220      0x13c CMakeFiles/drone_tcp.dir/home/alfaugus/raspberry/pico/pico-sdk/lib/lwip/src/core/pbuf.c.obj
                0x0000000010004220                pbuf_copy_partial_pbuf
 .text.pbuf_copy
                0x000000001000435c       0x18 CMakeFiles/drone_tcp.dir/home/alfaugus/raspberry/pico/pico-sdk/lib/lwip/src/core/pbuf.c.obj
                0x000000001000435c                pbuf_copy
 .text.pbuf_copy_partial
                0x0000000010004374       0x70 CMakeFiles/drone_tcp.dir/home/alfaugus/raspberry/pico/pico-sdk/lib/lwip/src/core/pbuf.c.obj
                0x0000000010004374                pbuf_copy_partial
 .text.pbuf_take
                0x00000000100043e4       0x78 CMakeFiles/drone_tcp.dir/home/alfaugus/raspberry/pico/pico-sdk/lib/lwip/src/core/pbuf.c.obj
                0x00000000100043e4                pbuf_take
 .text.pbuf_take_at
                0x000000001000445c       0xc0 CMakeFiles/drone_tcp.dir/home/alfaugus/raspberry/pico/pico-sdk/lib/lwip/src/core/pbuf.c.obj
                0x000000001000445c                pbuf_take_at
 .text.pbuf_clone
                0x000000001000451c       0x30 CMakeFiles/drone_tcp.dir/home/alfaugus/raspberry/pico/pico-sdk/lib/lwip/src/core/pbuf.c.obj
                0x000000001000451c                pbuf_clone
 .text.pbuf_put_at
                0x000000001000454c       0x1c CMakeFiles/drone_tcp.dir/home/alfaugus/raspberry/pico/pico-sdk/lib/lwip/src/core/pbuf.c.obj
                0x000000001000454c                pbuf_put_at
 .text.raw_input
                0x0000000010004568       0xf0 CMakeFiles/drone_tcp.dir/home/alfaugus/raspberry/pico/pico-sdk/lib/lwip/src/core/raw.c.obj
                0x0000000010004568                raw_input
 .text.raw_netif_ip_addr_changed
                0x0000000010004658       0x40 CMakeFiles/drone_tcp.dir/home/alfaugus/raspberry/pico/pico-sdk/lib/lwip/src/core/raw.c.obj
                0x0000000010004658                raw_netif_ip_addr_changed
 .text.stats_init
                0x0000000010004698        0x4 CMakeFiles/drone_tcp.dir/home/alfaugus/raspberry/pico/pico-sdk/lib/lwip/src/core/stats.c.obj
                0x0000000010004698                stats_init
 .text.tcp_close_shutdown_fin
                0x000000001000469c       0x58 CMakeFiles/drone_tcp.dir/home/alfaugus/raspberry/pico/pico-sdk/lib/lwip/src/core/tcp.c.obj
 .text.tcp_pcb_purge.part.0
                0x00000000100046f4       0xc4 CMakeFiles/drone_tcp.dir/home/alfaugus/raspberry/pico/pico-sdk/lib/lwip/src/core/tcp.c.obj
 .text.tcp_init
                0x00000000100047b8       0x20 CMakeFiles/drone_tcp.dir/home/alfaugus/raspberry/pico/pico-sdk/lib/lwip/src/core/tcp.c.obj
                0x00000000100047b8                tcp_init
 .text.tcp_free
                0x00000000100047d8       0x1c CMakeFiles/drone_tcp.dir/home/alfaugus/raspberry/pico/pico-sdk/lib/lwip/src/core/tcp.c.obj
                0x00000000100047d8                tcp_free
 .text.tcp_update_rcv_ann_wnd
                0x00000000100047f4       0x60 CMakeFiles/drone_tcp.dir/home/alfaugus/raspberry/pico/pico-sdk/lib/lwip/src/core/tcp.c.obj
                0x00000000100047f4                tcp_update_rcv_ann_wnd
 .text.tcp_recved
                0x0000000010004854       0x98 CMakeFiles/drone_tcp.dir/home/alfaugus/raspberry/pico/pico-sdk/lib/lwip/src/core/tcp.c.obj
                0x0000000010004854                tcp_recved
 .text.tcp_slowtmr
                0x00000000100048ec      0x4dc CMakeFiles/drone_tcp.dir/home/alfaugus/raspberry/pico/pico-sdk/lib/lwip/src/core/tcp.c.obj
                0x00000000100048ec                tcp_slowtmr
 .text.tcp_segs_free
                0x0000000010004dc8       0x38 CMakeFiles/drone_tcp.dir/home/alfaugus/raspberry/pico/pico-sdk/lib/lwip/src/core/tcp.c.obj
                0x0000000010004dc8                tcp_segs_free
 .text.tcp_seg_free
                0x0000000010004e00       0x1c CMakeFiles/drone_tcp.dir/home/alfaugus/raspberry/pico/pico-sdk/lib/lwip/src/core/tcp.c.obj
                0x0000000010004e00                tcp_seg_free
 .text.tcp_seg_copy
                0x0000000010004e1c       0x2c CMakeFiles/drone_tcp.dir/home/alfaugus/raspberry/pico/pico-sdk/lib/lwip/src/core/tcp.c.obj
                0x0000000010004e1c                tcp_seg_copy
 .text.tcp_pcb_purge
                0x0000000010004e48       0x18 CMakeFiles/drone_tcp.dir/home/alfaugus/raspberry/pico/pico-sdk/lib/lwip/src/core/tcp.c.obj
                0x0000000010004e48                tcp_pcb_purge
 .text.tcp_pcb_remove
                0x0000000010004e60       0xc8 CMakeFiles/drone_tcp.dir/home/alfaugus/raspberry/pico/pico-sdk/lib/lwip/src/core/tcp.c.obj
                0x0000000010004e60                tcp_pcb_remove
 .text.tcp_abandon
                0x0000000010004f28      0x1ac CMakeFiles/drone_tcp.dir/home/alfaugus/raspberry/pico/pico-sdk/lib/lwip/src/core/tcp.c.obj
                0x0000000010004f28                tcp_abandon
 .text.tcp_abort
                0x00000000100050d4        0xc CMakeFiles/drone_tcp.dir/home/alfaugus/raspberry/pico/pico-sdk/lib/lwip/src/core/tcp.c.obj
                0x00000000100050d4                tcp_abort
 .text.tcp_alloc
                0x00000000100050e0      0x1cc CMakeFiles/drone_tcp.dir/home/alfaugus/raspberry/pico/pico-sdk/lib/lwip/src/core/tcp.c.obj
                0x00000000100050e0                tcp_alloc
 .text.tcp_close_shutdown
                0x00000000100052ac      0x18c CMakeFiles/drone_tcp.dir/home/alfaugus/raspberry/pico/pico-sdk/lib/lwip/src/core/tcp.c.obj
 .text.tcp_recv_null
                0x0000000010005438       0xd4 CMakeFiles/drone_tcp.dir/home/alfaugus/raspberry/pico/pico-sdk/lib/lwip/src/core/tcp.c.obj
                0x0000000010005438                tcp_recv_null
 .text.tcp_process_refused_data
                0x000000001000550c       0x78 CMakeFiles/drone_tcp.dir/home/alfaugus/raspberry/pico/pico-sdk/lib/lwip/src/core/tcp.c.obj
                0x000000001000550c                tcp_process_refused_data
 .text.tcp_fasttmr
                0x0000000010005584       0x98 CMakeFiles/drone_tcp.dir/home/alfaugus/raspberry/pico/pico-sdk/lib/lwip/src/core/tcp.c.obj
                0x0000000010005584                tcp_fasttmr
 .text.tcp_tmr  0x000000001000561c       0x20 CMakeFiles/drone_tcp.dir/home/alfaugus/raspberry/pico/pico-sdk/lib/lwip/src/core/tcp.c.obj
                0x000000001000561c                tcp_tmr
 .text.tcp_next_iss
                0x000000001000563c       0x28 CMakeFiles/drone_tcp.dir/home/alfaugus/raspberry/pico/pico-sdk/lib/lwip/src/core/tcp.c.obj
                0x000000001000563c                tcp_next_iss
 .text.tcp_eff_send_mss_netif
                0x0000000010005664       0x38 CMakeFiles/drone_tcp.dir/home/alfaugus/raspberry/pico/pico-sdk/lib/lwip/src/core/tcp.c.obj
                0x0000000010005664                tcp_eff_send_mss_netif
 .text.tcp_netif_ip_addr_changed
                0x000000001000569c       0x9c CMakeFiles/drone_tcp.dir/home/alfaugus/raspberry/pico/pico-sdk/lib/lwip/src/core/tcp.c.obj
                0x000000001000569c                tcp_netif_ip_addr_changed
 .text.tcp_free_ooseq
                0x0000000010005738       0x40 CMakeFiles/drone_tcp.dir/home/alfaugus/raspberry/pico/pico-sdk/lib/lwip/src/core/tcp.c.obj
                0x0000000010005738                tcp_free_ooseq
 .text.tcp_parseopt
                0x0000000010005778      0x190 CMakeFiles/drone_tcp.dir/home/alfaugus/raspberry/pico/pico-sdk/lib/lwip/src/core/tcp_in.c.obj
 .text.tcp_oos_insert_segment
                0x0000000010005908       0xe0 CMakeFiles/drone_tcp.dir/home/alfaugus/raspberry/pico/pico-sdk/lib/lwip/src/core/tcp_in.c.obj
 .text.tcp_free_acked_segments.constprop.0
                0x00000000100059e8       0xdc CMakeFiles/drone_tcp.dir/home/alfaugus/raspberry/pico/pico-sdk/lib/lwip/src/core/tcp_in.c.obj
 .text.tcp_receive
                0x0000000010005ac4      0xa4c CMakeFiles/drone_tcp.dir/home/alfaugus/raspberry/pico/pico-sdk/lib/lwip/src/core/tcp_in.c.obj
 .text.tcp_input
                0x0000000010006510      0xda4 CMakeFiles/drone_tcp.dir/home/alfaugus/raspberry/pico/pico-sdk/lib/lwip/src/core/tcp_in.c.obj
                0x0000000010006510                tcp_input
 .text.tcp_trigger_input_pcb_close
                0x00000000100072b4       0x10 CMakeFiles/drone_tcp.dir/home/alfaugus/raspberry/pico/pico-sdk/lib/lwip/src/core/tcp_in.c.obj
                0x00000000100072b4                tcp_trigger_input_pcb_close
 .text.tcp_create_segment
                0x00000000100072c4       0xf8 CMakeFiles/drone_tcp.dir/home/alfaugus/raspberry/pico/pico-sdk/lib/lwip/src/core/tcp_out.c.obj
 .text.tcp_output_control_segment
                0x00000000100073bc       0xc0 CMakeFiles/drone_tcp.dir/home/alfaugus/raspberry/pico/pico-sdk/lib/lwip/src/core/tcp_out.c.obj
 .text.tcp_output_alloc_header.constprop.0
                0x000000001000747c       0xcc CMakeFiles/drone_tcp.dir/home/alfaugus/raspberry/pico/pico-sdk/lib/lwip/src/core/tcp_out.c.obj
 .text.tcp_split_unsent_seg
                0x0000000010007548      0x1c4 CMakeFiles/drone_tcp.dir/home/alfaugus/raspberry/pico/pico-sdk/lib/lwip/src/core/tcp_out.c.obj
                0x0000000010007548                tcp_split_unsent_seg
 .text.tcp_send_fin
                0x000000001000770c      0x12c CMakeFiles/drone_tcp.dir/home/alfaugus/raspberry/pico/pico-sdk/lib/lwip/src/core/tcp_out.c.obj
                0x000000001000770c                tcp_send_fin
 .text.tcp_enqueue_flags
                0x0000000010007838      0x124 CMakeFiles/drone_tcp.dir/home/alfaugus/raspberry/pico/pico-sdk/lib/lwip/src/core/tcp_out.c.obj
                0x0000000010007838                tcp_enqueue_flags
 .text.tcp_rexmit_rto_prepare
                0x000000001000795c       0x9c CMakeFiles/drone_tcp.dir/home/alfaugus/raspberry/pico/pico-sdk/lib/lwip/src/core/tcp_out.c.obj
                0x000000001000795c                tcp_rexmit_rto_prepare
 .text.tcp_rexmit
                0x00000000100079f8       0x9c CMakeFiles/drone_tcp.dir/home/alfaugus/raspberry/pico/pico-sdk/lib/lwip/src/core/tcp_out.c.obj
                0x00000000100079f8                tcp_rexmit
 .text.tcp_rexmit_fast
                0x0000000010007a94       0x64 CMakeFiles/drone_tcp.dir/home/alfaugus/raspberry/pico/pico-sdk/lib/lwip/src/core/tcp_out.c.obj
                0x0000000010007a94                tcp_rexmit_fast
 .text.tcp_rst  0x0000000010007af8       0xe8 CMakeFiles/drone_tcp.dir/home/alfaugus/raspberry/pico/pico-sdk/lib/lwip/src/core/tcp_out.c.obj
                0x0000000010007af8                tcp_rst
 .text.tcp_rst_netif
                0x0000000010007be0      0x130 CMakeFiles/drone_tcp.dir/home/alfaugus/raspberry/pico/pico-sdk/lib/lwip/src/core/tcp_out.c.obj
                0x0000000010007be0                tcp_rst_netif
 .text.tcp_send_empty_ack
                0x0000000010007d10       0x54 CMakeFiles/drone_tcp.dir/home/alfaugus/raspberry/pico/pico-sdk/lib/lwip/src/core/tcp_out.c.obj
                0x0000000010007d10                tcp_send_empty_ack
 .text.tcp_output
                0x0000000010007d64      0x46c CMakeFiles/drone_tcp.dir/home/alfaugus/raspberry/pico/pico-sdk/lib/lwip/src/core/tcp_out.c.obj
                0x0000000010007d64                tcp_output
 .text.tcp_rexmit_rto_commit
                0x00000000100081d0       0x24 CMakeFiles/drone_tcp.dir/home/alfaugus/raspberry/pico/pico-sdk/lib/lwip/src/core/tcp_out.c.obj
                0x00000000100081d0                tcp_rexmit_rto_commit
 .text.tcp_rexmit_rto
                0x00000000100081f4       0xa4 CMakeFiles/drone_tcp.dir/home/alfaugus/raspberry/pico/pico-sdk/lib/lwip/src/core/tcp_out.c.obj
                0x00000000100081f4                tcp_rexmit_rto
 .text.tcp_keepalive
                0x0000000010008298       0xe0 CMakeFiles/drone_tcp.dir/home/alfaugus/raspberry/pico/pico-sdk/lib/lwip/src/core/tcp_out.c.obj
                0x0000000010008298                tcp_keepalive
 .text.tcp_zero_window_probe
                0x0000000010008378      0x108 CMakeFiles/drone_tcp.dir/home/alfaugus/raspberry/pico/pico-sdk/lib/lwip/src/core/tcp_out.c.obj
                0x0000000010008378                tcp_zero_window_probe
 .text.sys_timeout_abs
                0x0000000010008480       0x48 CMakeFiles/drone_tcp.dir/home/alfaugus/raspberry/pico/pico-sdk/lib/lwip/src/core/timeouts.c.obj
 .text.lwip_cyclic_timer
                0x00000000100084c8       0x38 CMakeFiles/drone_tcp.dir/home/alfaugus/raspberry/pico/pico-sdk/lib/lwip/src/core/timeouts.c.obj
 .text.tcpip_tcp_timer
                0x0000000010008500       0x3c CMakeFiles/drone_tcp.dir/home/alfaugus/raspberry/pico/pico-sdk/lib/lwip/src/core/timeouts.c.obj
 .text.tcp_timer_needed
                0x000000001000853c       0x40 CMakeFiles/drone_tcp.dir/home/alfaugus/raspberry/pico/pico-sdk/lib/lwip/src/core/timeouts.c.obj
                0x000000001000853c                tcp_timer_needed
 .text.sys_timeouts_init
                0x000000001000857c       0x90 CMakeFiles/drone_tcp.dir/home/alfaugus/raspberry/pico/pico-sdk/lib/lwip/src/core/timeouts.c.obj
                0x000000001000857c                sys_timeouts_init
 .text.sys_check_timeouts
                0x000000001000860c       0x68 CMakeFiles/drone_tcp.dir/home/alfaugus/raspberry/pico/pico-sdk/lib/lwip/src/core/timeouts.c.obj
                0x000000001000860c                sys_check_timeouts
 .text.sys_timeouts_sleeptime
                0x0000000010008674       0x28 CMakeFiles/drone_tcp.dir/home/alfaugus/raspberry/pico/pico-sdk/lib/lwip/src/core/timeouts.c.obj
                0x0000000010008674                sys_timeouts_sleeptime
 .text.udp_init
                0x000000001000869c       0x20 CMakeFiles/drone_tcp.dir/home/alfaugus/raspberry/pico/pico-sdk/lib/lwip/src/core/udp.c.obj
                0x000000001000869c                udp_init
 .text.udp_input
                0x00000000100086bc      0x24c CMakeFiles/drone_tcp.dir/home/alfaugus/raspberry/pico/pico-sdk/lib/lwip/src/core/udp.c.obj
                0x00000000100086bc                udp_input
 .text.udp_bind
                0x0000000010008908      0x10c CMakeFiles/drone_tcp.dir/home/alfaugus/raspberry/pico/pico-sdk/lib/lwip/src/core/udp.c.obj
                0x0000000010008908                udp_bind
 .text.udp_sendto_if_src
                0x0000000010008a14      0x130 CMakeFiles/drone_tcp.dir/home/alfaugus/raspberry/pico/pico-sdk/lib/lwip/src/core/udp.c.obj
                0x0000000010008a14                udp_sendto_if_src
 .text.udp_sendto_if
                0x0000000010008b44       0x48 CMakeFiles/drone_tcp.dir/home/alfaugus/raspberry/pico/pico-sdk/lib/lwip/src/core/udp.c.obj
                0x0000000010008b44                udp_sendto_if
 .text.udp_sendto
                0x0000000010008b8c       0x7c CMakeFiles/drone_tcp.dir/home/alfaugus/raspberry/pico/pico-sdk/lib/lwip/src/core/udp.c.obj
                0x0000000010008b8c                udp_sendto
 .text.udp_connect
                0x0000000010008c08       0x64 CMakeFiles/drone_tcp.dir/home/alfaugus/raspberry/pico/pico-sdk/lib/lwip/src/core/udp.c.obj
                0x0000000010008c08                udp_connect
 .text.udp_recv
                0x0000000010008c6c        0xc CMakeFiles/drone_tcp.dir/home/alfaugus/raspberry/pico/pico-sdk/lib/lwip/src/core/udp.c.obj
                0x0000000010008c6c                udp_recv
 .text.udp_remove
                0x0000000010008c78       0x3c CMakeFiles/drone_tcp.dir/home/alfaugus/raspberry/pico/pico-sdk/lib/lwip/src/core/udp.c.obj
                0x0000000010008c78                udp_remove
 .text.udp_new  0x0000000010008cb4       0x1c CMakeFiles/drone_tcp.dir/home/alfaugus/raspberry/pico/pico-sdk/lib/lwip/src/core/udp.c.obj
                0x0000000010008cb4                udp_new
 .text.udp_netif_ip_addr_changed
                0x0000000010008cd0       0x40 CMakeFiles/drone_tcp.dir/home/alfaugus/raspberry/pico/pico-sdk/lib/lwip/src/core/udp.c.obj
                0x0000000010008cd0                udp_netif_ip_addr_changed
 .text.dhcp_create_msg
                0x0000000010008d10      0x16c CMakeFiles/drone_tcp.dir/home/alfaugus/raspberry/pico/pico-sdk/lib/lwip/src/core/ipv4/dhcp.c.obj
 .text.dhcp_inc_pcb_refcount
                0x0000000010008e7c       0x6c CMakeFiles/drone_tcp.dir/home/alfaugus/raspberry/pico/pico-sdk/lib/lwip/src/core/ipv4/dhcp.c.obj
 .text.dhcp_bind
                0x0000000010008ee8      0x11c CMakeFiles/drone_tcp.dir/home/alfaugus/raspberry/pico/pico-sdk/lib/lwip/src/core/ipv4/dhcp.c.obj
 .text.dhcp_option_hostname.isra.0
                0x0000000010009004       0x8c CMakeFiles/drone_tcp.dir/home/alfaugus/raspberry/pico/pico-sdk/lib/lwip/src/core/ipv4/dhcp.c.obj
 .text.dhcp_handle_ack.isra.0
                0x0000000010009090       0xcc CMakeFiles/drone_tcp.dir/home/alfaugus/raspberry/pico/pico-sdk/lib/lwip/src/core/ipv4/dhcp.c.obj
 .text.dhcp_reboot.isra.0
                0x000000001000915c      0x1e4 CMakeFiles/drone_tcp.dir/home/alfaugus/raspberry/pico/pico-sdk/lib/lwip/src/core/ipv4/dhcp.c.obj
 .text.dhcp_discover
                0x0000000010009340      0x198 CMakeFiles/drone_tcp.dir/home/alfaugus/raspberry/pico/pico-sdk/lib/lwip/src/core/ipv4/dhcp.c.obj
 .text.dhcp_select.isra.0
                0x00000000100094d8      0x268 CMakeFiles/drone_tcp.dir/home/alfaugus/raspberry/pico/pico-sdk/lib/lwip/src/core/ipv4/dhcp.c.obj
 .text.dhcp_recv
                0x0000000010009740      0x494 CMakeFiles/drone_tcp.dir/home/alfaugus/raspberry/pico/pico-sdk/lib/lwip/src/core/ipv4/dhcp.c.obj
 .text.dhcp_set_struct
                0x0000000010009bd4       0x44 CMakeFiles/drone_tcp.dir/home/alfaugus/raspberry/pico/pico-sdk/lib/lwip/src/core/ipv4/dhcp.c.obj
                0x0000000010009bd4                dhcp_set_struct
 .text.dhcp_network_changed_link_up
                0x0000000010009c18       0x40 CMakeFiles/drone_tcp.dir/home/alfaugus/raspberry/pico/pico-sdk/lib/lwip/src/core/ipv4/dhcp.c.obj
                0x0000000010009c18                dhcp_network_changed_link_up
 .text.dhcp_renew
                0x0000000010009c58      0x1b8 CMakeFiles/drone_tcp.dir/home/alfaugus/raspberry/pico/pico-sdk/lib/lwip/src/core/ipv4/dhcp.c.obj
                0x0000000010009c58                dhcp_renew
 .text.dhcp_release_and_stop
                0x0000000010009e10      0x180 CMakeFiles/drone_tcp.dir/home/alfaugus/raspberry/pico/pico-sdk/lib/lwip/src/core/ipv4/dhcp.c.obj
                0x0000000010009e10                dhcp_release_and_stop
 .text.dhcp_start
                0x0000000010009f90       0xb0 CMakeFiles/drone_tcp.dir/home/alfaugus/raspberry/pico/pico-sdk/lib/lwip/src/core/ipv4/dhcp.c.obj
                0x0000000010009f90                dhcp_start
 .text.dhcp_coarse_tmr
                0x000000001000a040      0x238 CMakeFiles/drone_tcp.dir/home/alfaugus/raspberry/pico/pico-sdk/lib/lwip/src/core/ipv4/dhcp.c.obj
                0x000000001000a040                dhcp_coarse_tmr
 .text.dhcp_fine_tmr
                0x000000001000a278       0x78 CMakeFiles/drone_tcp.dir/home/alfaugus/raspberry/pico/pico-sdk/lib/lwip/src/core/ipv4/dhcp.c.obj
                0x000000001000a278                dhcp_fine_tmr
 .text.dhcp_stop
                0x000000001000a2f0      0x180 CMakeFiles/drone_tcp.dir/home/alfaugus/raspberry/pico/pico-sdk/lib/lwip/src/core/ipv4/dhcp.c.obj
                0x000000001000a2f0                dhcp_stop
 .text.etharp_find_entry
                0x000000001000a470     0x1fbc CMakeFiles/drone_tcp.dir/home/alfaugus/raspberry/pico/pico-sdk/lib/lwip/src/core/ipv4/etharp.c.obj
 .text.etharp_raw
                0x000000001000c42c       0xec CMakeFiles/drone_tcp.dir/home/alfaugus/raspberry/pico/pico-sdk/lib/lwip/src/core/ipv4/etharp.c.obj
 .text.etharp_output_to_arp_index
                0x000000001000c518       0xe4 CMakeFiles/drone_tcp.dir/home/alfaugus/raspberry/pico/pico-sdk/lib/lwip/src/core/ipv4/etharp.c.obj
 .text.etharp_tmr
                0x000000001000c5fc       0x94 CMakeFiles/drone_tcp.dir/home/alfaugus/raspberry/pico/pico-sdk/lib/lwip/src/core/ipv4/etharp.c.obj
                0x000000001000c5fc                etharp_tmr
 .text.etharp_cleanup_netif
                0x000000001000c690      0x188 CMakeFiles/drone_tcp.dir/home/alfaugus/raspberry/pico/pico-sdk/lib/lwip/src/core/ipv4/etharp.c.obj
                0x000000001000c690                etharp_cleanup_netif
 .text.etharp_input
                0x000000001000c818      0x1b0 CMakeFiles/drone_tcp.dir/home/alfaugus/raspberry/pico/pico-sdk/lib/lwip/src/core/ipv4/etharp.c.obj
                0x000000001000c818                etharp_input
 .text.etharp_query
                0x000000001000c9c8      0x1c0 CMakeFiles/drone_tcp.dir/home/alfaugus/raspberry/pico/pico-sdk/lib/lwip/src/core/ipv4/etharp.c.obj
                0x000000001000c9c8                etharp_query
 .text.etharp_output
                0x000000001000cb88      0x24c CMakeFiles/drone_tcp.dir/home/alfaugus/raspberry/pico/pico-sdk/lib/lwip/src/core/ipv4/etharp.c.obj
                0x000000001000cb88                etharp_output
 .text.etharp_request
                0x000000001000cdd4       0x2c CMakeFiles/drone_tcp.dir/home/alfaugus/raspberry/pico/pico-sdk/lib/lwip/src/core/ipv4/etharp.c.obj
                0x000000001000cdd4                etharp_request
 .text.icmp_input
                0x000000001000ce00      0x1e8 CMakeFiles/drone_tcp.dir/home/alfaugus/raspberry/pico/pico-sdk/lib/lwip/src/core/ipv4/icmp.c.obj
                0x000000001000ce00                icmp_input
 .text.icmp_dest_unreach
                0x000000001000cfe8       0xd0 CMakeFiles/drone_tcp.dir/home/alfaugus/raspberry/pico/pico-sdk/lib/lwip/src/core/ipv4/icmp.c.obj
                0x000000001000cfe8                icmp_dest_unreach
 .text.icmp_time_exceeded
                0x000000001000d0b8       0xd0 CMakeFiles/drone_tcp.dir/home/alfaugus/raspberry/pico/pico-sdk/lib/lwip/src/core/ipv4/icmp.c.obj
                0x000000001000d0b8                icmp_time_exceeded
 .text.ip_reass_free_complete_datagram
                0x000000001000d188      0x114 CMakeFiles/drone_tcp.dir/home/alfaugus/raspberry/pico/pico-sdk/lib/lwip/src/core/ipv4/ip4_frag.c.obj
 .text.ip_reass_remove_oldest_datagram
                0x000000001000d29c       0xd8 CMakeFiles/drone_tcp.dir/home/alfaugus/raspberry/pico/pico-sdk/lib/lwip/src/core/ipv4/ip4_frag.c.obj
 .text.ip_reass_tmr
                0x000000001000d374       0x38 CMakeFiles/drone_tcp.dir/home/alfaugus/raspberry/pico/pico-sdk/lib/lwip/src/core/ipv4/ip4_frag.c.obj
                0x000000001000d374                ip_reass_tmr
 .text.ip4_reass
                0x000000001000d3ac      0x534 CMakeFiles/drone_tcp.dir/home/alfaugus/raspberry/pico/pico-sdk/lib/lwip/src/core/ipv4/ip4_frag.c.obj
                0x000000001000d3ac                ip4_reass
 .text.ip4_frag
                0x000000001000d8e0      0x17c CMakeFiles/drone_tcp.dir/home/alfaugus/raspberry/pico/pico-sdk/lib/lwip/src/core/ipv4/ip4_frag.c.obj
                0x000000001000d8e0                ip4_frag
 .text.ip4_route
                0x000000001000da5c       0x7c CMakeFiles/drone_tcp.dir/home/alfaugus/raspberry/pico/pico-sdk/lib/lwip/src/core/ipv4/ip4.c.obj
                0x000000001000da5c                ip4_route
 .text.ip4_input
                0x000000001000dad8      0x2cc CMakeFiles/drone_tcp.dir/home/alfaugus/raspberry/pico/pico-sdk/lib/lwip/src/core/ipv4/ip4.c.obj
                0x000000001000dad8                ip4_input
 .text.ip4_output_if
                0x000000001000dda4      0x190 CMakeFiles/drone_tcp.dir/home/alfaugus/raspberry/pico/pico-sdk/lib/lwip/src/core/ipv4/ip4.c.obj
                0x000000001000dda4                ip4_output_if
 .text.ip4_output_if_src
                0x000000001000df34      0x17c CMakeFiles/drone_tcp.dir/home/alfaugus/raspberry/pico/pico-sdk/lib/lwip/src/core/ipv4/ip4.c.obj
                0x000000001000df34                ip4_output_if_src
 .text.ip4_addr_isbroadcast_u32
                0x000000001000e0b0       0x3c CMakeFiles/drone_tcp.dir/home/alfaugus/raspberry/pico/pico-sdk/lib/lwip/src/core/ipv4/ip4_addr.c.obj
                0x000000001000e0b0                ip4_addr_isbroadcast_u32
 .text.ethernet_input
                0x000000001000e0ec       0xd0 CMakeFiles/drone_tcp.dir/home/alfaugus/raspberry/pico/pico-sdk/lib/lwip/src/netif/ethernet.c.obj
                0x000000001000e0ec                ethernet_input
 .text.ethernet_output
                0x000000001000e1bc       0x6c CMakeFiles/drone_tcp.dir/home/alfaugus/raspberry/pico/pico-sdk/lib/lwip/src/netif/ethernet.c.obj
                0x000000001000e1bc                ethernet_output
 .text.cyw43_arch_wifi_connect_bssid_until.part.0
                0x000000001000e228       0xd8 CMakeFiles/drone_tcp.dir/home/alfaugus/raspberry/pico/pico-sdk/src/rp2_common/pico_cyw43_arch/cyw43_arch.c.obj
 .text.cyw43_arch_set_async_context
                0x000000001000e300        0xc CMakeFiles/drone_tcp.dir/home/alfaugus/raspberry/pico/pico-sdk/src/rp2_common/pico_cyw43_arch/cyw43_arch.c.obj
                0x000000001000e300                cyw43_arch_set_async_context
 .text.cyw43_arch_enable_sta_mode
                0x000000001000e30c       0x1c CMakeFiles/drone_tcp.dir/home/alfaugus/raspberry/pico/pico-sdk/src/rp2_common/pico_cyw43_arch/cyw43_arch.c.obj
                0x000000001000e30c                cyw43_arch_enable_sta_mode
 .text.cyw43_arch_wifi_connect_timeout_ms
                0x000000001000e328       0x9c CMakeFiles/drone_tcp.dir/home/alfaugus/raspberry/pico/pico-sdk/src/rp2_common/pico_cyw43_arch/cyw43_arch.c.obj
                0x000000001000e328                cyw43_arch_wifi_connect_timeout_ms
 .text.cyw43_arch_gpio_put
                0x000000001000e3c4       0x14 CMakeFiles/drone_tcp.dir/home/alfaugus/raspberry/pico/pico-sdk/src/rp2_common/pico_cyw43_arch/cyw43_arch.c.obj
                0x000000001000e3c4                cyw43_arch_gpio_put
 .text.cyw43_arch_async_context
                0x000000001000e3d8        0xc CMakeFiles/drone_tcp.dir/home/alfaugus/raspberry/pico/pico-sdk/src/rp2_common/pico_cyw43_arch/cyw43_arch.c.obj
                0x000000001000e3d8                cyw43_arch_async_context
 .text.cyw43_arch_poll
                0x000000001000e3e4       0x18 CMakeFiles/drone_tcp.dir/home/alfaugus/raspberry/pico/pico-sdk/src/rp2_common/pico_cyw43_arch/cyw43_arch.c.obj
                0x000000001000e3e4                cyw43_arch_poll
 .text.cyw43_arch_init
                0x000000001000e3fc       0x80 CMakeFiles/drone_tcp.dir/home/alfaugus/raspberry/pico/pico-sdk/src/rp2_common/pico_cyw43_arch/cyw43_arch_threadsafe_background.c.obj
                0x000000001000e3fc                cyw43_arch_init
 .text.ns_delay.constprop.0
                0x000000001000e47c       0x20 CMakeFiles/drone_tcp.dir/home/alfaugus/raspberry/pico/pico-sdk/src/rp2_common/pico_cyw43_driver/cyw43_bus_pio_spi.c.obj
 .text.cyw43_spi_deinit
                0x000000001000e49c       0x7c CMakeFiles/drone_tcp.dir/home/alfaugus/raspberry/pico/pico-sdk/src/rp2_common/pico_cyw43_driver/cyw43_bus_pio_spi.c.obj
                0x000000001000e49c                cyw43_spi_deinit
 .text.cyw43_spi_init
                0x000000001000e518      0x140 CMakeFiles/drone_tcp.dir/home/alfaugus/raspberry/pico/pico-sdk/src/rp2_common/pico_cyw43_driver/cyw43_bus_pio_spi.c.obj
                0x000000001000e518                cyw43_spi_init
 .text.cyw43_spi_transfer
                0x000000001000e658      0x40c CMakeFiles/drone_tcp.dir/home/alfaugus/raspberry/pico/pico-sdk/src/rp2_common/pico_cyw43_driver/cyw43_bus_pio_spi.c.obj
                0x000000001000e658                cyw43_spi_transfer
 .text.cyw43_spi_gpio_setup
                0x000000001000ea64       0x3c CMakeFiles/drone_tcp.dir/home/alfaugus/raspberry/pico/pico-sdk/src/rp2_common/pico_cyw43_driver/cyw43_bus_pio_spi.c.obj
                0x000000001000ea64                cyw43_spi_gpio_setup
 .text.cyw43_spi_reset
                0x000000001000eaa0       0x28 CMakeFiles/drone_tcp.dir/home/alfaugus/raspberry/pico/pico-sdk/src/rp2_common/pico_cyw43_driver/cyw43_bus_pio_spi.c.obj
                0x000000001000eaa0                cyw43_spi_reset
 .text.read_reg_u32_swap
                0x000000001000eac8       0x3c CMakeFiles/drone_tcp.dir/home/alfaugus/raspberry/pico/pico-sdk/src/rp2_common/pico_cyw43_driver/cyw43_bus_pio_spi.c.obj
                0x000000001000eac8                read_reg_u32_swap
 .text.cyw43_read_reg_u32
                0x000000001000eb04       0x6c CMakeFiles/drone_tcp.dir/home/alfaugus/raspberry/pico/pico-sdk/src/rp2_common/pico_cyw43_driver/cyw43_bus_pio_spi.c.obj
                0x000000001000eb04                cyw43_read_reg_u32
 .text.cyw43_read_reg_u16
                0x000000001000eb70       0x6c CMakeFiles/drone_tcp.dir/home/alfaugus/raspberry/pico/pico-sdk/src/rp2_common/pico_cyw43_driver/cyw43_bus_pio_spi.c.obj
                0x000000001000eb70                cyw43_read_reg_u16
 .text.cyw43_read_reg_u8
                0x000000001000ebdc       0x6c CMakeFiles/drone_tcp.dir/home/alfaugus/raspberry/pico/pico-sdk/src/rp2_common/pico_cyw43_driver/cyw43_bus_pio_spi.c.obj
                0x000000001000ebdc                cyw43_read_reg_u8
 .text.write_reg_u32_swap
                0x000000001000ec48      0x1e4 CMakeFiles/drone_tcp.dir/home/alfaugus/raspberry/pico/pico-sdk/src/rp2_common/pico_cyw43_driver/cyw43_bus_pio_spi.c.obj
                0x000000001000ec48                write_reg_u32_swap
 .text.cyw43_write_reg_u32
                0x000000001000ee2c      0x204 CMakeFiles/drone_tcp.dir/home/alfaugus/raspberry/pico/pico-sdk/src/rp2_common/pico_cyw43_driver/cyw43_bus_pio_spi.c.obj
                0x000000001000ee2c                cyw43_write_reg_u32
 .text.cyw43_write_reg_u16
                0x000000001000f030      0x204 CMakeFiles/drone_tcp.dir/home/alfaugus/raspberry/pico/pico-sdk/src/rp2_common/pico_cyw43_driver/cyw43_bus_pio_spi.c.obj
                0x000000001000f030                cyw43_write_reg_u16
 .text.cyw43_write_reg_u8
                0x000000001000f234      0x204 CMakeFiles/drone_tcp.dir/home/alfaugus/raspberry/pico/pico-sdk/src/rp2_common/pico_cyw43_driver/cyw43_bus_pio_spi.c.obj
                0x000000001000f234                cyw43_write_reg_u8
 .text.cyw43_read_bytes
                0x000000001000f438       0x78 CMakeFiles/drone_tcp.dir/home/alfaugus/raspberry/pico/pico-sdk/src/rp2_common/pico_cyw43_driver/cyw43_bus_pio_spi.c.obj
                0x000000001000f438                cyw43_read_bytes
 .text.cyw43_write_bytes
                0x000000001000f4b0       0xec CMakeFiles/drone_tcp.dir/home/alfaugus/raspberry/pico/pico-sdk/src/rp2_common/pico_cyw43_driver/cyw43_bus_pio_spi.c.obj
                0x000000001000f4b0                cyw43_write_bytes
 .text.cyw43_set_backplane_window
                0x000000001000f59c       0x64 CMakeFiles/drone_tcp.dir/home/alfaugus/raspberry/pico/pico-sdk/lib/cyw43-driver/src/cyw43_ll.c.obj
 .text.cyw43_ll_parse_async_event
                0x000000001000f600      0x13c CMakeFiles/drone_tcp.dir/home/alfaugus/raspberry/pico/pico-sdk/lib/cyw43-driver/src/cyw43_ll.c.obj
 .text.cyw43_kso_set
                0x000000001000f73c       0xa0 CMakeFiles/drone_tcp.dir/home/alfaugus/raspberry/pico/pico-sdk/lib/cyw43-driver/src/cyw43_ll.c.obj
 .text.cyw43_ll_sdpcm_poll_device
                0x000000001000f7dc      0x238 CMakeFiles/drone_tcp.dir/home/alfaugus/raspberry/pico/pico-sdk/lib/cyw43-driver/src/cyw43_ll.c.obj
 .text.cyw43_sdpcm_send_common
                0x000000001000fa14       0xf8 CMakeFiles/drone_tcp.dir/home/alfaugus/raspberry/pico/pico-sdk/lib/cyw43-driver/src/cyw43_ll.c.obj
 .text.cyw43_do_ioctl.part.0
                0x000000001000fb0c       0xc4 CMakeFiles/drone_tcp.dir/home/alfaugus/raspberry/pico/pico-sdk/lib/cyw43-driver/src/cyw43_ll.c.obj
 .text.cyw43_download_resource
                0x000000001000fbd0       0xd0 CMakeFiles/drone_tcp.dir/home/alfaugus/raspberry/pico/pico-sdk/lib/cyw43-driver/src/cyw43_ll.c.obj
 .text.cyw43_write_iovar_n
                0x000000001000fca0       0x8c CMakeFiles/drone_tcp.dir/home/alfaugus/raspberry/pico/pico-sdk/lib/cyw43-driver/src/cyw43_ll.c.obj
 .text.cyw43_write_iovar_u32
                0x000000001000fd2c       0xa4 CMakeFiles/drone_tcp.dir/home/alfaugus/raspberry/pico/pico-sdk/lib/cyw43-driver/src/cyw43_ll.c.obj
 .text.cyw43_write_iovar_u32_u32.constprop.0
                0x000000001000fdd0       0xb0 CMakeFiles/drone_tcp.dir/home/alfaugus/raspberry/pico/pico-sdk/lib/cyw43-driver/src/cyw43_ll.c.obj
 .text.cyw43_read_backplane.constprop.0
                0x000000001000fe80       0xdc CMakeFiles/drone_tcp.dir/home/alfaugus/raspberry/pico/pico-sdk/lib/cyw43-driver/src/cyw43_ll.c.obj
 .text.cyw43_write_backplane
                0x000000001000ff5c      0x104 CMakeFiles/drone_tcp.dir/home/alfaugus/raspberry/pico/pico-sdk/lib/cyw43-driver/src/cyw43_ll.c.obj
 .text.reset_device_core.constprop.0
                0x0000000010010060      0x3f0 CMakeFiles/drone_tcp.dir/home/alfaugus/raspberry/pico/pico-sdk/lib/cyw43-driver/src/cyw43_ll.c.obj
 .text.cyw43_ll_init
                0x0000000010010450       0x1c CMakeFiles/drone_tcp.dir/home/alfaugus/raspberry/pico/pico-sdk/lib/cyw43-driver/src/cyw43_ll.c.obj
                0x0000000010010450                cyw43_ll_init
 .text.cyw43_ll_deinit
                0x000000001001046c        0x8 CMakeFiles/drone_tcp.dir/home/alfaugus/raspberry/pico/pico-sdk/lib/cyw43-driver/src/cyw43_ll.c.obj
                0x000000001001046c                cyw43_ll_deinit
 .text.cyw43_ll_send_ethernet
                0x0000000010010474       0x60 CMakeFiles/drone_tcp.dir/home/alfaugus/raspberry/pico/pico-sdk/lib/cyw43-driver/src/cyw43_ll.c.obj
                0x0000000010010474                cyw43_ll_send_ethernet
 .text.cyw43_ll_process_packets
                0x00000000100104d4       0x54 CMakeFiles/drone_tcp.dir/home/alfaugus/raspberry/pico/pico-sdk/lib/cyw43-driver/src/cyw43_ll.c.obj
                0x00000000100104d4                cyw43_ll_process_packets
 .text.cyw43_ll_ioctl
                0x0000000010010528       0x80 CMakeFiles/drone_tcp.dir/home/alfaugus/raspberry/pico/pico-sdk/lib/cyw43-driver/src/cyw43_ll.c.obj
                0x0000000010010528                cyw43_ll_ioctl
 .text.cyw43_ll_bus_sleep
                0x00000000100105a8       0x34 CMakeFiles/drone_tcp.dir/home/alfaugus/raspberry/pico/pico-sdk/lib/cyw43-driver/src/cyw43_ll.c.obj
                0x00000000100105a8                cyw43_ll_bus_sleep
 .text.cyw43_ll_wifi_on
                0x00000000100105dc      0x220 CMakeFiles/drone_tcp.dir/home/alfaugus/raspberry/pico/pico-sdk/lib/cyw43-driver/src/cyw43_ll.c.obj
                0x00000000100105dc                cyw43_ll_wifi_on
 .text.cyw43_ll_wifi_get_mac
                0x00000000100107fc       0x74 CMakeFiles/drone_tcp.dir/home/alfaugus/raspberry/pico/pico-sdk/lib/cyw43-driver/src/cyw43_ll.c.obj
                0x00000000100107fc                cyw43_ll_wifi_get_mac
 .text.cyw43_ll_bus_init
                0x0000000010010870      0x90c CMakeFiles/drone_tcp.dir/home/alfaugus/raspberry/pico/pico-sdk/lib/cyw43-driver/src/cyw43_ll.c.obj
                0x0000000010010870                cyw43_ll_bus_init
 .text.cyw43_ll_wifi_pm
                0x000000001001117c      0x138 CMakeFiles/drone_tcp.dir/home/alfaugus/raspberry/pico/pico-sdk/lib/cyw43-driver/src/cyw43_ll.c.obj
                0x000000001001117c                cyw43_ll_wifi_pm
 .text.cyw43_ll_wifi_join
                0x00000000100112b4      0x4c4 CMakeFiles/drone_tcp.dir/home/alfaugus/raspberry/pico/pico-sdk/lib/cyw43-driver/src/cyw43_ll.c.obj
                0x00000000100112b4                cyw43_ll_wifi_join
 .text.cyw43_ll_wifi_set_wpa_auth
                0x0000000010011778       0x4c CMakeFiles/drone_tcp.dir/home/alfaugus/raspberry/pico/pico-sdk/lib/cyw43-driver/src/cyw43_ll.c.obj
                0x0000000010011778                cyw43_ll_wifi_set_wpa_auth
 .text.cyw43_ll_wifi_rejoin
                0x00000000100117c4       0x58 CMakeFiles/drone_tcp.dir/home/alfaugus/raspberry/pico/pico-sdk/lib/cyw43-driver/src/cyw43_ll.c.obj
                0x00000000100117c4                cyw43_ll_wifi_rejoin
 .text.cyw43_ll_wifi_ap_init
                0x000000001001181c      0x430 CMakeFiles/drone_tcp.dir/home/alfaugus/raspberry/pico/pico-sdk/lib/cyw43-driver/src/cyw43_ll.c.obj
                0x000000001001181c                cyw43_ll_wifi_ap_init
 .text.cyw43_ll_wifi_ap_set_up
                0x0000000010011c4c       0x80 CMakeFiles/drone_tcp.dir/home/alfaugus/raspberry/pico/pico-sdk/lib/cyw43-driver/src/cyw43_ll.c.obj
                0x0000000010011c4c                cyw43_ll_wifi_ap_set_up
 .text.cyw43_ll_gpio_set
                0x0000000010011ccc       0x9c CMakeFiles/drone_tcp.dir/home/alfaugus/raspberry/pico/pico-sdk/lib/cyw43-driver/src/cyw43_ll.c.obj
                0x0000000010011ccc                cyw43_ll_gpio_set
 .text.cyw43_ll_has_work
                0x0000000010011d68       0x14 CMakeFiles/drone_tcp.dir/home/alfaugus/raspberry/pico/pico-sdk/lib/cyw43-driver/src/cyw43_ll.c.obj
                0x0000000010011d68                cyw43_ll_has_work
 .text.cyw43_netif_init
                0x0000000010011d7c       0x3c CMakeFiles/drone_tcp.dir/home/alfaugus/raspberry/pico/pico-sdk/lib/cyw43-driver/src/cyw43_lwip.c.obj
 .text.cyw43_netif_output
                0x0000000010011db8       0x34 CMakeFiles/drone_tcp.dir/home/alfaugus/raspberry/pico/pico-sdk/lib/cyw43-driver/src/cyw43_lwip.c.obj
 .text.cyw43_cb_tcpip_init
                0x0000000010011dec       0xfc CMakeFiles/drone_tcp.dir/home/alfaugus/raspberry/pico/pico-sdk/lib/cyw43-driver/src/cyw43_lwip.c.obj
                0x0000000010011dec                cyw43_cb_tcpip_init
 .text.cyw43_cb_tcpip_deinit
                0x0000000010011ee8       0x4c CMakeFiles/drone_tcp.dir/home/alfaugus/raspberry/pico/pico-sdk/lib/cyw43-driver/src/cyw43_lwip.c.obj
                0x0000000010011ee8                cyw43_cb_tcpip_deinit
 .text.cyw43_cb_process_ethernet
                0x0000000010011f34       0x68 CMakeFiles/drone_tcp.dir/home/alfaugus/raspberry/pico/pico-sdk/lib/cyw43-driver/src/cyw43_lwip.c.obj
                0x0000000010011f34                cyw43_cb_process_ethernet
 .text.cyw43_cb_tcpip_set_link_up
                0x0000000010011f9c       0x18 CMakeFiles/drone_tcp.dir/home/alfaugus/raspberry/pico/pico-sdk/lib/cyw43-driver/src/cyw43_lwip.c.obj
                0x0000000010011f9c                cyw43_cb_tcpip_set_link_up
 .text.cyw43_cb_tcpip_set_link_down
                0x0000000010011fb4       0x18 CMakeFiles/drone_tcp.dir/home/alfaugus/raspberry/pico/pico-sdk/lib/cyw43-driver/src/cyw43_lwip.c.obj
                0x0000000010011fb4                cyw43_cb_tcpip_set_link_down
 .text.cyw43_tcpip_link_status
                0x0000000010011fcc       0x34 CMakeFiles/drone_tcp.dir/home/alfaugus/raspberry/pico/pico-sdk/lib/cyw43-driver/src/cyw43_lwip.c.obj
                0x0000000010011fcc                cyw43_tcpip_link_status
 .text.cyw43_poll_func
                0x0000000010012000       0xc0 CMakeFiles/drone_tcp.dir/home/alfaugus/raspberry/pico/pico-sdk/lib/cyw43-driver/src/cyw43_ctrl.c.obj
 .text.cyw43_init
                0x00000000100120c0       0x6c CMakeFiles/drone_tcp.dir/home/alfaugus/raspberry/pico/pico-sdk/lib/cyw43-driver/src/cyw43_ctrl.c.obj
                0x00000000100120c0                cyw43_init
 .text.cyw43_deinit
                0x000000001001212c       0x90 CMakeFiles/drone_tcp.dir/home/alfaugus/raspberry/pico/pico-sdk/lib/cyw43-driver/src/cyw43_ctrl.c.obj
                0x000000001001212c                cyw43_deinit
 .text.cyw43_cb_read_host_interrupt_pin
                0x00000000100121bc        0xc CMakeFiles/drone_tcp.dir/home/alfaugus/raspberry/pico/pico-sdk/lib/cyw43-driver/src/cyw43_ctrl.c.obj
                0x00000000100121bc                cyw43_cb_read_host_interrupt_pin
 .text.cyw43_cb_ensure_awake
                0x00000000100121c8        0xc CMakeFiles/drone_tcp.dir/home/alfaugus/raspberry/pico/pico-sdk/lib/cyw43-driver/src/cyw43_ctrl.c.obj
                0x00000000100121c8                cyw43_cb_ensure_awake
 .text.cyw43_cb_process_async_event
                0x00000000100121d4      0x228 CMakeFiles/drone_tcp.dir/home/alfaugus/raspberry/pico/pico-sdk/lib/cyw43-driver/src/cyw43_ctrl.c.obj
                0x00000000100121d4                cyw43_cb_process_async_event
 .text.cyw43_send_ethernet
                0x00000000100123fc       0xc0 CMakeFiles/drone_tcp.dir/home/alfaugus/raspberry/pico/pico-sdk/lib/cyw43-driver/src/cyw43_ctrl.c.obj
                0x00000000100123fc                cyw43_send_ethernet
 .text.cyw43_wifi_get_mac
                0x00000000100124bc       0x10 CMakeFiles/drone_tcp.dir/home/alfaugus/raspberry/pico/pico-sdk/lib/cyw43-driver/src/cyw43_ctrl.c.obj
                0x00000000100124bc                cyw43_wifi_get_mac
 .text.cyw43_wifi_set_up
                0x00000000100124cc      0x338 CMakeFiles/drone_tcp.dir/home/alfaugus/raspberry/pico/pico-sdk/lib/cyw43-driver/src/cyw43_ctrl.c.obj
                0x00000000100124cc                cyw43_wifi_set_up
 .text.cyw43_wifi_link_status
                0x0000000010012804       0x3c CMakeFiles/drone_tcp.dir/home/alfaugus/raspberry/pico/pico-sdk/lib/cyw43-driver/src/cyw43_ctrl.c.obj
                0x0000000010012804                cyw43_wifi_link_status
 .text.cyw43_wifi_join
                0x0000000010012840       0xf4 CMakeFiles/drone_tcp.dir/home/alfaugus/raspberry/pico/pico-sdk/lib/cyw43-driver/src/cyw43_ctrl.c.obj
                0x0000000010012840                cyw43_wifi_join
 .text.cyw43_gpio_set
                0x0000000010012934       0xa0 CMakeFiles/drone_tcp.dir/home/alfaugus/raspberry/pico/pico-sdk/lib/cyw43-driver/src/cyw43_ctrl.c.obj
                0x0000000010012934                cyw43_gpio_set
 .text.pio_sm_unclaim
                0x00000000100129d4       0x20 CMakeFiles/drone_tcp.dir/home/alfaugus/raspberry/pico/pico-sdk/src/rp2_common/hardware_pio/pio.c.obj
                0x00000000100129d4                pio_sm_unclaim
 .text.pio_claim_unused_sm
                0x00000000100129f4       0x38 CMakeFiles/drone_tcp.dir/home/alfaugus/raspberry/pico/pico-sdk/src/rp2_common/hardware_pio/pio.c.obj
                0x00000000100129f4                pio_claim_unused_sm
 .text.pio_can_add_program
                0x0000000010012a2c       0x6c CMakeFiles/drone_tcp.dir/home/alfaugus/raspberry/pico/pico-sdk/src/rp2_common/hardware_pio/pio.c.obj
                0x0000000010012a2c                pio_can_add_program
 .text.pio_add_program
                0x0000000010012a98       0xf4 CMakeFiles/drone_tcp.dir/home/alfaugus/raspberry/pico/pico-sdk/src/rp2_common/hardware_pio/pio.c.obj
                0x0000000010012a98                pio_add_program
 .text.pio_remove_program
                0x0000000010012b8c       0x34 CMakeFiles/drone_tcp.dir/home/alfaugus/raspberry/pico/pico-sdk/src/rp2_common/hardware_pio/pio.c.obj
                0x0000000010012b8c                pio_remove_program
 .text.pio_sm_set_pindirs_with_mask
                0x0000000010012bc0       0xa4 CMakeFiles/drone_tcp.dir/home/alfaugus/raspberry/pico/pico-sdk/src/rp2_common/hardware_pio/pio.c.obj
                0x0000000010012bc0                pio_sm_set_pindirs_with_mask
 .text.pio_sm_set_consecutive_pindirs
                0x0000000010012c64       0xbc CMakeFiles/drone_tcp.dir/home/alfaugus/raspberry/pico/pico-sdk/src/rp2_common/hardware_pio/pio.c.obj
                0x0000000010012c64                pio_sm_set_consecutive_pindirs
 .text.dma_channel_unclaim
                0x0000000010012d20       0x10 CMakeFiles/drone_tcp.dir/home/alfaugus/raspberry/pico/pico-sdk/src/rp2_common/hardware_dma/dma.c.obj
                0x0000000010012d20                dma_channel_unclaim
 .text.dma_claim_unused_channel
                0x0000000010012d30       0x20 CMakeFiles/drone_tcp.dir/home/alfaugus/raspberry/pico/pico-sdk/src/rp2_common/hardware_dma/dma.c.obj
                0x0000000010012d30                dma_claim_unused_channel
 .text.dma_channel_cleanup
                0x0000000010012d50       0x64 CMakeFiles/drone_tcp.dir/home/alfaugus/raspberry/pico/pico-sdk/src/rp2_common/hardware_dma/dma.c.obj
                0x0000000010012d50                dma_channel_cleanup
 .text.cyw43_sleep_timeout_reached
                0x0000000010012db4       0x10 CMakeFiles/drone_tcp.dir/home/alfaugus/raspberry/pico/pico-sdk/src/rp2_common/pico_cyw43_driver/cyw43_driver.c.obj
 .text.cyw43_irq_init
                0x0000000010012dc4       0x28 CMakeFiles/drone_tcp.dir/home/alfaugus/raspberry/pico/pico-sdk/src/rp2_common/pico_cyw43_driver/cyw43_driver.c.obj
                0x0000000010012dc4                cyw43_irq_init
 .text.cyw43_irq_deinit
                0x0000000010012dec       0x20 CMakeFiles/drone_tcp.dir/home/alfaugus/raspberry/pico/pico-sdk/src/rp2_common/pico_cyw43_driver/cyw43_driver.c.obj
                0x0000000010012dec                cyw43_irq_deinit
 .text.cyw43_gpio_irq_handler
                0x0000000010012e0c       0x44 CMakeFiles/drone_tcp.dir/home/alfaugus/raspberry/pico/pico-sdk/src/rp2_common/pico_cyw43_driver/cyw43_driver.c.obj
 .text.cyw43_do_poll
                0x0000000010012e50       0x6c CMakeFiles/drone_tcp.dir/home/alfaugus/raspberry/pico/pico-sdk/src/rp2_common/pico_cyw43_driver/cyw43_driver.c.obj
 .text.cyw43_post_poll_hook
                0x0000000010012ebc       0x10 CMakeFiles/drone_tcp.dir/home/alfaugus/raspberry/pico/pico-sdk/src/rp2_common/pico_cyw43_driver/cyw43_driver.c.obj
                0x0000000010012ebc                cyw43_post_poll_hook
 .text.cyw43_schedule_internal_poll_dispatch
                0x0000000010012ecc       0x18 CMakeFiles/drone_tcp.dir/home/alfaugus/raspberry/pico/pico-sdk/src/rp2_common/pico_cyw43_driver/cyw43_driver.c.obj
                0x0000000010012ecc                cyw43_schedule_internal_poll_dispatch
 .text.cyw43_driver_init
                0x0000000010012ee4       0x38 CMakeFiles/drone_tcp.dir/home/alfaugus/raspberry/pico/pico-sdk/src/rp2_common/pico_cyw43_driver/cyw43_driver.c.obj
                0x0000000010012ee4                cyw43_driver_init
 .text.cyw43_driver_deinit
                0x0000000010012f1c       0x44 CMakeFiles/drone_tcp.dir/home/alfaugus/raspberry/pico/pico-sdk/src/rp2_common/pico_cyw43_driver/cyw43_driver.c.obj
                0x0000000010012f1c                cyw43_driver_deinit
 .text.cyw43_hal_generate_laa_mac
                0x0000000010012f60       0x28 CMakeFiles/drone_tcp.dir/home/alfaugus/raspberry/pico/pico-sdk/src/rp2_common/pico_cyw43_driver/cyw43_driver.c.obj
                0x0000000010012f60                cyw43_hal_generate_laa_mac
 .text.cyw43_hal_get_mac
                0x0000000010012f88       0x1c CMakeFiles/drone_tcp.dir/home/alfaugus/raspberry/pico/pico-sdk/src/rp2_common/pico_cyw43_driver/cyw43_driver.c.obj
                0x0000000010012f88                cyw43_hal_get_mac
 .text.cyw43_thread_enter
                0x0000000010012fa4       0x14 CMakeFiles/drone_tcp.dir/home/alfaugus/raspberry/pico/pico-sdk/src/rp2_common/pico_cyw43_driver/cyw43_driver.c.obj
                0x0000000010012fa4                cyw43_thread_enter
 .text.cyw43_thread_exit
                0x0000000010012fb8       0x14 CMakeFiles/drone_tcp.dir/home/alfaugus/raspberry/pico/pico-sdk/src/rp2_common/pico_cyw43_driver/cyw43_driver.c.obj
                0x0000000010012fb8                cyw43_thread_exit
 .text.cyw43_await_background_or_timeout_us
                0x0000000010012fcc       0x60 CMakeFiles/drone_tcp.dir/home/alfaugus/raspberry/pico/pico-sdk/src/rp2_common/pico_cyw43_driver/cyw43_driver.c.obj
                0x0000000010012fcc                cyw43_await_background_or_timeout_us
 .text.cyw43_delay_ms
                0x000000001001302c       0x44 CMakeFiles/drone_tcp.dir/home/alfaugus/raspberry/pico/pico-sdk/src/rp2_common/pico_cyw43_driver/cyw43_driver.c.obj
                0x000000001001302c                cyw43_delay_ms
 .text.cyw43_delay_us
                0x0000000010013070       0x34 CMakeFiles/drone_tcp.dir/home/alfaugus/raspberry/pico/pico-sdk/src/rp2_common/pico_cyw43_driver/cyw43_driver.c.obj
                0x0000000010013070                cyw43_delay_us
 .text.async_context_threadsafe_background_acquire_lock_blocking
                0x00000000100130a4        0xc CMakeFiles/drone_tcp.dir/home/alfaugus/raspberry/pico/pico-sdk/src/rp2_common/pico_async_context/async_context_threadsafe_background.c.obj
 .text.alarm_handler
                0x00000000100130b0       0x20 CMakeFiles/drone_tcp.dir/home/alfaugus/raspberry/pico/pico-sdk/src/rp2_common/pico_async_context/async_context_threadsafe_background.c.obj
 .text.async_context_threadsafe_background_set_work_pending
                0x00000000100130d0       0x1c CMakeFiles/drone_tcp.dir/home/alfaugus/raspberry/pico/pico-sdk/src/rp2_common/pico_async_context/async_context_threadsafe_background.c.obj
 .text.process_under_lock
                0x00000000100130ec       0xc8 CMakeFiles/drone_tcp.dir/home/alfaugus/raspberry/pico/pico-sdk/src/rp2_common/pico_async_context/async_context_threadsafe_background.c.obj
 .text.async_context_threadsafe_background_execute_sync
                0x00000000100131b4       0x30 CMakeFiles/drone_tcp.dir/home/alfaugus/raspberry/pico/pico-sdk/src/rp2_common/pico_async_context/async_context_threadsafe_background.c.obj
                0x00000000100131b4                async_context_threadsafe_background_execute_sync
 .text.async_context_threadsafe_background_deinit
                0x00000000100131e4       0x54 CMakeFiles/drone_tcp.dir/home/alfaugus/raspberry/pico/pico-sdk/src/rp2_common/pico_async_context/async_context_threadsafe_background.c.obj
 .text.low_priority_irq_handler
                0x0000000010013238       0x3c CMakeFiles/drone_tcp.dir/home/alfaugus/raspberry/pico/pico-sdk/src/rp2_common/pico_async_context/async_context_threadsafe_background.c.obj
 .text.async_context_threadsafe_background_wait_for_work_until
                0x0000000010013274        0xc CMakeFiles/drone_tcp.dir/home/alfaugus/raspberry/pico/pico-sdk/src/rp2_common/pico_async_context/async_context_threadsafe_background.c.obj
 .text.async_context_threadsafe_background_wait_until
                0x0000000010013280       0x1c CMakeFiles/drone_tcp.dir/home/alfaugus/raspberry/pico/pico-sdk/src/rp2_common/pico_async_context/async_context_threadsafe_background.c.obj
 .text.async_context_threadsafe_background_lock_check
                0x000000001001329c       0x28 CMakeFiles/drone_tcp.dir/home/alfaugus/raspberry/pico/pico-sdk/src/rp2_common/pico_async_context/async_context_threadsafe_background.c.obj
 .text.async_context_threadsafe_background_release_lock
                0x00000000100132c4       0x1c CMakeFiles/drone_tcp.dir/home/alfaugus/raspberry/pico/pico-sdk/src/rp2_common/pico_async_context/async_context_threadsafe_background.c.obj
 .text.async_context_threadsafe_background_when_pending_worker
                0x00000000100132e0       0x34 CMakeFiles/drone_tcp.dir/home/alfaugus/raspberry/pico/pico-sdk/src/rp2_common/pico_async_context/async_context_threadsafe_background.c.obj
 .text.async_context_threadsafe_background_remove_at_time_worker
                0x0000000010013314       0x34 CMakeFiles/drone_tcp.dir/home/alfaugus/raspberry/pico/pico-sdk/src/rp2_common/pico_async_context/async_context_threadsafe_background.c.obj
 .text.async_context_threadsafe_background_add_when_pending_worker
                0x0000000010013348       0x34 CMakeFiles/drone_tcp.dir/home/alfaugus/raspberry/pico/pico-sdk/src/rp2_common/pico_async_context/async_context_threadsafe_background.c.obj
 .text.async_context_threadsafe_background_add_at_time_worker
                0x000000001001337c       0x34 CMakeFiles/drone_tcp.dir/home/alfaugus/raspberry/pico/pico-sdk/src/rp2_common/pico_async_context/async_context_threadsafe_background.c.obj
 .text.async_context_threadsafe_background_default_config
                0x00000000100133b0        0xc CMakeFiles/drone_tcp.dir/home/alfaugus/raspberry/pico/pico-sdk/src/rp2_common/pico_async_context/async_context_threadsafe_background.c.obj
                0x00000000100133b0                async_context_threadsafe_background_default_config
 .text.async_context_threadsafe_background_init
                0x00000000100133bc       0x8c CMakeFiles/drone_tcp.dir/home/alfaugus/raspberry/pico/pico-sdk/src/rp2_common/pico_async_context/async_context_threadsafe_background.c.obj
                0x00000000100133bc                async_context_threadsafe_background_init
 .text.first_per_core_initializer
                0x0000000010013448        0x4 CMakeFiles/drone_tcp.dir/home/alfaugus/raspberry/pico/pico-sdk/src/rp2_common/pico_runtime/runtime.c.obj
 .text.hard_assertion_failure
                0x000000001001344c        0xc CMakeFiles/drone_tcp.dir/home/alfaugus/raspberry/pico/pico-sdk/src/rp2_common/pico_runtime/runtime.c.obj
                0x000000001001344c                hard_assertion_failure
 .text.runtime_run_initializers
                0x0000000010013458       0x28 CMakeFiles/drone_tcp.dir/home/alfaugus/raspberry/pico/pico-sdk/src/rp2_common/pico_runtime/runtime.c.obj
                0x0000000010013458                runtime_run_initializers
 .text.runtime_init_early_resets
                0x0000000010013480       0x2c CMakeFiles/drone_tcp.dir/home/alfaugus/raspberry/pico/pico-sdk/src/rp2_common/pico_runtime_init/runtime_init.c.obj
                0x0000000010013480                runtime_init_early_resets
 .text.runtime_init_usb_power_down
                0x00000000100134ac       0x1c CMakeFiles/drone_tcp.dir/home/alfaugus/raspberry/pico/pico-sdk/src/rp2_common/pico_runtime_init/runtime_init.c.obj
                0x00000000100134ac                runtime_init_usb_power_down
 .text.runtime_init_post_clock_resets
                0x00000000100134c8       0x20 CMakeFiles/drone_tcp.dir/home/alfaugus/raspberry/pico/pico-sdk/src/rp2_common/pico_runtime_init/runtime_init.c.obj
                0x00000000100134c8                runtime_init_post_clock_resets
 .text.runtime_init_rp2040_gpio_ie_disable
                0x00000000100134e8       0x14 CMakeFiles/drone_tcp.dir/home/alfaugus/raspberry/pico/pico-sdk/src/rp2_common/pico_runtime_init/runtime_init.c.obj
                0x00000000100134e8                runtime_init_rp2040_gpio_ie_disable
 .text.runtime_init_spin_locks_reset
                0x00000000100134fc        0x8 CMakeFiles/drone_tcp.dir/home/alfaugus/raspberry/pico/pico-sdk/src/rp2_common/pico_runtime_init/runtime_init.c.obj
                0x00000000100134fc                runtime_init_spin_locks_reset
 .text.runtime_init_install_ram_vector_table
                0x0000000010013504       0x1c CMakeFiles/drone_tcp.dir/home/alfaugus/raspberry/pico/pico-sdk/src/rp2_common/pico_runtime_init/runtime_init.c.obj
                0x0000000010013504                runtime_init_install_ram_vector_table
 .text.runtime_init_clocks
                0x0000000010013520       0xd8 CMakeFiles/drone_tcp.dir/home/alfaugus/raspberry/pico/pico-sdk/src/rp2_common/pico_runtime_init/runtime_init_clocks.c.obj
                0x0000000010013520                runtime_init_clocks
 .text          0x00000000100135f8       0x10 CMakeFiles/drone_tcp.dir/home/alfaugus/raspberry/pico/pico-sdk/src/rp2_common/pico_bit_ops/bit_ops_aeabi.S.obj
 .text.ctzsi    0x0000000010013608        0xc CMakeFiles/drone_tcp.dir/home/alfaugus/raspberry/pico/pico-sdk/src/rp2_common/pico_bit_ops/bit_ops_aeabi.S.obj
                0x0000000010013608                __wrap___ctzsi2
 .text.__wrap___aeabi_idiv
                0x0000000010013614       0x50 CMakeFiles/drone_tcp.dir/home/alfaugus/raspberry/pico/pico-sdk/src/rp2_common/pico_divider/divider_hardware.S.obj
                0x0000000010013614                __wrap___aeabi_idivmod
                0x0000000010013614                divmod_s32s32
                0x0000000010013614                div_s32s32
                0x0000000010013614                __wrap___aeabi_idiv
                0x000000001001361c                divmod_s32s32_unsafe
                0x0000000010013648                divmod_s32s32_savestate
 .text.__wrap___aeabi_uidiv
                0x0000000010013664       0x4c CMakeFiles/drone_tcp.dir/home/alfaugus/raspberry/pico/pico-sdk/src/rp2_common/pico_divider/divider_hardware.S.obj
                0x0000000010013664                __wrap___aeabi_uidiv
                0x0000000010013664                __wrap___aeabi_uidivmod
                0x0000000010013664                div_u32u32
                0x0000000010013664                divmod_u32u32
                0x000000001001366c                divmod_u32u32_unsafe
                0x0000000010013694                divmod_u32u32_savestate
 .text.__wrap___aeabi_ldiv
                0x00000000100136b0      0x424 CMakeFiles/drone_tcp.dir/home/alfaugus/raspberry/pico/pico-sdk/src/rp2_common/pico_divider/divider_hardware.S.obj
                0x00000000100136b0                div_s64s64
                0x00000000100136b0                divmod_s64s64
                0x00000000100136b0                __wrap___aeabi_ldivmod
                0x00000000100136e0                div_u64u64
                0x00000000100136e0                divmod_u64u64
                0x00000000100136e0                __wrap___aeabi_uldivmod
                0x00000000100136f0                divmod_u64u64_savestate
                0x0000000010013710                divmod_s64s64_unsafe
                0x0000000010013798                divmod_u64u64_unsafe
 .text.__wrap___aeabi_darithmetic
                0x0000000010013ad4       0x60 CMakeFiles/drone_tcp.dir/home/alfaugus/raspberry/pico/pico-sdk/src/rp2_common/pico_double/double_aeabi_rp2040.S.obj
                0x0000000010013ad4                __wrap___aeabi_drsub
                0x0000000010013ada                __wrap___aeabi_dsub
                0x0000000010013ae4                __wrap___aeabi_dadd
                0x0000000010013aee                __wrap___aeabi_ddiv
                0x0000000010013b22                __wrap___aeabi_dmul
 .text.__wrap___aeabi_cdcmple